Java HotSpot(TM) 64-Bit Server VM (25.144-b01) for bsd-amd64 JRE (1.8.0_144-b01), built on Jul 21 2017 22:07:42 by "java_re" with gcc 4.2.1 (Based on Apple Inc. build 5658) (LLVM build 2336.11.00)
Memory: 4k page, physical 8388608k(230012k free)

/proc/meminfo:

CommandLine flags: -XX:+ExplicitGCInvokesConcurrent -XX:GCLogFileSize=104857600 -XX:InitialHeapSize=1073741824 -XX:InitiatingHeapOccupancyPercent=35 -XX:+ManagementServer -XX:MaxGCPauseMillis=20 -XX:MaxHeapSize=1073741824 -XX:MaxInlineLevel=15 -XX:NumberOfGCLogFiles=10 -XX:+PrintGC -XX:+PrintGCDateStamps -XX:+PrintGCDetails -XX:+PrintGCTimeStamps -XX:+UseCompressedClassPointers -XX:+UseCompressedOops -XX:+UseG1GC -XX:+UseGCLogFileRotation 
2024-02-13T23:53:25.305+0300: 1.149: [GC pause (G1 Evacuation Pause) (young), 0.0113729 secs]
   [Parallel Time: 6.7 ms, GC Workers: 4]
      [GC Worker Start (ms): Min: 1148.6, Avg: 1149.0, Max: 1150.3, Diff: 1.7]
      [Ext Root Scanning (ms): Min: 0.0, Avg: 0.7, Max: 1.7, Diff: 1.7, Sum: 2.8]
      [Update RS (ms): Min: 0.0, Avg: 0.0, Max: 0.0, Diff: 0.0, Sum: 0.0]
         [Processed Buffers: Min: 0, Avg: 0.0, Max: 0, Diff: 0, Sum: 0]
      [Scan RS (ms): Min: 0.0, Avg: 0.0, Max: 0.0, Diff: 0.0, Sum: 0.0]
      [Code Root Scanning (ms): Min: 0.0, Avg: 0.3, Max: 0.7, Diff: 0.7, Sum: 1.2]
      [Object Copy (ms): Min: 4.9, Avg: 5.2, Max: 5.5, Diff: 0.6, Sum: 20.6]
      [Termination (ms): Min: 0.0, Avg: 0.0, Max: 0.0, Diff: 0.0, Sum: 0.0]
         [Termination Attempts: Min: 1, Avg: 5.5, Max: 8, Diff: 7, Sum: 22]
      [GC Worker Other (ms): Min: 0.0, Avg: 0.0, Max: 0.0, Diff: 0.0, Sum: 0.1]
      [GC Worker Total (ms): Min: 4.9, Avg: 6.2, Max: 6.6, Diff: 1.7, Sum: 24.7]
      [GC Worker End (ms): Min: 1155.2, Avg: 1155.2, Max: 1155.2, Diff: 0.0]
   [Code Root Fixup: 0.3 ms]
   [Code Root Purge: 0.0 ms]
   [Clear CT: 0.1 ms]
   [Other: 4.3 ms]
      [Choose CSet: 0.0 ms]
      [Ref Proc: 4.0 ms]
      [Ref Enq: 0.0 ms]
      [Redirty Cards: 0.1 ms]
      [Humongous Register: 0.0 ms]
      [Humongous Reclaim: 0.0 ms]
      [Free CSet: 0.0 ms]
   [Eden: 51.0M(51.0M)->0.0B(44.0M) Survivors: 0.0B->7168.0K Heap: 51.0M(1024.0M)->8797.0K(1024.0M)]
 [Times: user=0.03 sys=0.01, real=0.01 secs] 
2024-02-13T23:53:25.653+0300: 1.497: [GC pause (Metadata GC Threshold) (young) (initial-mark), 0.0081256 secs]
   [Parallel Time: 6.6 ms, GC Workers: 4]
      [GC Worker Start (ms): Min: 1496.6, Avg: 1496.7, Max: 1496.8, Diff: 0.2]
      [Ext Root Scanning (ms): Min: 0.9, Avg: 1.4, Max: 1.7, Diff: 0.8, Sum: 5.6]
      [Update RS (ms): Min: 0.0, Avg: 0.1, Max: 0.2, Diff: 0.2, Sum: 0.2]
         [Processed Buffers: Min: 0, Avg: 0.2, Max: 1, Diff: 1, Sum: 1]
      [Scan RS (ms): Min: 0.0, Avg: 0.0, Max: 0.0, Diff: 0.0, Sum: 0.0]
      [Code Root Scanning (ms): Min: 0.0, Avg: 0.3, Max: 1.2, Diff: 1.2, Sum: 1.2]
      [Object Copy (ms): Min: 3.6, Avg: 4.7, Max: 5.4, Diff: 1.8, Sum: 18.9]
      [Termination (ms): Min: 0.0, Avg: 0.0, Max: 0.0, Diff: 0.0, Sum: 0.0]
         [Termination Attempts: Min: 1, Avg: 2.0, Max: 4, Diff: 3, Sum: 8]
      [GC Worker Other (ms): Min: 0.0, Avg: 0.0, Max: 0.0, Diff: 0.0, Sum: 0.1]
      [GC Worker Total (ms): Min: 6.4, Avg: 6.5, Max: 6.5, Diff: 0.2, Sum: 25.9]
      [GC Worker End (ms): Min: 1503.2, Avg: 1503.2, Max: 1503.2, Diff: 0.0]
   [Code Root Fixup: 0.2 ms]
   [Code Root Purge: 0.0 ms]
   [Clear CT: 0.1 ms]
   [Other: 1.2 ms]
      [Choose CSet: 0.0 ms]
      [Ref Proc: 0.9 ms]
      [Ref Enq: 0.0 ms]
      [Redirty Cards: 0.0 ms]
      [Humongous Register: 0.0 ms]
      [Humongous Reclaim: 0.0 ms]
      [Free CSet: 0.1 ms]
   [Eden: 26.0M(44.0M)->0.0B(46.0M) Survivors: 7168.0K->5120.0K Heap: 34.1M(1024.0M)->10.4M(1024.0M)]
 [Times: user=0.02 sys=0.00, real=0.01 secs] 
2024-02-13T23:53:25.661+0300: 1.505: [GC concurrent-root-region-scan-start]
2024-02-13T23:53:25.665+0300: 1.508: [GC concurrent-root-region-scan-end, 0.0036168 secs]
2024-02-13T23:53:25.665+0300: 1.508: [GC concurrent-mark-start]
2024-02-13T23:53:25.673+0300: 1.516: [GC concurrent-mark-end, 0.0077324 secs]
2024-02-13T23:53:25.673+0300: 1.516: [GC remark 2024-02-13T23:53:25.673+0300: 1.516: [Finalize Marking, 0.0008916 secs] 2024-02-13T23:53:25.674+0300: 1.517: [GC ref-proc, 0.0001208 secs] 2024-02-13T23:53:25.674+0300: 1.517: [Unloading, 0.0031781 secs], 0.0045364 secs]
 [Times: user=0.01 sys=0.00, real=0.00 secs] 
2024-02-13T23:53:25.677+0300: 1.521: [GC cleanup 11M->10M(1024M), 0.0008198 secs]
 [Times: user=0.01 sys=0.00, real=0.00 secs] 
2024-02-13T23:53:25.678+0300: 1.522: [GC concurrent-cleanup-start]
2024-02-13T23:53:25.678+0300: 1.522: [GC concurrent-cleanup-end, 0.0000129 secs]
2024-02-13T23:53:26.788+0300: 2.631: [GC pause (G1 Evacuation Pause) (young), 0.0115518 secs]
   [Parallel Time: 8.5 ms, GC Workers: 4]
      [GC Worker Start (ms): Min: 2631.4, Avg: 2632.2, Max: 2633.2, Diff: 1.7]
      [Ext Root Scanning (ms): Min: 0.6, Avg: 3.4, Max: 8.4, Diff: 7.8, Sum: 13.7]
      [Update RS (ms): Min: 0.0, Avg: 0.6, Max: 0.9, Diff: 0.9, Sum: 2.5]
         [Processed Buffers: Min: 0, Avg: 2.8, Max: 7, Diff: 7, Sum: 11]
      [Scan RS (ms): Min: 0.0, Avg: 0.3, Max: 0.8, Diff: 0.8, Sum: 1.0]
      [Code Root Scanning (ms): Min: 0.0, Avg: 0.1, Max: 0.4, Diff: 0.4, Sum: 0.6]
      [Object Copy (ms): Min: 0.0, Avg: 2.6, Max: 3.8, Diff: 3.8, Sum: 10.5]
      [Termination (ms): Min: 0.0, Avg: 0.6, Max: 0.8, Diff: 0.8, Sum: 2.4]
         [Termination Attempts: Min: 1, Avg: 1.0, Max: 1, Diff: 0, Sum: 4]
      [GC Worker Other (ms): Min: 0.0, Avg: 0.0, Max: 0.0, Diff: 0.0, Sum: 0.1]
      [GC Worker Total (ms): Min: 6.8, Avg: 7.7, Max: 8.4, Diff: 1.7, Sum: 30.8]
      [GC Worker End (ms): Min: 2639.9, Avg: 2639.9, Max: 2639.9, Diff: 0.1]
   [Code Root Fixup: 0.2 ms]
   [Code Root Purge: 0.0 ms]
   [Clear CT: 0.1 ms]
   [Other: 2.8 ms]
      [Choose CSet: 0.0 ms]
      [Ref Proc: 2.4 ms]
      [Ref Enq: 0.1 ms]
      [Redirty Cards: 0.1 ms]
      [Humongous Register: 0.0 ms]
      [Humongous Reclaim: 0.0 ms]
      [Free CSet: 0.0 ms]
   [Eden: 46.0M(46.0M)->0.0B(44.0M) Survivors: 5120.0K->7168.0K Heap: 183.4M(1024.0M)->139.9M(1024.0M)]
 [Times: user=0.02 sys=0.01, real=0.01 secs] 
2024-02-13T23:53:27.413+0300: 3.257: [GC pause (G1 Evacuation Pause) (young), 0.0163145 secs]
   [Parallel Time: 12.4 ms, GC Workers: 4]
      [GC Worker Start (ms): Min: 3257.1, Avg: 3257.6, Max: 3259.3, Diff: 2.2]
      [Ext Root Scanning (ms): Min: 0.0, Avg: 1.0, Max: 1.7, Diff: 1.7, Sum: 4.1]
      [Update RS (ms): Min: 0.0, Avg: 0.4, Max: 0.6, Diff: 0.6, Sum: 1.5]
         [Processed Buffers: Min: 0, Avg: 3.0, Max: 5, Diff: 5, Sum: 12]
      [Scan RS (ms): Min: 0.0, Avg: 0.0, Max: 0.0, Diff: 0.0, Sum: 0.0]
      [Code Root Scanning (ms): Min: 0.0, Avg: 0.6, Max: 2.2, Diff: 2.2, Sum: 2.5]
      [Object Copy (ms): Min: 6.9, Avg: 8.9, Max: 10.5, Diff: 3.6, Sum: 35.5]
      [Termination (ms): Min: 0.0, Avg: 0.7, Max: 1.0, Diff: 1.0, Sum: 2.6]
         [Termination Attempts: Min: 1, Avg: 1.5, Max: 2, Diff: 1, Sum: 6]
      [GC Worker Other (ms): Min: 0.0, Avg: 0.0, Max: 0.0, Diff: 0.0, Sum: 0.1]
      [GC Worker Total (ms): Min: 9.9, Avg: 11.6, Max: 12.3, Diff: 2.5, Sum: 46.3]
      [GC Worker End (ms): Min: 3269.1, Avg: 3269.2, Max: 3269.4, Diff: 0.3]
   [Code Root Fixup: 0.2 ms]
   [Code Root Purge: 0.0 ms]
   [Clear CT: 0.1 ms]
   [Other: 3.7 ms]
      [Choose CSet: 0.0 ms]
      [Ref Proc: 3.3 ms]
      [Ref Enq: 0.0 ms]
      [Redirty Cards: 0.1 ms]
      [Humongous Register: 0.1 ms]
      [Humongous Reclaim: 0.0 ms]
      [Free CSet: 0.1 ms]
   [Eden: 44.0M(44.0M)->0.0B(44.0M) Survivors: 7168.0K->7168.0K Heap: 183.9M(1024.0M)->142.9M(1024.0M)]
 [Times: user=0.04 sys=0.00, real=0.02 secs] 
2024-02-13T23:53:27.827+0300: 3.670: [GC pause (Metadata GC Threshold) (young) (initial-mark), 0.0159044 secs]
   [Parallel Time: 14.4 ms, GC Workers: 4]
      [GC Worker Start (ms): Min: 3670.7, Avg: 3670.7, Max: 3670.8, Diff: 0.1]
      [Ext Root Scanning (ms): Min: 2.4, Avg: 2.6, Max: 3.1, Diff: 0.7, Sum: 10.4]
      [Update RS (ms): Min: 0.3, Avg: 0.5, Max: 0.6, Diff: 0.2, Sum: 1.9]
         [Processed Buffers: Min: 1, Avg: 2.8, Max: 5, Diff: 4, Sum: 11]
      [Scan RS (ms): Min: 0.0, Avg: 0.0, Max: 0.0, Diff: 0.0, Sum: 0.0]
      [Code Root Scanning (ms): Min: 0.0, Avg: 0.3, Max: 1.0, Diff: 1.0, Sum: 1.1]
      [Object Copy (ms): Min: 9.4, Avg: 10.1, Max: 10.4, Diff: 1.0, Sum: 40.4]
      [Termination (ms): Min: 0.0, Avg: 0.6, Max: 0.9, Diff: 0.9, Sum: 2.4]
         [Termination Attempts: Min: 1, Avg: 1.2, Max: 2, Diff: 1, Sum: 5]
      [GC Worker Other (ms): Min: 0.0, Avg: 0.0, Max: 0.0, Diff: 0.0, Sum: 0.1]
      [GC Worker Total (ms): Min: 14.0, Avg: 14.1, Max: 14.1, Diff: 0.2, Sum: 56.3]
      [GC Worker End (ms): Min: 3684.7, Avg: 3684.8, Max: 3684.9, Diff: 0.2]
   [Code Root Fixup: 0.2 ms]
   [Code Root Purge: 0.0 ms]
   [Clear CT: 0.1 ms]
   [Other: 1.3 ms]
      [Choose CSet: 0.0 ms]
      [Ref Proc: 0.5 ms]
      [Ref Enq: 0.0 ms]
      [Redirty Cards: 0.1 ms]
      [Humongous Register: 0.0 ms]
      [Humongous Reclaim: 0.0 ms]
      [Free CSet: 0.1 ms]
   [Eden: 21.0M(44.0M)->0.0B(44.0M) Survivors: 7168.0K->7168.0K Heap: 163.9M(1024.0M)->146.3M(1024.0M)]
 [Times: user=0.05 sys=0.00, real=0.02 secs] 
2024-02-13T23:53:27.843+0300: 3.687: [GC concurrent-root-region-scan-start]
2024-02-13T23:53:27.851+0300: 3.694: [GC concurrent-root-region-scan-end, 0.0078328 secs]
2024-02-13T23:53:27.851+0300: 3.694: [GC concurrent-mark-start]
2024-02-13T23:53:27.867+0300: 3.711: [GC concurrent-mark-end, 0.0162728 secs]
2024-02-13T23:53:27.867+0300: 3.711: [GC remark 2024-02-13T23:53:27.867+0300: 3.711: [Finalize Marking, 0.0001981 secs] 2024-02-13T23:53:27.868+0300: 3.711: [GC ref-proc, 0.0001217 secs] 2024-02-13T23:53:27.868+0300: 3.711: [Unloading, 0.0045765 secs], 0.0064652 secs]
 [Times: user=0.02 sys=0.00, real=0.01 secs] 
2024-02-13T23:53:27.874+0300: 3.717: [GC cleanup 148M->145M(1024M), 0.0009386 secs]
 [Times: user=0.00 sys=0.00, real=0.00 secs] 
2024-02-13T23:53:27.875+0300: 3.718: [GC concurrent-cleanup-start]
2024-02-13T23:53:27.875+0300: 3.718: [GC concurrent-cleanup-end, 0.0000118 secs]
2024-02-13T23:53:28.557+0300: 4.400: [GC pause (G1 Evacuation Pause) (young), 0.0212558 secs]
   [Parallel Time: 18.1 ms, GC Workers: 4]
      [GC Worker Start (ms): Min: 4400.4, Avg: 4401.2, Max: 4401.7, Diff: 1.3]
      [Ext Root Scanning (ms): Min: 1.0, Avg: 2.2, Max: 3.5, Diff: 2.5, Sum: 9.0]
      [Update RS (ms): Min: 0.2, Avg: 1.7, Max: 2.4, Diff: 2.2, Sum: 6.9]
         [Processed Buffers: Min: 3, Avg: 6.8, Max: 9, Diff: 6, Sum: 27]
      [Scan RS (ms): Min: 0.3, Avg: 0.4, Max: 0.6, Diff: 0.2, Sum: 1.6]
      [Code Root Scanning (ms): Min: 0.0, Avg: 1.3, Max: 4.7, Diff: 4.7, Sum: 5.2]
      [Object Copy (ms): Min: 8.2, Avg: 11.5, Max: 12.7, Diff: 4.5, Sum: 45.9]
      [Termination (ms): Min: 0.0, Avg: 0.0, Max: 0.0, Diff: 0.0, Sum: 0.0]
         [Termination Attempts: Min: 1, Avg: 2.8, Max: 6, Diff: 5, Sum: 11]
      [GC Worker Other (ms): Min: 0.0, Avg: 0.0, Max: 0.0, Diff: 0.0, Sum: 0.1]
      [GC Worker Total (ms): Min: 16.7, Avg: 17.2, Max: 18.0, Diff: 1.3, Sum: 68.7]
      [GC Worker End (ms): Min: 4418.4, Avg: 4418.4, Max: 4418.4, Diff: 0.0]
   [Code Root Fixup: 0.2 ms]
   [Code Root Purge: 0.0 ms]
   [Clear CT: 0.2 ms]
   [Other: 2.8 ms]
      [Choose CSet: 0.0 ms]
      [Ref Proc: 2.5 ms]
      [Ref Enq: 0.0 ms]
      [Redirty Cards: 0.0 ms]
      [Humongous Register: 0.0 ms]
      [Humongous Reclaim: 0.0 ms]
      [Free CSet: 0.0 ms]
   [Eden: 44.0M(44.0M)->0.0B(44.0M) Survivors: 7168.0K->7168.0K Heap: 187.3M(1024.0M)->148.0M(1024.0M)]
 [Times: user=0.07 sys=0.00, real=0.02 secs] 
2024-02-13T23:55:59.533+0300: 155.375: [GC pause (G1 Evacuation Pause) (young), 0.0836523 secs]
   [Parallel Time: 64.5 ms, GC Workers: 4]
      [GC Worker Start (ms): Min: 155385.7, Avg: 155385.9, Max: 155386.2, Diff: 0.5]
      [Ext Root Scanning (ms): Min: 2.7, Avg: 12.8, Max: 42.4, Diff: 39.7, Sum: 51.0]
      [Update RS (ms): Min: 0.0, Avg: 10.0, Max: 13.8, Diff: 13.8, Sum: 39.9]
         [Processed Buffers: Min: 0, Avg: 11.8, Max: 21, Diff: 21, Sum: 47]
      [Scan RS (ms): Min: 0.0, Avg: 1.1, Max: 1.7, Diff: 1.7, Sum: 4.4]
      [Code Root Scanning (ms): Min: 0.0, Avg: 1.4, Max: 2.7, Diff: 2.7, Sum: 5.7]
      [Object Copy (ms): Min: 22.0, Avg: 38.7, Max: 45.2, Diff: 23.3, Sum: 154.8]
      [Termination (ms): Min: 0.0, Avg: 0.0, Max: 0.0, Diff: 0.0, Sum: 0.0]
         [Termination Attempts: Min: 1, Avg: 1.0, Max: 1, Diff: 0, Sum: 4]
      [GC Worker Other (ms): Min: 0.0, Avg: 0.2, Max: 0.7, Diff: 0.7, Sum: 0.8]
      [GC Worker Total (ms): Min: 63.8, Avg: 64.2, Max: 64.4, Diff: 0.5, Sum: 256.7]
      [GC Worker End (ms): Min: 155450.1, Avg: 155450.1, Max: 155450.1, Diff: 0.0]
   [Code Root Fixup: 0.4 ms]
   [Code Root Purge: 0.2 ms]
   [Clear CT: 0.1 ms]
   [Other: 18.4 ms]
      [Choose CSet: 0.0 ms]
      [Ref Proc: 6.8 ms]
      [Ref Enq: 0.0 ms]
      [Redirty Cards: 0.1 ms]
      [Humongous Register: 9.3 ms]
      [Humongous Reclaim: 0.0 ms]
      [Free CSet: 0.2 ms]
   [Eden: 44.0M(44.0M)->0.0B(44.0M) Survivors: 7168.0K->7168.0K Heap: 197.0M(1024.0M)->151.0M(1024.0M)]
 [Times: user=0.08 sys=0.11, real=0.08 secs] 
2024-02-14T00:01:01.887+0300: 457.726: [GC pause (G1 Evacuation Pause) (young), 0.0234714 secs]
   [Parallel Time: 21.6 ms, GC Workers: 4]
      [GC Worker Start (ms): Min: 457726.0, Avg: 457726.4, Max: 457727.5, Diff: 1.4]
      [Ext Root Scanning (ms): Min: 0.0, Avg: 1.6, Max: 4.7, Diff: 4.7, Sum: 6.3]
      [Update RS (ms): Min: 2.2, Avg: 4.7, Max: 5.6, Diff: 3.4, Sum: 18.6]
         [Processed Buffers: Min: 2, Avg: 12.0, Max: 20, Diff: 18, Sum: 48]
      [Scan RS (ms): Min: 0.3, Avg: 1.1, Max: 1.7, Diff: 1.4, Sum: 4.5]
      [Code Root Scanning (ms): Min: 0.0, Avg: 1.1, Max: 1.8, Diff: 1.8, Sum: 4.5]
      [Object Copy (ms): Min: 11.5, Avg: 12.3, Max: 13.0, Diff: 1.6, Sum: 49.4]
      [Termination (ms): Min: 0.0, Avg: 0.2, Max: 0.3, Diff: 0.3, Sum: 0.8]
         [Termination Attempts: Min: 1, Avg: 1.0, Max: 1, Diff: 0, Sum: 4]
      [GC Worker Other (ms): Min: 0.0, Avg: 0.2, Max: 0.6, Diff: 0.6, Sum: 0.6]
      [GC Worker Total (ms): Min: 20.1, Avg: 21.2, Max: 21.6, Diff: 1.5, Sum: 84.7]
      [GC Worker End (ms): Min: 457747.5, Avg: 457747.6, Max: 457747.6, Diff: 0.1]
   [Code Root Fixup: 0.4 ms]
   [Code Root Purge: 0.0 ms]
   [Clear CT: 0.1 ms]
   [Other: 1.3 ms]
      [Choose CSet: 0.0 ms]
      [Ref Proc: 0.8 ms]
      [Ref Enq: 0.0 ms]
      [Redirty Cards: 0.1 ms]
      [Humongous Register: 0.0 ms]
      [Humongous Reclaim: 0.0 ms]
      [Free CSet: 0.1 ms]
   [Eden: 44.0M(44.0M)->0.0B(46.0M) Survivors: 7168.0K->5120.0K Heap: 195.0M(1024.0M)->152.0M(1024.0M)]
 [Times: user=0.05 sys=0.01, real=0.03 secs] 
2024-02-14T00:07:34.286+0300: 850.133: [GC pause (G1 Evacuation Pause) (young), 0.0369993 secs]
   [Parallel Time: 31.6 ms, GC Workers: 4]
      [GC Worker Start (ms): Min: 850136.5, Avg: 850136.6, Max: 850136.7, Diff: 0.2]
      [Ext Root Scanning (ms): Min: 3.8, Avg: 7.4, Max: 17.4, Diff: 13.6, Sum: 29.5]
      [Update RS (ms): Min: 0.0, Avg: 5.2, Max: 8.2, Diff: 8.2, Sum: 20.7]
         [Processed Buffers: Min: 0, Avg: 14.2, Max: 34, Diff: 34, Sum: 57]
      [Scan RS (ms): Min: 0.1, Avg: 3.9, Max: 6.2, Diff: 6.1, Sum: 15.7]
      [Code Root Scanning (ms): Min: 0.0, Avg: 0.8, Max: 2.5, Diff: 2.5, Sum: 3.3]
      [Object Copy (ms): Min: 12.9, Avg: 13.9, Max: 14.8, Diff: 1.9, Sum: 55.5]
      [Termination (ms): Min: 0.0, Avg: 0.2, Max: 0.3, Diff: 0.3, Sum: 0.8]
         [Termination Attempts: Min: 1, Avg: 2.0, Max: 3, Diff: 2, Sum: 8]
      [GC Worker Other (ms): Min: 0.0, Avg: 0.0, Max: 0.1, Diff: 0.0, Sum: 0.2]
      [GC Worker Total (ms): Min: 31.3, Avg: 31.4, Max: 31.5, Diff: 0.3, Sum: 125.6]
      [GC Worker End (ms): Min: 850167.9, Avg: 850168.0, Max: 850168.0, Diff: 0.1]
   [Code Root Fixup: 0.3 ms]
   [Code Root Purge: 0.0 ms]
   [Clear CT: 0.2 ms]
   [Other: 4.9 ms]
      [Choose CSet: 0.0 ms]
      [Ref Proc: 0.4 ms]
      [Ref Enq: 0.0 ms]
      [Redirty Cards: 0.2 ms]
      [Humongous Register: 3.5 ms]
      [Humongous Reclaim: 0.0 ms]
      [Free CSet: 0.1 ms]
   [Eden: 46.0M(46.0M)->0.0B(47.0M) Survivors: 5120.0K->4096.0K Heap: 198.0M(1024.0M)->153.5M(1024.0M)]
 [Times: user=0.04 sys=0.05, real=0.04 secs] 
2024-02-14T00:17:18.664+0300: 1434.507: [GC pause (G1 Evacuation Pause) (young), 0.2575697 secs]
   [Parallel Time: 220.4 ms, GC Workers: 4]
      [GC Worker Start (ms): Min: 1434531.3, Avg: 1434531.5, Max: 1434531.7, Diff: 0.4]
      [Ext Root Scanning (ms): Min: 38.1, Avg: 66.9, Max: 145.7, Diff: 107.7, Sum: 267.6]
      [Update RS (ms): Min: 0.0, Avg: 49.4, Max: 67.5, Diff: 67.5, Sum: 197.7]
         [Processed Buffers: Min: 0, Avg: 14.5, Max: 35, Diff: 35, Sum: 58]
      [Scan RS (ms): Min: 0.0, Avg: 2.7, Max: 4.9, Diff: 4.9, Sum: 10.7]
      [Code Root Scanning (ms): Min: 0.0, Avg: 1.1, Max: 4.2, Diff: 4.2, Sum: 4.4]
      [Object Copy (ms): Min: 71.5, Avg: 96.7, Max: 110.7, Diff: 39.2, Sum: 386.6]
      [Termination (ms): Min: 0.1, Avg: 1.0, Max: 2.9, Diff: 2.9, Sum: 4.0]
         [Termination Attempts: Min: 1, Avg: 2.5, Max: 4, Diff: 3, Sum: 10]
      [GC Worker Other (ms): Min: 0.0, Avg: 0.3, Max: 1.2, Diff: 1.1, Sum: 1.2]
      [GC Worker Total (ms): Min: 217.3, Avg: 218.1, Max: 219.7, Diff: 2.5, Sum: 872.3]
      [GC Worker End (ms): Min: 1434748.9, Avg: 1434749.6, Max: 1434751.4, Diff: 2.5]
   [Code Root Fixup: 0.1 ms]
   [Code Root Purge: 0.0 ms]
   [Clear CT: 0.7 ms]
   [Other: 36.4 ms]
      [Choose CSet: 0.0 ms]
      [Ref Proc: 10.8 ms]
      [Ref Enq: 0.0 ms]
      [Redirty Cards: 0.1 ms]
      [Humongous Register: 16.4 ms]
      [Humongous Reclaim: 0.0 ms]
      [Free CSet: 0.1 ms]
   [Eden: 47.0M(47.0M)->0.0B(46.0M) Survivors: 4096.0K->5120.0K Heap: 200.5M(1024.0M)->154.0M(1024.0M)]
 [Times: user=0.04 sys=0.15, real=0.26 secs] 
2024-02-14T00:23:57.796+0300: 1833.637: [GC pause (G1 Evacuation Pause) (young), 0.1179265 secs]
   [Parallel Time: 98.1 ms, GC Workers: 4]
      [GC Worker Start (ms): Min: 1833654.7, Avg: 1833654.9, Max: 1833655.0, Diff: 0.2]
      [Ext Root Scanning (ms): Min: 28.5, Avg: 46.1, Max: 94.0, Diff: 65.5, Sum: 184.3]
      [Update RS (ms): Min: 0.0, Avg: 14.9, Max: 20.7, Diff: 20.7, Sum: 59.4]
         [Processed Buffers: Min: 0, Avg: 11.5, Max: 32, Diff: 32, Sum: 46]
      [Scan RS (ms): Min: 0.0, Avg: 2.5, Max: 4.0, Diff: 4.0, Sum: 9.9]
      [Code Root Scanning (ms): Min: 0.0, Avg: 1.6, Max: 2.6, Diff: 2.6, Sum: 6.5]
      [Object Copy (ms): Min: 2.1, Avg: 31.1, Max: 43.2, Diff: 41.1, Sum: 124.2]
      [Termination (ms): Min: 0.0, Avg: 0.2, Max: 0.6, Diff: 0.6, Sum: 1.0]
         [Termination Attempts: Min: 1, Avg: 1.0, Max: 1, Diff: 0, Sum: 4]
      [GC Worker Other (ms): Min: 0.1, Avg: 0.4, Max: 1.2, Diff: 1.2, Sum: 1.4]
      [GC Worker Total (ms): Min: 96.6, Avg: 96.7, Max: 96.8, Diff: 0.2, Sum: 386.8]
      [GC Worker End (ms): Min: 1833751.5, Avg: 1833751.5, Max: 1833751.6, Diff: 0.0]
   [Code Root Fixup: 0.1 ms]
   [Code Root Purge: 0.0 ms]
   [Clear CT: 0.1 ms]
   [Other: 19.6 ms]
      [Choose CSet: 0.0 ms]
      [Ref Proc: 1.8 ms]
      [Ref Enq: 0.0 ms]
      [Redirty Cards: 0.2 ms]
      [Humongous Register: 6.0 ms]
      [Humongous Reclaim: 0.0 ms]
      [Free CSet: 0.2 ms]
   [Eden: 46.0M(46.0M)->0.0B(47.0M) Survivors: 5120.0K->4096.0K Heap: 200.0M(1024.0M)->153.5M(1024.0M)]
 [Times: user=0.03 sys=0.13, real=0.12 secs] 
2024-02-14T00:38:08.788+0300: 2684.573: [GC pause (G1 Evacuation Pause) (young), 0.1062924 secs]
   [Parallel Time: 85.5 ms, GC Workers: 4]
      [GC Worker Start (ms): Min: 2684587.9, Avg: 2684588.0, Max: 2684588.2, Diff: 0.3]
      [Ext Root Scanning (ms): Min: 6.8, Avg: 12.3, Max: 27.9, Diff: 21.1, Sum: 49.2]
      [Update RS (ms): Min: 0.0, Avg: 7.7, Max: 11.9, Diff: 11.9, Sum: 30.6]
         [Processed Buffers: Min: 0, Avg: 11.0, Max: 26, Diff: 26, Sum: 44]
      [Scan RS (ms): Min: 0.0, Avg: 1.1, Max: 2.7, Diff: 2.7, Sum: 4.3]
      [Code Root Scanning (ms): Min: 0.0, Avg: 1.2, Max: 3.2, Diff: 3.2, Sum: 4.7]
      [Object Copy (ms): Min: 57.3, Avg: 62.7, Max: 65.8, Diff: 8.5, Sum: 250.7]
      [Termination (ms): Min: 0.0, Avg: 0.2, Max: 0.5, Diff: 0.5, Sum: 0.8]
         [Termination Attempts: Min: 1, Avg: 1.0, Max: 1, Diff: 0, Sum: 4]
      [GC Worker Other (ms): Min: 0.0, Avg: 0.1, Max: 0.1, Diff: 0.1, Sum: 0.2]
      [GC Worker Total (ms): Min: 85.0, Avg: 85.1, Max: 85.3, Diff: 0.3, Sum: 340.6]
      [GC Worker End (ms): Min: 2684673.1, Avg: 2684673.2, Max: 2684673.3, Diff: 0.1]
   [Code Root Fixup: 0.1 ms]
   [Code Root Purge: 0.0 ms]
   [Clear CT: 0.1 ms]
   [Other: 20.6 ms]
      [Choose CSet: 0.0 ms]
      [Ref Proc: 2.9 ms]
      [Ref Enq: 0.0 ms]
      [Redirty Cards: 0.1 ms]
      [Humongous Register: 8.7 ms]
      [Humongous Reclaim: 0.0 ms]
      [Free CSet: 1.1 ms]
   [Eden: 47.0M(47.0M)->0.0B(45.0M) Survivors: 4096.0K->6144.0K Heap: 200.5M(1024.0M)->155.5M(1024.0M)]
 [Times: user=0.04 sys=0.14, real=0.11 secs] 
2024-02-14T00:48:42.006+0300: 3317.775: [GC pause (G1 Evacuation Pause) (young), 0.3859771 secs]
   [Parallel Time: 369.1 ms, GC Workers: 4]
      [GC Worker Start (ms): Min: 3317786.2, Avg: 3317786.2, Max: 3317786.3, Diff: 0.2]
      [Ext Root Scanning (ms): Min: 13.8, Avg: 38.2, Max: 104.6, Diff: 90.8, Sum: 152.9]
      [Update RS (ms): Min: 0.0, Avg: 29.5, Max: 56.5, Diff: 56.5, Sum: 118.1]
         [Processed Buffers: Min: 0, Avg: 12.5, Max: 40, Diff: 40, Sum: 50]
      [Scan RS (ms): Min: 0.0, Avg: 2.5, Max: 7.1, Diff: 7.1, Sum: 9.9]
      [Code Root Scanning (ms): Min: 0.0, Avg: 1.1, Max: 2.2, Diff: 2.2, Sum: 4.4]
      [Object Copy (ms): Min: 263.5, Avg: 295.8, Max: 315.4, Diff: 51.9, Sum: 1183.2]
      [Termination (ms): Min: 0.1, Avg: 0.7, Max: 0.9, Diff: 0.8, Sum: 2.7]
         [Termination Attempts: Min: 3, Avg: 5.0, Max: 7, Diff: 4, Sum: 20]
      [GC Worker Other (ms): Min: 0.0, Avg: 1.1, Max: 2.3, Diff: 2.2, Sum: 4.5]
      [GC Worker Total (ms): Min: 368.8, Avg: 368.9, Max: 369.0, Diff: 0.1, Sum: 1475.7]
      [GC Worker End (ms): Min: 3318155.1, Avg: 3318155.1, Max: 3318155.2, Diff: 0.1]
   [Code Root Fixup: 0.2 ms]
   [Code Root Purge: 0.0 ms]
   [Clear CT: 0.8 ms]
   [Other: 15.9 ms]
      [Choose CSet: 0.0 ms]
      [Ref Proc: 3.8 ms]
      [Ref Enq: 0.0 ms]
      [Redirty Cards: 0.1 ms]
      [Humongous Register: 6.4 ms]
      [Humongous Reclaim: 0.0 ms]
      [Free CSet: 0.2 ms]
   [Eden: 45.0M(45.0M)->0.0B(46.0M) Survivors: 6144.0K->5120.0K Heap: 200.5M(1024.0M)->155.1M(1024.0M)]
 [Times: user=0.05 sys=0.18, real=0.39 secs] 
2024-02-14T00:55:17.359+0300: 3713.120: [GC pause (G1 Evacuation Pause) (young), 0.1573145 secs]
   [Parallel Time: 138.4 ms, GC Workers: 4]
      [GC Worker Start (ms): Min: 3713132.5, Avg: 3713133.1, Max: 3713133.4, Diff: 1.0]
      [Ext Root Scanning (ms): Min: 11.8, Avg: 24.4, Max: 57.9, Diff: 46.2, Sum: 97.6]
      [Update RS (ms): Min: 0.0, Avg: 19.7, Max: 26.7, Diff: 26.7, Sum: 78.9]
         [Processed Buffers: Min: 0, Avg: 11.8, Max: 34, Diff: 34, Sum: 47]
      [Scan RS (ms): Min: 0.0, Avg: 3.5, Max: 5.1, Diff: 5.1, Sum: 13.9]
      [Code Root Scanning (ms): Min: 0.0, Avg: 0.4, Max: 1.5, Diff: 1.5, Sum: 1.7]
      [Object Copy (ms): Min: 80.2, Avg: 89.1, Max: 93.8, Diff: 13.6, Sum: 356.5]
      [Termination (ms): Min: 0.0, Avg: 0.4, Max: 0.8, Diff: 0.8, Sum: 1.6]
         [Termination Attempts: Min: 1, Avg: 1.0, Max: 1, Diff: 0, Sum: 4]
      [GC Worker Other (ms): Min: 0.0, Avg: 0.0, Max: 0.0, Diff: 0.0, Sum: 0.1]
      [GC Worker Total (ms): Min: 137.3, Avg: 137.6, Max: 138.1, Diff: 0.8, Sum: 550.4]
      [GC Worker End (ms): Min: 3713270.6, Avg: 3713270.7, Max: 3713270.8, Diff: 0.2]
   [Code Root Fixup: 0.2 ms]
   [Code Root Purge: 0.0 ms]
   [Clear CT: 0.1 ms]
   [Other: 18.7 ms]
      [Choose CSet: 0.0 ms]
      [Ref Proc: 5.5 ms]
      [Ref Enq: 0.0 ms]
      [Redirty Cards: 0.0 ms]
      [Humongous Register: 8.2 ms]
      [Humongous Reclaim: 0.0 ms]
      [Free CSet: 0.1 ms]
   [Eden: 46.0M(46.0M)->0.0B(45.0M) Survivors: 5120.0K->6144.0K Heap: 201.1M(1024.0M)->155.6M(1024.0M)]
 [Times: user=0.05 sys=0.18, real=0.17 secs] 
2024-02-14T01:01:09.035+0300: 4064.788: [GC pause (G1 Evacuation Pause) (young), 0.0931497 secs]
   [Parallel Time: 84.8 ms, GC Workers: 4]
      [GC Worker Start (ms): Min: 4064794.4, Avg: 4064794.6, Max: 4064794.8, Diff: 0.5]
      [Ext Root Scanning (ms): Min: 6.2, Avg: 10.3, Max: 21.7, Diff: 15.5, Sum: 41.1]
      [Update RS (ms): Min: 0.0, Avg: 5.0, Max: 6.8, Diff: 6.8, Sum: 20.1]
         [Processed Buffers: Min: 0, Avg: 10.2, Max: 14, Diff: 14, Sum: 41]
      [Scan RS (ms): Min: 0.0, Avg: 3.7, Max: 5.4, Diff: 5.4, Sum: 14.8]
      [Code Root Scanning (ms): Min: 0.0, Avg: 0.2, Max: 0.5, Diff: 0.5, Sum: 0.7]
      [Object Copy (ms): Min: 48.7, Avg: 53.2, Max: 62.8, Diff: 14.1, Sum: 212.8]
      [Termination (ms): Min: 0.0, Avg: 11.9, Max: 17.4, Diff: 17.4, Sum: 47.5]
         [Termination Attempts: Min: 1, Avg: 1.8, Max: 2, Diff: 1, Sum: 7]
      [GC Worker Other (ms): Min: 0.0, Avg: 0.0, Max: 0.1, Diff: 0.0, Sum: 0.2]
      [GC Worker Total (ms): Min: 84.1, Avg: 84.3, Max: 84.5, Diff: 0.5, Sum: 337.4]
      [GC Worker End (ms): Min: 4064878.9, Avg: 4064878.9, Max: 4064878.9, Diff: 0.1]
   [Code Root Fixup: 0.1 ms]
   [Code Root Purge: 0.0 ms]
   [Clear CT: 0.1 ms]
   [Other: 8.2 ms]
      [Choose CSet: 0.0 ms]
      [Ref Proc: 1.7 ms]
      [Ref Enq: 0.0 ms]
      [Redirty Cards: 0.1 ms]
      [Humongous Register: 3.0 ms]
      [Humongous Reclaim: 0.0 ms]
      [Free CSet: 0.1 ms]
   [Eden: 45.0M(45.0M)->0.0B(45.0M) Survivors: 6144.0K->6144.0K Heap: 200.6M(1024.0M)->156.2M(1024.0M)]
 [Times: user=0.07 sys=0.10, real=0.09 secs] 
2024-02-14T02:17:08.032+0300: 5132.515: [GC pause (G1 Evacuation Pause) (young), 1.3357304 secs]
   [Parallel Time: 1123.0 ms, GC Workers: 4]
      [GC Worker Start (ms): Min: 5132566.7, Avg: 5132567.7, Max: 5132569.4, Diff: 2.7]
      [Ext Root Scanning (ms): Min: 34.9, Avg: 92.5, Max: 251.6, Diff: 216.7, Sum: 369.9]
      [Update RS (ms): Min: 0.0, Avg: 120.0, Max: 168.0, Diff: 168.0, Sum: 479.8]
         [Processed Buffers: Min: 0, Avg: 10.5, Max: 25, Diff: 25, Sum: 42]
      [Scan RS (ms): Min: 0.0, Avg: 18.2, Max: 28.7, Diff: 28.7, Sum: 73.0]
      [Code Root Scanning (ms): Min: 0.0, Avg: 4.2, Max: 9.2, Diff: 9.2, Sum: 16.9]
      [Object Copy (ms): Min: 830.3, Avg: 847.7, Max: 873.1, Diff: 42.8, Sum: 3390.8]
      [Termination (ms): Min: 20.4, Avg: 30.9, Max: 49.4, Diff: 29.0, Sum: 123.4]
         [Termination Attempts: Min: 4, Avg: 13.5, Max: 22, Diff: 18, Sum: 54]
      [GC Worker Other (ms): Min: 0.2, Avg: 1.0, Max: 2.4, Diff: 2.2, Sum: 4.0]
      [GC Worker Total (ms): Min: 1106.9, Avg: 1114.5, Max: 1119.7, Diff: 12.8, Sum: 4457.8]
      [GC Worker End (ms): Min: 5133673.9, Avg: 5133682.2, Max: 5133687.0, Diff: 13.0]
   [Code Root Fixup: 2.5 ms]
   [Code Root Purge: 0.0 ms]
   [Clear CT: 4.2 ms]
   [Other: 206.1 ms]
      [Choose CSet: 0.0 ms]
      [Ref Proc: 153.5 ms]
      [Ref Enq: 0.0 ms]
      [Redirty Cards: 0.7 ms]
      [Humongous Register: 34.2 ms]
      [Humongous Reclaim: 0.1 ms]
      [Free CSet: 1.6 ms]
   [Eden: 45.0M(45.0M)->0.0B(46.0M) Survivors: 6144.0K->5120.0K Heap: 201.2M(1024.0M)->156.6M(1024.0M)]
 [Times: user=0.41 sys=1.72, real=1.33 secs] 
2024-02-14T03:31:54.083+0300: 7286.107: [GC pause (G1 Evacuation Pause) (young), 0.0477172 secs]
   [Parallel Time: 36.3 ms, GC Workers: 4]
      [GC Worker Start (ms): Min: 7286111.9, Avg: 7286112.1, Max: 7286112.3, Diff: 0.4]
      [Ext Root Scanning (ms): Min: 5.9, Avg: 9.4, Max: 18.8, Diff: 12.9, Sum: 37.4]
      [Update RS (ms): Min: 0.0, Avg: 2.9, Max: 4.4, Diff: 4.4, Sum: 11.5]
         [Processed Buffers: Min: 0, Avg: 8.2, Max: 22, Diff: 22, Sum: 33]
      [Scan RS (ms): Min: 0.0, Avg: 1.9, Max: 3.0, Diff: 3.0, Sum: 7.5]
      [Code Root Scanning (ms): Min: 0.0, Avg: 0.3, Max: 1.0, Diff: 1.0, Sum: 1.0]
      [Object Copy (ms): Min: 16.8, Avg: 21.2, Max: 23.1, Diff: 6.4, Sum: 84.8]
      [Termination (ms): Min: 0.0, Avg: 0.3, Max: 0.5, Diff: 0.5, Sum: 1.3]
         [Termination Attempts: Min: 1, Avg: 1.0, Max: 1, Diff: 0, Sum: 4]
      [GC Worker Other (ms): Min: 0.0, Avg: 0.1, Max: 0.2, Diff: 0.1, Sum: 0.3]
      [GC Worker Total (ms): Min: 35.8, Avg: 35.9, Max: 36.1, Diff: 0.4, Sum: 143.8]
      [GC Worker End (ms): Min: 7286148.0, Avg: 7286148.1, Max: 7286148.1, Diff: 0.1]
   [Code Root Fixup: 0.1 ms]
   [Code Root Purge: 0.0 ms]
   [Clear CT: 0.1 ms]
   [Other: 11.2 ms]
      [Choose CSet: 0.0 ms]
      [Ref Proc: 6.3 ms]
      [Ref Enq: 0.0 ms]
      [Redirty Cards: 0.1 ms]
      [Humongous Register: 2.7 ms]
      [Humongous Reclaim: 0.0 ms]
      [Free CSet: 0.1 ms]
   [Eden: 46.0M(46.0M)->0.0B(46.0M) Survivors: 5120.0K->5120.0K Heap: 202.6M(1024.0M)->157.4M(1024.0M)]
 [Times: user=0.04 sys=0.08, real=0.05 secs] 
2024-02-14T04:47:47.072+0300: 9450.560: [GC pause (G1 Evacuation Pause) (young), 0.0180363 secs]
   [Parallel Time: 14.2 ms, GC Workers: 4]
      [GC Worker Start (ms): Min: 9450562.1, Avg: 9450562.2, Max: 9450562.2, Diff: 0.1]
      [Ext Root Scanning (ms): Min: 6.5, Avg: 6.6, Max: 6.7, Diff: 0.2, Sum: 26.5]
      [Update RS (ms): Min: 1.2, Avg: 1.2, Max: 1.2, Diff: 0.0, Sum: 4.8]
         [Processed Buffers: Min: 2, Avg: 8.2, Max: 15, Diff: 13, Sum: 33]
      [Scan RS (ms): Min: 1.5, Avg: 2.0, Max: 2.8, Diff: 1.3, Sum: 7.8]
      [Code Root Scanning (ms): Min: 0.0, Avg: 0.0, Max: 0.0, Diff: 0.0, Sum: 0.1]
      [Object Copy (ms): Min: 3.5, Avg: 4.3, Max: 4.7, Diff: 1.2, Sum: 17.2]
      [Termination (ms): Min: 0.0, Avg: 0.0, Max: 0.0, Diff: 0.0, Sum: 0.0]
         [Termination Attempts: Min: 1, Avg: 1.0, Max: 1, Diff: 0, Sum: 4]
      [GC Worker Other (ms): Min: 0.0, Avg: 0.0, Max: 0.0, Diff: 0.0, Sum: 0.1]
      [GC Worker Total (ms): Min: 14.1, Avg: 14.1, Max: 14.1, Diff: 0.1, Sum: 56.5]
      [GC Worker End (ms): Min: 9450576.3, Avg: 9450576.3, Max: 9450576.3, Diff: 0.0]
   [Code Root Fixup: 0.1 ms]
   [Code Root Purge: 0.0 ms]
   [Clear CT: 0.1 ms]
   [Other: 3.6 ms]
      [Choose CSet: 0.0 ms]
      [Ref Proc: 1.0 ms]
      [Ref Enq: 0.0 ms]
      [Redirty Cards: 0.1 ms]
      [Humongous Register: 0.1 ms]
      [Humongous Reclaim: 0.0 ms]
      [Free CSet: 0.0 ms]
   [Eden: 46.0M(46.0M)->0.0B(46.0M) Survivors: 5120.0K->5120.0K Heap: 203.4M(1024.0M)->157.4M(1024.0M)]
 [Times: user=0.02 sys=0.01, real=0.02 secs] 
2024-02-14T05:58:54.262+0300: 11614.063: [GC pause (G1 Evacuation Pause) (young), 0.0663137 secs]
   [Parallel Time: 55.1 ms, GC Workers: 4]
      [GC Worker Start (ms): Min: 11614063.3, Avg: 11614063.5, Max: 11614063.6, Diff: 0.3]
      [Ext Root Scanning (ms): Min: 2.3, Avg: 2.6, Max: 3.0, Diff: 0.7, Sum: 10.5]
      [Update RS (ms): Min: 0.0, Avg: 2.0, Max: 2.8, Diff: 2.8, Sum: 7.9]
         [Processed Buffers: Min: 0, Avg: 8.2, Max: 25, Diff: 25, Sum: 33]
      [Scan RS (ms): Min: 0.1, Avg: 0.6, Max: 1.0, Diff: 1.0, Sum: 2.5]
      [Code Root Scanning (ms): Min: 0.0, Avg: 0.1, Max: 0.4, Diff: 0.4, Sum: 0.4]
      [Object Copy (ms): Min: 45.1, Avg: 47.0, Max: 50.3, Diff: 5.3, Sum: 187.8]
      [Termination (ms): Min: 0.0, Avg: 1.6, Max: 3.2, Diff: 3.2, Sum: 6.5]
         [Termination Attempts: Min: 1, Avg: 1.0, Max: 1, Diff: 0, Sum: 4]
      [GC Worker Other (ms): Min: 0.1, Avg: 0.1, Max: 0.1, Diff: 0.1, Sum: 0.3]
      [GC Worker Total (ms): Min: 53.2, Avg: 54.0, Max: 54.8, Diff: 1.5, Sum: 215.9]
      [GC Worker End (ms): Min: 11614116.8, Avg: 11614117.4, Max: 11614118.1, Diff: 1.4]
   [Code Root Fixup: 0.3 ms]
   [Code Root Purge: 0.0 ms]
   [Clear CT: 0.4 ms]
   [Other: 10.5 ms]
      [Choose CSet: 0.0 ms]
      [Ref Proc: 8.9 ms]
      [Ref Enq: 0.0 ms]
      [Redirty Cards: 0.6 ms]
      [Humongous Register: 0.1 ms]
      [Humongous Reclaim: 0.0 ms]
      [Free CSet: 0.2 ms]
   [Eden: 46.0M(46.0M)->0.0B(47.0M) Survivors: 5120.0K->4096.0K Heap: 203.4M(1024.0M)->156.9M(1024.0M)]
 [Times: user=0.12 sys=0.07, real=0.07 secs] 
2024-02-14T07:14:43.341+0300: 13832.865: [GC pause (G1 Evacuation Pause) (young), 0.0088041 secs]
   [Parallel Time: 7.9 ms, GC Workers: 4]
      [GC Worker Start (ms): Min: 13832865.3, Avg: 13832865.3, Max: 13832865.4, Diff: 0.1]
      [Ext Root Scanning (ms): Min: 1.1, Avg: 1.3, Max: 2.0, Diff: 0.9, Sum: 5.3]
      [Update RS (ms): Min: 0.1, Avg: 1.0, Max: 2.3, Diff: 2.2, Sum: 3.9]
         [Processed Buffers: Min: 1, Avg: 8.5, Max: 16, Diff: 15, Sum: 34]
      [Scan RS (ms): Min: 0.0, Avg: 0.2, Max: 0.4, Diff: 0.4, Sum: 0.7]
      [Code Root Scanning (ms): Min: 0.0, Avg: 0.0, Max: 0.1, Diff: 0.1, Sum: 0.1]
      [Object Copy (ms): Min: 4.4, Avg: 5.2, Max: 5.7, Diff: 1.3, Sum: 20.8]
      [Termination (ms): Min: 0.0, Avg: 0.1, Max: 0.1, Diff: 0.1, Sum: 0.3]
         [Termination Attempts: Min: 1, Avg: 1.0, Max: 1, Diff: 0, Sum: 4]
      [GC Worker Other (ms): Min: 0.0, Avg: 0.0, Max: 0.0, Diff: 0.0, Sum: 0.1]
      [GC Worker Total (ms): Min: 7.8, Avg: 7.8, Max: 7.9, Diff: 0.1, Sum: 31.2]
      [GC Worker End (ms): Min: 13832873.1, Avg: 13832873.1, Max: 13832873.2, Diff: 0.0]
   [Code Root Fixup: 0.0 ms]
   [Code Root Purge: 0.0 ms]
   [Clear CT: 0.1 ms]
   [Other: 0.8 ms]
      [Choose CSet: 0.0 ms]
      [Ref Proc: 0.4 ms]
      [Ref Enq: 0.0 ms]
      [Redirty Cards: 0.1 ms]
      [Humongous Register: 0.0 ms]
      [Humongous Reclaim: 0.0 ms]
      [Free CSet: 0.0 ms]
   [Eden: 47.0M(47.0M)->0.0B(46.0M) Survivors: 4096.0K->5120.0K Heap: 203.9M(1024.0M)->157.4M(1024.0M)]
 [Times: user=0.02 sys=0.00, real=0.01 secs] 
2024-02-14T08:39:25.171+0300: 16001.751: [GC pause (G1 Evacuation Pause) (young), 0.0464490 secs]
   [Parallel Time: 40.7 ms, GC Workers: 4]
      [GC Worker Start (ms): Min: 16001751.2, Avg: 16001751.3, Max: 16001751.4, Diff: 0.2]
      [Ext Root Scanning (ms): Min: 2.9, Avg: 3.2, Max: 3.3, Diff: 0.4, Sum: 12.6]
      [Update RS (ms): Min: 3.5, Avg: 4.4, Max: 7.0, Diff: 3.5, Sum: 17.6]
         [Processed Buffers: Min: 1, Avg: 8.8, Max: 26, Diff: 25, Sum: 35]
      [Scan RS (ms): Min: 0.0, Avg: 1.1, Max: 2.9, Diff: 2.9, Sum: 4.2]
      [Code Root Scanning (ms): Min: 0.0, Avg: 0.1, Max: 0.2, Diff: 0.2, Sum: 0.4]
      [Object Copy (ms): Min: 26.1, Avg: 29.9, Max: 33.0, Diff: 6.9, Sum: 119.8]
      [Termination (ms): Min: 0.2, Avg: 1.7, Max: 4.3, Diff: 4.2, Sum: 6.9]
         [Termination Attempts: Min: 1, Avg: 1.8, Max: 2, Diff: 1, Sum: 7]
      [GC Worker Other (ms): Min: 0.1, Avg: 0.1, Max: 0.1, Diff: 0.0, Sum: 0.3]
      [GC Worker Total (ms): Min: 40.4, Avg: 40.5, Max: 40.5, Diff: 0.2, Sum: 161.8]
      [GC Worker End (ms): Min: 16001791.7, Avg: 16001791.7, Max: 16001791.7, Diff: 0.0]
   [Code Root Fixup: 0.4 ms]
   [Code Root Purge: 0.0 ms]
   [Clear CT: 0.5 ms]
   [Other: 4.8 ms]
      [Choose CSet: 0.0 ms]
      [Ref Proc: 3.4 ms]
      [Ref Enq: 0.0 ms]
      [Redirty Cards: 0.5 ms]
      [Humongous Register: 0.1 ms]
      [Humongous Reclaim: 0.0 ms]
      [Free CSet: 0.1 ms]
   [Eden: 46.0M(46.0M)->0.0B(47.0M) Survivors: 5120.0K->4096.0K Heap: 203.4M(1024.0M)->156.9M(1024.0M)]
 [Times: user=0.12 sys=0.02, real=0.04 secs] 
2024-02-14T12:59:11.809+0300: 18218.521: [GC pause (G1 Evacuation Pause) (young), 0.0121917 secs]
   [Parallel Time: 10.1 ms, GC Workers: 4]
      [GC Worker Start (ms): Min: 18218522.0, Avg: 18218522.0, Max: 18218522.1, Diff: 0.1]
      [Ext Root Scanning (ms): Min: 1.1, Avg: 1.3, Max: 2.1, Diff: 1.0, Sum: 5.3]
      [Update RS (ms): Min: 1.5, Avg: 1.7, Max: 2.1, Diff: 0.6, Sum: 6.9]
         [Processed Buffers: Min: 1, Avg: 8.5, Max: 19, Diff: 18, Sum: 34]
      [Scan RS (ms): Min: 0.0, Avg: 0.2, Max: 0.4, Diff: 0.4, Sum: 0.6]
      [Code Root Scanning (ms): Min: 0.0, Avg: 0.0, Max: 0.1, Diff: 0.1, Sum: 0.1]
      [Object Copy (ms): Min: 6.2, Avg: 6.6, Max: 6.8, Diff: 0.6, Sum: 26.2]
      [Termination (ms): Min: 0.0, Avg: 0.1, Max: 0.3, Diff: 0.3, Sum: 0.5]
         [Termination Attempts: Min: 1, Avg: 1.0, Max: 1, Diff: 0, Sum: 4]
      [GC Worker Other (ms): Min: 0.0, Avg: 0.0, Max: 0.0, Diff: 0.0, Sum: 0.1]
      [GC Worker Total (ms): Min: 9.8, Avg: 9.9, Max: 10.0, Diff: 0.2, Sum: 39.7]
      [GC Worker End (ms): Min: 18218531.9, Avg: 18218532.0, Max: 18218532.0, Diff: 0.1]
   [Code Root Fixup: 0.1 ms]
   [Code Root Purge: 0.0 ms]
   [Clear CT: 0.1 ms]
   [Other: 1.9 ms]
      [Choose CSet: 0.0 ms]
      [Ref Proc: 0.4 ms]
      [Ref Enq: 0.0 ms]
      [Redirty Cards: 0.1 ms]
      [Humongous Register: 0.2 ms]
      [Humongous Reclaim: 0.0 ms]
      [Free CSet: 0.0 ms]
   [Eden: 47.0M(47.0M)->0.0B(46.0M) Survivors: 4096.0K->5120.0K Heap: 203.9M(1024.0M)->157.4M(1024.0M)]
 [Times: user=0.03 sys=0.00, real=0.02 secs] 
2024-02-14T13:45:39.562+0300: 20382.077: [GC pause (G1 Evacuation Pause) (young), 0.0131957 secs]
   [Parallel Time: 11.3 ms, GC Workers: 4]
      [GC Worker Start (ms): Min: 20382077.4, Avg: 20382077.4, Max: 20382077.5, Diff: 0.1]
      [Ext Root Scanning (ms): Min: 0.8, Avg: 0.9, Max: 1.1, Diff: 0.3, Sum: 3.7]
      [Update RS (ms): Min: 2.7, Avg: 2.8, Max: 2.8, Diff: 0.1, Sum: 11.1]
         [Processed Buffers: Min: 3, Avg: 8.8, Max: 17, Diff: 14, Sum: 35]
      [Scan RS (ms): Min: 0.0, Avg: 0.0, Max: 0.1, Diff: 0.1, Sum: 0.2]
      [Code Root Scanning (ms): Min: 0.0, Avg: 0.0, Max: 0.1, Diff: 0.1, Sum: 0.2]
      [Object Copy (ms): Min: 6.6, Avg: 6.8, Max: 7.0, Diff: 0.5, Sum: 27.3]
      [Termination (ms): Min: 0.0, Avg: 0.4, Max: 0.8, Diff: 0.8, Sum: 1.8]
         [Termination Attempts: Min: 1, Avg: 1.0, Max: 1, Diff: 0, Sum: 4]
      [GC Worker Other (ms): Min: 0.0, Avg: 0.0, Max: 0.0, Diff: 0.0, Sum: 0.1]
      [GC Worker Total (ms): Min: 11.0, Avg: 11.1, Max: 11.2, Diff: 0.2, Sum: 44.3]
      [GC Worker End (ms): Min: 20382088.4, Avg: 20382088.5, Max: 20382088.6, Diff: 0.2]
   [Code Root Fixup: 0.1 ms]
   [Code Root Purge: 0.0 ms]
   [Clear CT: 0.1 ms]
   [Other: 1.8 ms]
      [Choose CSet: 0.0 ms]
      [Ref Proc: 1.4 ms]
      [Ref Enq: 0.0 ms]
      [Redirty Cards: 0.1 ms]
      [Humongous Register: 0.0 ms]
      [Humongous Reclaim: 0.0 ms]
      [Free CSet: 0.0 ms]
   [Eden: 46.0M(46.0M)->0.0B(46.0M) Survivors: 5120.0K->5120.0K Heap: 203.4M(1024.0M)->157.4M(1024.0M)]
 [Times: user=0.03 sys=0.01, real=0.01 secs] 
2024-02-14T15:44:46.904+0300: 22559.604: [GC pause (G1 Evacuation Pause) (young), 0.2256237 secs]
   [Parallel Time: 151.3 ms, GC Workers: 4]
      [GC Worker Start (ms): Min: 22559659.9, Avg: 22559660.0, Max: 22559660.2, Diff: 0.3]
      [Ext Root Scanning (ms): Min: 13.5, Avg: 30.1, Max: 48.3, Diff: 34.8, Sum: 120.3]
      [Update RS (ms): Min: 18.9, Avg: 19.8, Max: 21.3, Diff: 2.4, Sum: 79.4]
         [Processed Buffers: Min: 1, Avg: 8.8, Max: 18, Diff: 17, Sum: 35]
      [Scan RS (ms): Min: 0.0, Avg: 7.5, Max: 15.0, Diff: 15.0, Sum: 29.9]
      [Code Root Scanning (ms): Min: 0.0, Avg: 10.8, Max: 21.7, Diff: 21.7, Sum: 43.1]
      [Object Copy (ms): Min: 51.6, Avg: 59.2, Max: 64.9, Diff: 13.3, Sum: 236.9]
      [Termination (ms): Min: 10.6, Avg: 17.5, Max: 24.8, Diff: 14.2, Sum: 70.1]
         [Termination Attempts: Min: 10, Avg: 32.0, Max: 59, Diff: 49, Sum: 128]
      [GC Worker Other (ms): Min: 0.9, Avg: 1.0, Max: 1.1, Diff: 0.2, Sum: 4.0]
      [GC Worker Total (ms): Min: 145.8, Avg: 145.9, Max: 146.0, Diff: 0.2, Sum: 583.7]
      [GC Worker End (ms): Min: 22559805.9, Avg: 22559806.0, Max: 22559806.0, Diff: 0.1]
   [Code Root Fixup: 0.1 ms]
   [Code Root Purge: 0.0 ms]
   [Clear CT: 1.4 ms]
   [Other: 72.9 ms]
      [Choose CSet: 0.0 ms]
      [Ref Proc: 5.7 ms]
      [Ref Enq: 0.0 ms]
      [Redirty Cards: 0.1 ms]
      [Humongous Register: 4.9 ms]
      [Humongous Reclaim: 0.0 ms]
      [Free CSet: 0.3 ms]
   [Eden: 46.0M(46.0M)->0.0B(46.0M) Survivors: 5120.0K->5120.0K Heap: 203.4M(1024.0M)->157.4M(1024.0M)]
 [Times: user=0.10 sys=0.15, real=0.23 secs] 
2024-02-14T16:55:09.223+0300: 24709.592: [GC pause (G1 Evacuation Pause) (young), 0.1526635 secs]
   [Parallel Time: 125.2 ms, GC Workers: 4]
      [GC Worker Start (ms): Min: 24709614.4, Avg: 24709614.5, Max: 24709614.6, Diff: 0.2]
      [Ext Root Scanning (ms): Min: 23.9, Avg: 34.1, Max: 59.8, Diff: 35.9, Sum: 136.4]
      [Update RS (ms): Min: 0.0, Avg: 10.8, Max: 15.2, Diff: 15.2, Sum: 43.3]
         [Processed Buffers: Min: 0, Avg: 8.2, Max: 27, Diff: 27, Sum: 33]
      [Scan RS (ms): Min: 0.0, Avg: 0.0, Max: 0.0, Diff: 0.0, Sum: 0.1]
      [Code Root Scanning (ms): Min: 0.0, Avg: 0.2, Max: 0.8, Diff: 0.8, Sum: 0.9]
      [Object Copy (ms): Min: 20.8, Avg: 51.4, Max: 77.8, Diff: 57.0, Sum: 205.7]
      [Termination (ms): Min: 4.4, Avg: 27.3, Max: 50.3, Diff: 45.9, Sum: 109.2]
         [Termination Attempts: Min: 6, Avg: 32.0, Max: 67, Diff: 61, Sum: 128]
      [GC Worker Other (ms): Min: 0.0, Avg: 1.0, Max: 2.0, Diff: 2.0, Sum: 4.1]
      [GC Worker Total (ms): Min: 124.8, Avg: 124.9, Max: 125.0, Diff: 0.2, Sum: 499.6]
      [GC Worker End (ms): Min: 24709739.4, Avg: 24709739.4, Max: 24709739.5, Diff: 0.1]
   [Code Root Fixup: 0.1 ms]
   [Code Root Purge: 0.0 ms]
   [Clear CT: 1.0 ms]
   [Other: 26.4 ms]
      [Choose CSet: 0.0 ms]
      [Ref Proc: 4.0 ms]
      [Ref Enq: 0.0 ms]
      [Redirty Cards: 0.1 ms]
      [Humongous Register: 11.0 ms]
      [Humongous Reclaim: 0.0 ms]
      [Free CSet: 0.2 ms]
   [Eden: 46.0M(46.0M)->0.0B(47.0M) Survivors: 5120.0K->4096.0K Heap: 203.4M(1024.0M)->156.9M(1024.0M)]
 [Times: user=0.14 sys=0.17, real=0.15 secs] 
2024-02-14T18:57:14.898+0300: 26931.471: [GC pause (G1 Evacuation Pause) (young), 0.1165589 secs]
   [Parallel Time: 94.0 ms, GC Workers: 4]
      [GC Worker Start (ms): Min: 26931488.7, Avg: 26931488.9, Max: 26931489.1, Diff: 0.4]
      [Ext Root Scanning (ms): Min: 17.4, Avg: 25.1, Max: 46.3, Diff: 29.0, Sum: 100.3]
      [Update RS (ms): Min: 0.0, Avg: 13.9, Max: 19.1, Diff: 19.1, Sum: 55.8]
         [Processed Buffers: Min: 0, Avg: 8.0, Max: 26, Diff: 26, Sum: 32]
      [Scan RS (ms): Min: 0.0, Avg: 0.1, Max: 0.3, Diff: 0.3, Sum: 0.4]
      [Code Root Scanning (ms): Min: 0.0, Avg: 0.1, Max: 0.2, Diff: 0.2, Sum: 0.3]
      [Object Copy (ms): Min: 17.5, Avg: 38.6, Max: 55.8, Diff: 38.2, Sum: 154.4]
      [Termination (ms): Min: 0.0, Avg: 14.8, Max: 29.9, Diff: 29.9, Sum: 59.3]
         [Termination Attempts: Min: 1, Avg: 22.5, Max: 47, Diff: 46, Sum: 90]
      [GC Worker Other (ms): Min: 0.0, Avg: 0.9, Max: 2.3, Diff: 2.2, Sum: 3.7]
      [GC Worker Total (ms): Min: 93.4, Avg: 93.6, Max: 93.8, Diff: 0.4, Sum: 374.3]
      [GC Worker End (ms): Min: 26931582.4, Avg: 26931582.5, Max: 26931582.6, Diff: 0.2]
   [Code Root Fixup: 0.1 ms]
   [Code Root Purge: 0.0 ms]
   [Clear CT: 0.1 ms]
   [Other: 22.4 ms]
      [Choose CSet: 0.0 ms]
      [Ref Proc: 2.3 ms]
      [Ref Enq: 0.0 ms]
      [Redirty Cards: 0.1 ms]
      [Humongous Register: 10.8 ms]
      [Humongous Reclaim: 0.0 ms]
      [Free CSet: 0.1 ms]
   [Eden: 47.0M(47.0M)->0.0B(46.0M) Survivors: 4096.0K->5120.0K Heap: 203.9M(1024.0M)->157.4M(1024.0M)]
 [Times: user=0.09 sys=0.16, real=0.12 secs] 
2024-02-14T22:43:48.776+0300: 29114.574: [GC pause (G1 Evacuation Pause) (young), 0.0204596 secs]
   [Parallel Time: 18.1 ms, GC Workers: 4]
      [GC Worker Start (ms): Min: 29114574.2, Avg: 29114574.2, Max: 29114574.3, Diff: 0.1]
      [Ext Root Scanning (ms): Min: 1.5, Avg: 2.4, Max: 2.9, Diff: 1.4, Sum: 9.4]
      [Update RS (ms): Min: 1.9, Avg: 2.8, Max: 3.1, Diff: 1.2, Sum: 11.1]
         [Processed Buffers: Min: 2, Avg: 8.0, Max: 12, Diff: 10, Sum: 32]
      [Scan RS (ms): Min: 0.0, Avg: 0.0, Max: 0.0, Diff: 0.0, Sum: 0.1]
      [Code Root Scanning (ms): Min: 0.0, Avg: 0.0, Max: 0.1, Diff: 0.1, Sum: 0.2]
      [Object Copy (ms): Min: 11.9, Avg: 11.9, Max: 12.1, Diff: 0.2, Sum: 47.8]
      [Termination (ms): Min: 0.0, Avg: 0.3, Max: 0.5, Diff: 0.5, Sum: 1.2]
         [Termination Attempts: Min: 1, Avg: 1.0, Max: 1, Diff: 0, Sum: 4]
      [GC Worker Other (ms): Min: 0.0, Avg: 0.5, Max: 1.0, Diff: 0.9, Sum: 2.0]
      [GC Worker Total (ms): Min: 17.9, Avg: 17.9, Max: 18.0, Diff: 0.1, Sum: 71.7]
      [GC Worker End (ms): Min: 29114592.1, Avg: 29114592.2, Max: 29114592.2, Diff: 0.1]
   [Code Root Fixup: 0.1 ms]
   [Code Root Purge: 0.0 ms]
   [Clear CT: 0.1 ms]
   [Other: 2.2 ms]
      [Choose CSet: 0.0 ms]
      [Ref Proc: 1.8 ms]
      [Ref Enq: 0.0 ms]
      [Redirty Cards: 0.1 ms]
      [Humongous Register: 0.0 ms]
      [Humongous Reclaim: 0.0 ms]
      [Free CSet: 0.0 ms]
   [Eden: 46.0M(46.0M)->0.0B(47.0M) Survivors: 5120.0K->4096.0K Heap: 203.4M(1024.0M)->156.9M(1024.0M)]
 [Times: user=0.03 sys=0.02, real=0.02 secs] 
2024-02-15T00:00:34.451+0300: 31347.240: [GC pause (G1 Evacuation Pause) (young), 0.0183873 secs]
   [Parallel Time: 17.3 ms, GC Workers: 4]
      [GC Worker Start (ms): Min: 31347240.7, Avg: 31347240.7, Max: 31347240.8, Diff: 0.1]
      [Ext Root Scanning (ms): Min: 0.0, Avg: 1.3, Max: 2.8, Diff: 2.8, Sum: 5.2]
      [Update RS (ms): Min: 0.5, Avg: 1.2, Max: 1.8, Diff: 1.3, Sum: 5.0]
         [Processed Buffers: Min: 0, Avg: 7.8, Max: 21, Diff: 21, Sum: 31]
      [Scan RS (ms): Min: 0.0, Avg: 3.4, Max: 13.7, Diff: 13.7, Sum: 13.7]
      [Code Root Scanning (ms): Min: 0.0, Avg: 0.0, Max: 0.1, Diff: 0.1, Sum: 0.1]
      [Object Copy (ms): Min: 0.0, Avg: 5.6, Max: 7.7, Diff: 7.7, Sum: 22.4]
      [Termination (ms): Min: 0.0, Avg: 4.6, Max: 6.4, Diff: 6.4, Sum: 18.6]
         [Termination Attempts: Min: 1, Avg: 1.2, Max: 2, Diff: 1, Sum: 5]
      [GC Worker Other (ms): Min: 0.0, Avg: 0.9, Max: 2.2, Diff: 2.2, Sum: 3.4]
      [GC Worker Total (ms): Min: 17.0, Avg: 17.1, Max: 17.2, Diff: 0.2, Sum: 68.4]
      [GC Worker End (ms): Min: 31347257.7, Avg: 31347257.8, Max: 31347257.9, Diff: 0.2]
   [Code Root Fixup: 0.1 ms]
   [Code Root Purge: 0.0 ms]
   [Clear CT: 0.1 ms]
   [Other: 0.9 ms]
      [Choose CSet: 0.0 ms]
      [Ref Proc: 0.4 ms]
      [Ref Enq: 0.0 ms]
      [Redirty Cards: 0.0 ms]
      [Humongous Register: 0.2 ms]
      [Humongous Reclaim: 0.0 ms]
      [Free CSet: 0.0 ms]
   [Eden: 47.0M(47.0M)->0.0B(47.0M) Survivors: 4096.0K->4096.0K Heap: 203.9M(1024.0M)->156.9M(1024.0M)]
 [Times: user=0.04 sys=0.01, real=0.02 secs] 
2024-02-15T01:18:10.936+0300: 33572.491: [GC pause (G1 Evacuation Pause) (young), 0.0288249 secs]
   [Parallel Time: 27.0 ms, GC Workers: 4]
      [GC Worker Start (ms): Min: 33572492.3, Avg: 33572492.3, Max: 33572492.3, Diff: 0.1]
      [Ext Root Scanning (ms): Min: 1.0, Avg: 8.4, Max: 26.6, Diff: 25.6, Sum: 33.5]
      [Update RS (ms): Min: 0.0, Avg: 1.9, Max: 3.1, Diff: 3.1, Sum: 7.7]
         [Processed Buffers: Min: 0, Avg: 8.5, Max: 22, Diff: 22, Sum: 34]
      [Scan RS (ms): Min: 0.0, Avg: 0.0, Max: 0.0, Diff: 0.0, Sum: 0.1]
      [Code Root Scanning (ms): Min: 0.0, Avg: 0.0, Max: 0.1, Diff: 0.1, Sum: 0.1]
      [Object Copy (ms): Min: 0.0, Avg: 11.1, Max: 16.1, Diff: 16.1, Sum: 44.6]
      [Termination (ms): Min: 0.0, Avg: 5.0, Max: 6.8, Diff: 6.8, Sum: 19.8]
         [Termination Attempts: Min: 1, Avg: 1.2, Max: 2, Diff: 1, Sum: 5]
      [GC Worker Other (ms): Min: 0.0, Avg: 0.3, Max: 1.0, Diff: 0.9, Sum: 1.0]
      [GC Worker Total (ms): Min: 26.7, Avg: 26.7, Max: 26.8, Diff: 0.2, Sum: 106.8]
      [GC Worker End (ms): Min: 33572518.9, Avg: 33572519.0, Max: 33572519.1, Diff: 0.2]
   [Code Root Fixup: 0.1 ms]
   [Code Root Purge: 0.0 ms]
   [Clear CT: 0.1 ms]
   [Other: 1.7 ms]
      [Choose CSet: 0.0 ms]
      [Ref Proc: 0.3 ms]
      [Ref Enq: 0.0 ms]
      [Redirty Cards: 0.1 ms]
      [Humongous Register: 0.0 ms]
      [Humongous Reclaim: 0.0 ms]
      [Free CSet: 0.0 ms]
   [Eden: 47.0M(47.0M)->0.0B(46.0M) Survivors: 4096.0K->5120.0K Heap: 203.9M(1024.0M)->157.4M(1024.0M)]
 [Times: user=0.05 sys=0.02, real=0.03 secs] 
2024-02-15T02:34:19.926+0300: 35753.697: [GC pause (G1 Evacuation Pause) (young), 0.0615507 secs]
   [Parallel Time: 56.0 ms, GC Workers: 4]
      [GC Worker Start (ms): Min: 35753697.7, Avg: 35753702.1, Max: 35753707.9, Diff: 10.2]
      [Ext Root Scanning (ms): Min: 1.1, Avg: 6.8, Max: 11.1, Diff: 10.0, Sum: 27.2]
      [Update RS (ms): Min: 3.9, Avg: 8.6, Max: 12.5, Diff: 8.6, Sum: 34.5]
         [Processed Buffers: Min: 0, Avg: 8.8, Max: 25, Diff: 25, Sum: 35]
      [Scan RS (ms): Min: 0.0, Avg: 0.1, Max: 0.1, Diff: 0.1, Sum: 0.2]
      [Code Root Scanning (ms): Min: 0.0, Avg: 0.1, Max: 0.3, Diff: 0.3, Sum: 0.5]
      [Object Copy (ms): Min: 31.9, Avg: 35.6, Max: 42.6, Diff: 10.7, Sum: 142.3]
      [Termination (ms): Min: 0.0, Avg: 0.0, Max: 0.0, Diff: 0.0, Sum: 0.0]
         [Termination Attempts: Min: 1, Avg: 1.0, Max: 1, Diff: 0, Sum: 4]
      [GC Worker Other (ms): Min: 0.1, Avg: 0.1, Max: 0.1, Diff: 0.0, Sum: 0.4]
      [GC Worker Total (ms): Min: 45.5, Avg: 51.3, Max: 55.6, Diff: 10.2, Sum: 205.1]
      [GC Worker End (ms): Min: 35753753.3, Avg: 35753753.4, Max: 35753753.4, Diff: 0.0]
   [Code Root Fixup: 0.4 ms]
   [Code Root Purge: 0.0 ms]
   [Clear CT: 0.4 ms]
   [Other: 4.7 ms]
      [Choose CSet: 0.0 ms]
      [Ref Proc: 2.8 ms]
      [Ref Enq: 0.0 ms]
      [Redirty Cards: 0.4 ms]
      [Humongous Register: 0.1 ms]
      [Humongous Reclaim: 0.1 ms]
      [Free CSet: 0.1 ms]
   [Eden: 46.0M(46.0M)->0.0B(47.0M) Survivors: 5120.0K->4096.0K Heap: 203.4M(1024.0M)->157.3M(1024.0M)]
 [Times: user=0.13 sys=0.01, real=0.07 secs] 
2024-02-15T11:51:17.619+0300: 37978.125: [GC pause (G1 Evacuation Pause) (young), 0.1020765 secs]
   [Parallel Time: 82.3 ms, GC Workers: 4]
      [GC Worker Start (ms): Min: 37978125.1, Avg: 37978125.6, Max: 37978126.6, Diff: 1.5]
      [Ext Root Scanning (ms): Min: 0.4, Avg: 2.6, Max: 4.0, Diff: 3.6, Sum: 10.3]
      [Update RS (ms): Min: 2.3, Avg: 4.0, Max: 5.1, Diff: 2.8, Sum: 15.9]
         [Processed Buffers: Min: 0, Avg: 8.2, Max: 32, Diff: 32, Sum: 33]
      [Scan RS (ms): Min: 3.2, Avg: 5.2, Max: 8.5, Diff: 5.3, Sum: 20.8]
      [Code Root Scanning (ms): Min: 0.0, Avg: 0.1, Max: 0.5, Diff: 0.5, Sum: 0.6]
      [Object Copy (ms): Min: 16.3, Avg: 38.7, Max: 61.2, Diff: 44.8, Sum: 155.0]
      [Termination (ms): Min: 0.0, Avg: 24.4, Max: 50.8, Diff: 50.8, Sum: 97.5]
         [Termination Attempts: Min: 1, Avg: 6.5, Max: 10, Diff: 9, Sum: 26]
      [GC Worker Other (ms): Min: 0.0, Avg: 1.9, Max: 6.6, Diff: 6.6, Sum: 7.8]
      [GC Worker Total (ms): Min: 71.3, Avg: 77.0, Max: 82.0, Diff: 10.7, Sum: 307.8]
      [GC Worker End (ms): Min: 37978197.9, Avg: 37978202.5, Max: 37978207.2, Diff: 9.3]
   [Code Root Fixup: 0.1 ms]
   [Code Root Purge: 0.0 ms]
   [Clear CT: 0.1 ms]
   [Other: 19.6 ms]
      [Choose CSet: 0.0 ms]
      [Ref Proc: 18.5 ms]
      [Ref Enq: 0.0 ms]
      [Redirty Cards: 0.1 ms]
      [Humongous Register: 0.0 ms]
      [Humongous Reclaim: 0.0 ms]
      [Free CSet: 0.0 ms]
   [Eden: 47.0M(47.0M)->0.0B(48.0M) Survivors: 4096.0K->3072.0K Heap: 204.3M(1024.0M)->158.4M(1024.0M)]
 [Times: user=0.04 sys=0.06, real=0.11 secs] 
2024-02-15T12:58:55.560+0300: 40241.842: [GC pause (G1 Evacuation Pause) (young), 0.1350615 secs]
   [Parallel Time: 92.4 ms, GC Workers: 4]
      [GC Worker Start (ms): Min: 40241884.2, Avg: 40241885.1, Max: 40241885.5, Diff: 1.3]
      [Ext Root Scanning (ms): Min: 32.0, Avg: 44.2, Max: 79.4, Diff: 47.4, Sum: 176.6]
      [Update RS (ms): Min: 0.0, Avg: 13.6, Max: 19.1, Diff: 19.1, Sum: 54.4]
         [Processed Buffers: Min: 0, Avg: 8.5, Max: 17, Diff: 17, Sum: 34]
      [Scan RS (ms): Min: 0.0, Avg: 0.3, Max: 0.6, Diff: 0.6, Sum: 1.2]
      [Code Root Scanning (ms): Min: 0.0, Avg: 0.7, Max: 1.8, Diff: 1.8, Sum: 2.7]
      [Object Copy (ms): Min: 4.4, Avg: 19.9, Max: 35.0, Diff: 30.6, Sum: 79.4]
      [Termination (ms): Min: 0.0, Avg: 9.3, Max: 23.7, Diff: 23.7, Sum: 37.4]
         [Termination Attempts: Min: 1, Avg: 16.5, Max: 40, Diff: 39, Sum: 66]
      [GC Worker Other (ms): Min: 0.0, Avg: 1.2, Max: 2.4, Diff: 2.4, Sum: 4.9]
      [GC Worker Total (ms): Min: 88.7, Avg: 89.2, Max: 90.2, Diff: 1.5, Sum: 356.7]
      [GC Worker End (ms): Min: 40241974.3, Avg: 40241974.3, Max: 40241974.4, Diff: 0.2]
   [Code Root Fixup: 0.1 ms]
   [Code Root Purge: 0.0 ms]
   [Clear CT: 0.1 ms]
   [Other: 42.5 ms]
      [Choose CSet: 0.0 ms]
      [Ref Proc: 1.2 ms]
      [Ref Enq: 0.0 ms]
      [Redirty Cards: 0.1 ms]
      [Humongous Register: 20.3 ms]
      [Humongous Reclaim: 0.0 ms]
      [Free CSet: 0.1 ms]
   [Eden: 48.0M(48.0M)->0.0B(50.0M) Survivors: 3072.0K->1024.0K Heap: 206.4M(1024.0M)->158.3M(1024.0M)]
 [Times: user=0.05 sys=0.16, real=0.13 secs] 
2024-02-15T14:34:33.727+0300: 42615.359: [GC pause (G1 Evacuation Pause) (young), 0.0909701 secs]
   [Parallel Time: 63.6 ms, GC Workers: 4]
      [GC Worker Start (ms): Min: 42615382.2, Avg: 42615382.5, Max: 42615382.7, Diff: 0.5]
      [Ext Root Scanning (ms): Min: 16.3, Avg: 32.2, Max: 59.9, Diff: 43.6, Sum: 128.9]
      [Update RS (ms): Min: 0.0, Avg: 3.1, Max: 6.3, Diff: 6.3, Sum: 12.5]
         [Processed Buffers: Min: 0, Avg: 9.2, Max: 22, Diff: 22, Sum: 37]
      [Scan RS (ms): Min: 0.0, Avg: 0.3, Max: 0.5, Diff: 0.5, Sum: 1.1]
      [Code Root Scanning (ms): Min: 0.0, Avg: 0.0, Max: 0.0, Diff: 0.0, Sum: 0.0]
      [Object Copy (ms): Min: 0.6, Avg: 18.0, Max: 35.3, Diff: 34.7, Sum: 72.2]
      [Termination (ms): Min: 0.0, Avg: 7.1, Max: 14.3, Diff: 14.2, Sum: 28.5]
         [Termination Attempts: Min: 1, Avg: 13.8, Max: 32, Diff: 31, Sum: 55]
      [GC Worker Other (ms): Min: 0.3, Avg: 1.3, Max: 2.2, Diff: 1.9, Sum: 5.1]
      [GC Worker Total (ms): Min: 61.9, Avg: 62.1, Max: 62.3, Diff: 0.4, Sum: 248.3]
      [GC Worker End (ms): Min: 42615444.5, Avg: 42615444.5, Max: 42615444.7, Diff: 0.2]
   [Code Root Fixup: 0.1 ms]
   [Code Root Purge: 0.0 ms]
   [Clear CT: 1.1 ms]
   [Other: 26.3 ms]
      [Choose CSet: 0.0 ms]
      [Ref Proc: 3.9 ms]
      [Ref Enq: 0.0 ms]
      [Redirty Cards: 0.1 ms]
      [Humongous Register: 10.7 ms]
      [Humongous Reclaim: 0.0 ms]
      [Free CSet: 0.2 ms]
   [Eden: 50.0M(50.0M)->0.0B(50.0M) Survivors: 1024.0K->1024.0K Heap: 208.3M(1024.0M)->158.0M(1024.0M)]
 [Times: user=0.04 sys=0.10, real=0.10 secs] 
2024-02-16T01:34:38.346+0300: 44984.581: [GC pause (G1 Evacuation Pause) (young), 0.0180441 secs]
   [Parallel Time: 10.4 ms, GC Workers: 4]
      [GC Worker Start (ms): Min: 44984583.9, Avg: 44984583.9, Max: 44984584.0, Diff: 0.1]
      [Ext Root Scanning (ms): Min: 4.6, Avg: 6.4, Max: 7.9, Diff: 3.3, Sum: 25.4]
      [Update RS (ms): Min: 0.0, Avg: 0.4, Max: 0.8, Diff: 0.8, Sum: 1.7]
         [Processed Buffers: Min: 0, Avg: 8.5, Max: 21, Diff: 21, Sum: 34]
      [Scan RS (ms): Min: 0.0, Avg: 0.0, Max: 0.0, Diff: 0.0, Sum: 0.0]
      [Code Root Scanning (ms): Min: 0.0, Avg: 0.2, Max: 0.7, Diff: 0.7, Sum: 0.7]
      [Object Copy (ms): Min: 1.4, Avg: 2.7, Max: 4.2, Diff: 2.8, Sum: 10.7]
      [Termination (ms): Min: 0.0, Avg: 0.4, Max: 0.8, Diff: 0.8, Sum: 1.4]
         [Termination Attempts: Min: 1, Avg: 1.0, Max: 1, Diff: 0, Sum: 4]
      [GC Worker Other (ms): Min: 0.0, Avg: 0.3, Max: 0.6, Diff: 0.6, Sum: 1.2]
      [GC Worker Total (ms): Min: 10.2, Avg: 10.3, Max: 10.4, Diff: 0.2, Sum: 41.2]
      [GC Worker End (ms): Min: 44984594.2, Avg: 44984594.3, Max: 44984594.3, Diff: 0.1]
   [Code Root Fixup: 0.1 ms]
   [Code Root Purge: 0.0 ms]
   [Clear CT: 0.7 ms]
   [Other: 6.8 ms]
      [Choose CSet: 0.0 ms]
      [Ref Proc: 2.9 ms]
      [Ref Enq: 0.0 ms]
      [Redirty Cards: 0.0 ms]
      [Humongous Register: 1.8 ms]
      [Humongous Reclaim: 0.0 ms]
      [Free CSet: 0.0 ms]
   [Eden: 50.0M(50.0M)->0.0B(50.0M) Survivors: 1024.0K->1024.0K Heap: 208.0M(1024.0M)->157.9M(1024.0M)]
 [Times: user=0.01 sys=0.02, real=0.03 secs] 
2024-02-16T06:55:33.994+0300: 47359.569: [GC pause (G1 Evacuation Pause) (young), 0.0123946 secs]
   [Parallel Time: 4.5 ms, GC Workers: 4]
      [GC Worker Start (ms): Min: 47359569.0, Avg: 47359569.0, Max: 47359569.0, Diff: 0.1]
      [Ext Root Scanning (ms): Min: 1.4, Avg: 1.9, Max: 2.6, Diff: 1.2, Sum: 7.7]
      [Update RS (ms): Min: 0.2, Avg: 0.5, Max: 0.8, Diff: 0.7, Sum: 1.9]
         [Processed Buffers: Min: 2, Avg: 8.5, Max: 21, Diff: 19, Sum: 34]
      [Scan RS (ms): Min: 0.0, Avg: 0.0, Max: 0.0, Diff: 0.0, Sum: 0.1]
      [Code Root Scanning (ms): Min: 0.0, Avg: 0.3, Max: 1.1, Diff: 1.1, Sum: 1.1]
      [Object Copy (ms): Min: 0.6, Avg: 1.5, Max: 2.5, Diff: 2.0, Sum: 6.2]
      [Termination (ms): Min: 0.0, Avg: 0.1, Max: 0.1, Diff: 0.1, Sum: 0.2]
         [Termination Attempts: Min: 1, Avg: 1.0, Max: 1, Diff: 0, Sum: 4]
      [GC Worker Other (ms): Min: 0.0, Avg: 0.0, Max: 0.0, Diff: 0.0, Sum: 0.1]
      [GC Worker Total (ms): Min: 4.3, Avg: 4.3, Max: 4.3, Diff: 0.0, Sum: 17.3]
      [GC Worker End (ms): Min: 47359573.3, Avg: 47359573.3, Max: 47359573.4, Diff: 0.1]
   [Code Root Fixup: 0.1 ms]
   [Code Root Purge: 0.0 ms]
   [Clear CT: 0.1 ms]
   [Other: 7.7 ms]
      [Choose CSet: 0.0 ms]
      [Ref Proc: 7.1 ms]
      [Ref Enq: 0.0 ms]
      [Redirty Cards: 0.1 ms]
      [Humongous Register: 0.0 ms]
      [Humongous Reclaim: 0.0 ms]
      [Free CSet: 0.1 ms]
   [Eden: 50.0M(50.0M)->0.0B(50.0M) Survivors: 1024.0K->1024.0K Heap: 207.9M(1024.0M)->158.0M(1024.0M)]
 [Times: user=0.00 sys=0.01, real=0.01 secs] 
2024-02-16T11:04:22.240+0300: 49729.017: [GC pause (G1 Evacuation Pause) (young), 0.0931524 secs]
   [Parallel Time: 78.3 ms, GC Workers: 4]
      [GC Worker Start (ms): Min: 49729026.3, Avg: 49729026.4, Max: 49729026.5, Diff: 0.2]
      [Ext Root Scanning (ms): Min: 7.6, Avg: 11.8, Max: 23.1, Diff: 15.4, Sum: 47.2]
      [Update RS (ms): Min: 0.0, Avg: 3.2, Max: 4.4, Diff: 4.4, Sum: 12.8]
         [Processed Buffers: Min: 0, Avg: 8.8, Max: 20, Diff: 20, Sum: 35]
      [Scan RS (ms): Min: 0.0, Avg: 0.0, Max: 0.0, Diff: 0.0, Sum: 0.0]
      [Code Root Scanning (ms): Min: 0.0, Avg: 0.2, Max: 0.7, Diff: 0.7, Sum: 0.7]
      [Object Copy (ms): Min: 9.6, Avg: 33.1, Max: 56.2, Diff: 46.6, Sum: 132.6]
      [Termination (ms): Min: 2.7, Avg: 29.4, Max: 56.4, Diff: 53.7, Sum: 117.8]
         [Termination Attempts: Min: 7, Avg: 34.0, Max: 66, Diff: 59, Sum: 136]
      [GC Worker Other (ms): Min: 0.0, Avg: 0.3, Max: 0.9, Diff: 0.8, Sum: 1.1]
      [GC Worker Total (ms): Min: 77.9, Avg: 78.1, Max: 78.2, Diff: 0.3, Sum: 312.2]
      [GC Worker End (ms): Min: 49729104.4, Avg: 49729104.5, Max: 49729104.6, Diff: 0.2]
   [Code Root Fixup: 0.1 ms]
   [Code Root Purge: 0.0 ms]
   [Clear CT: 0.1 ms]
   [Other: 14.6 ms]
      [Choose CSet: 0.0 ms]
      [Ref Proc: 4.5 ms]
      [Ref Enq: 0.0 ms]
      [Redirty Cards: 0.0 ms]
      [Humongous Register: 4.1 ms]
      [Humongous Reclaim: 0.0 ms]
      [Free CSet: 0.2 ms]
   [Eden: 50.0M(50.0M)->0.0B(50.0M) Survivors: 1024.0K->1024.0K Heap: 208.0M(1024.0M)->158.0M(1024.0M)]
 [Times: user=0.13 sys=0.10, real=0.09 secs] 
2024-02-16T13:00:26.680+0300: 52099.577: [GC pause (G1 Evacuation Pause) (young), 0.0084361 secs]
   [Parallel Time: 4.8 ms, GC Workers: 4]
      [GC Worker Start (ms): Min: 52099576.8, Avg: 52099576.8, Max: 52099576.9, Diff: 0.1]
      [Ext Root Scanning (ms): Min: 1.2, Avg: 1.7, Max: 2.8, Diff: 1.6, Sum: 6.7]
      [Update RS (ms): Min: 0.3, Avg: 1.3, Max: 2.7, Diff: 2.3, Sum: 5.3]
         [Processed Buffers: Min: 0, Avg: 9.2, Max: 24, Diff: 24, Sum: 37]
      [Scan RS (ms): Min: 0.0, Avg: 0.0, Max: 0.1, Diff: 0.0, Sum: 0.1]
      [Code Root Scanning (ms): Min: 0.0, Avg: 0.0, Max: 0.1, Diff: 0.1, Sum: 0.1]
      [Object Copy (ms): Min: 0.3, Avg: 1.5, Max: 2.9, Diff: 2.6, Sum: 5.8]
      [Termination (ms): Min: 0.0, Avg: 0.1, Max: 0.2, Diff: 0.2, Sum: 0.5]
         [Termination Attempts: Min: 1, Avg: 1.0, Max: 1, Diff: 0, Sum: 4]
      [GC Worker Other (ms): Min: 0.0, Avg: 0.0, Max: 0.1, Diff: 0.1, Sum: 0.1]
      [GC Worker Total (ms): Min: 4.6, Avg: 4.7, Max: 4.7, Diff: 0.1, Sum: 18.6]
      [GC Worker End (ms): Min: 52099581.5, Avg: 52099581.5, Max: 52099581.5, Diff: 0.1]
   [Code Root Fixup: 0.1 ms]
   [Code Root Purge: 0.0 ms]
   [Clear CT: 0.2 ms]
   [Other: 3.3 ms]
      [Choose CSet: 0.0 ms]
      [Ref Proc: 2.8 ms]
      [Ref Enq: 0.0 ms]
      [Redirty Cards: 0.1 ms]
      [Humongous Register: 0.0 ms]
      [Humongous Reclaim: 0.0 ms]
      [Free CSet: 0.0 ms]
   [Eden: 50.0M(50.0M)->0.0B(50.0M) Survivors: 1024.0K->1024.0K Heap: 208.0M(1024.0M)->158.0M(1024.0M)]
 [Times: user=0.01 sys=0.01, real=0.00 secs] 
2024-02-16T13:39:52.291+0300: 54465.117: [GC pause (G1 Evacuation Pause) (young), 0.0067726 secs]
   [Parallel Time: 3.4 ms, GC Workers: 4]
      [GC Worker Start (ms): Min: 54465116.8, Avg: 54465116.8, Max: 54465116.8, Diff: 0.1]
      [Ext Root Scanning (ms): Min: 0.1, Avg: 0.9, Max: 1.3, Diff: 1.2, Sum: 3.6]
      [Update RS (ms): Min: 0.0, Avg: 0.3, Max: 0.6, Diff: 0.6, Sum: 1.4]
         [Processed Buffers: Min: 2, Avg: 9.0, Max: 27, Diff: 25, Sum: 36]
      [Scan RS (ms): Min: 0.0, Avg: 0.0, Max: 0.0, Diff: 0.0, Sum: 0.1]
      [Code Root Scanning (ms): Min: 0.0, Avg: 0.0, Max: 0.1, Diff: 0.1, Sum: 0.1]
      [Object Copy (ms): Min: 0.4, Avg: 0.9, Max: 1.2, Diff: 0.8, Sum: 3.7]
      [Termination (ms): Min: 0.0, Avg: 0.7, Max: 1.0, Diff: 1.0, Sum: 3.0]
         [Termination Attempts: Min: 1, Avg: 1.0, Max: 1, Diff: 0, Sum: 4]
      [GC Worker Other (ms): Min: 0.0, Avg: 0.3, Max: 1.0, Diff: 1.0, Sum: 1.1]
      [GC Worker Total (ms): Min: 3.2, Avg: 3.2, Max: 3.3, Diff: 0.1, Sum: 12.9]
      [GC Worker End (ms): Min: 54465119.9, Avg: 54465120.0, Max: 54465120.1, Diff: 0.2]
   [Code Root Fixup: 0.1 ms]
   [Code Root Purge: 0.0 ms]
   [Clear CT: 0.1 ms]
   [Other: 3.2 ms]
      [Choose CSet: 0.0 ms]
      [Ref Proc: 2.6 ms]
      [Ref Enq: 0.0 ms]
      [Redirty Cards: 0.1 ms]
      [Humongous Register: 0.0 ms]
      [Humongous Reclaim: 0.0 ms]
      [Free CSet: 0.0 ms]
   [Eden: 50.0M(50.0M)->0.0B(50.0M) Survivors: 1024.0K->1024.0K Heap: 208.0M(1024.0M)->158.0M(1024.0M)]
 [Times: user=0.01 sys=0.01, real=0.00 secs] 
2024-02-16T17:09:40.921+0300: 56843.869: [GC pause (G1 Evacuation Pause) (young), 0.0657200 secs]
   [Parallel Time: 53.3 ms, GC Workers: 4]
      [GC Worker Start (ms): Min: 56843878.5, Avg: 56843878.6, Max: 56843878.7, Diff: 0.2]
      [Ext Root Scanning (ms): Min: 5.2, Avg: 9.5, Max: 21.8, Diff: 16.6, Sum: 38.1]
      [Update RS (ms): Min: 0.0, Avg: 4.1, Max: 5.5, Diff: 5.5, Sum: 16.3]
         [Processed Buffers: Min: 0, Avg: 9.2, Max: 23, Diff: 23, Sum: 37]
      [Scan RS (ms): Min: 0.0, Avg: 0.0, Max: 0.0, Diff: 0.0, Sum: 0.0]
      [Code Root Scanning (ms): Min: 0.0, Avg: 0.0, Max: 0.1, Diff: 0.1, Sum: 0.1]
      [Object Copy (ms): Min: 14.0, Avg: 21.0, Max: 29.9, Diff: 15.8, Sum: 83.9]
      [Termination (ms): Min: 11.4, Avg: 17.7, Max: 27.4, Diff: 16.0, Sum: 70.7]
         [Termination Attempts: Min: 21, Avg: 36.8, Max: 62, Diff: 41, Sum: 147]
      [GC Worker Other (ms): Min: 0.1, Avg: 0.7, Max: 0.9, Diff: 0.8, Sum: 2.7]
      [GC Worker Total (ms): Min: 52.8, Avg: 53.0, Max: 53.2, Diff: 0.3, Sum: 211.8]
      [GC Worker End (ms): Min: 56843931.4, Avg: 56843931.5, Max: 56843931.6, Diff: 0.2]
   [Code Root Fixup: 0.1 ms]
   [Code Root Purge: 0.0 ms]
   [Clear CT: 0.2 ms]
   [Other: 12.2 ms]
      [Choose CSet: 0.0 ms]
      [Ref Proc: 2.4 ms]
      [Ref Enq: 0.0 ms]
      [Redirty Cards: 0.1 ms]
      [Humongous Register: 4.4 ms]
      [Humongous Reclaim: 0.0 ms]
      [Free CSet: 0.3 ms]
   [Eden: 50.0M(50.0M)->0.0B(50.0M) Survivors: 1024.0K->1024.0K Heap: 208.0M(1024.0M)->157.9M(1024.0M)]
 [Times: user=0.06 sys=0.06, real=0.06 secs] 
2024-02-16T17:48:51.771+0300: 59194.586: [GC pause (G1 Evacuation Pause) (young), 0.0837910 secs]
   [Parallel Time: 57.9 ms, GC Workers: 4]
      [GC Worker Start (ms): Min: 59194601.1, Avg: 59194602.6, Max: 59194603.3, Diff: 2.2]
      [Ext Root Scanning (ms): Min: 8.6, Avg: 15.8, Max: 35.9, Diff: 27.3, Sum: 63.4]
      [Update RS (ms): Min: 0.0, Avg: 2.4, Max: 3.6, Diff: 3.6, Sum: 9.4]
         [Processed Buffers: Min: 0, Avg: 9.0, Max: 20, Diff: 20, Sum: 36]
      [Scan RS (ms): Min: 0.0, Avg: 0.0, Max: 0.0, Diff: 0.0, Sum: 0.0]
      [Code Root Scanning (ms): Min: 0.0, Avg: 0.2, Max: 0.7, Diff: 0.7, Sum: 0.7]
      [Object Copy (ms): Min: 0.0, Avg: 23.2, Max: 42.5, Diff: 42.5, Sum: 92.8]
      [Termination (ms): Min: 0.0, Avg: 13.9, Max: 34.9, Diff: 34.9, Sum: 55.8]
         [Termination Attempts: Min: 1, Avg: 21.0, Max: 55, Diff: 54, Sum: 84]
      [GC Worker Other (ms): Min: 0.1, Avg: 0.6, Max: 1.1, Diff: 1.0, Sum: 2.4]
      [GC Worker Total (ms): Min: 55.4, Avg: 56.1, Max: 57.8, Diff: 2.4, Sum: 224.5]
      [GC Worker End (ms): Min: 59194658.7, Avg: 59194658.8, Max: 59194658.9, Diff: 0.2]
   [Code Root Fixup: 0.1 ms]
   [Code Root Purge: 0.0 ms]
   [Clear CT: 0.8 ms]
   [Other: 24.9 ms]
      [Choose CSet: 0.0 ms]
      [Ref Proc: 7.3 ms]
      [Ref Enq: 0.0 ms]
      [Redirty Cards: 0.1 ms]
      [Humongous Register: 7.8 ms]
      [Humongous Reclaim: 0.0 ms]
      [Free CSet: 0.9 ms]
   [Eden: 50.0M(50.0M)->0.0B(50.0M) Survivors: 1024.0K->1024.0K Heap: 207.9M(1024.0M)->158.0M(1024.0M)]
 [Times: user=0.06 sys=0.09, real=0.08 secs] 
2024-02-17T12:26:07.238+0300: 61554.581: [GC pause (G1 Evacuation Pause) (young), 0.1055425 secs]
   [Parallel Time: 88.7 ms, GC Workers: 4]
      [GC Worker Start (ms): Min: 61554592.0, Avg: 61554592.3, Max: 61554592.4, Diff: 0.4]
      [Ext Root Scanning (ms): Min: 9.4, Avg: 15.2, Max: 32.1, Diff: 22.8, Sum: 60.8]
      [Update RS (ms): Min: 0.0, Avg: 2.8, Max: 3.9, Diff: 3.9, Sum: 11.1]
         [Processed Buffers: Min: 0, Avg: 8.8, Max: 22, Diff: 22, Sum: 35]
      [Scan RS (ms): Min: 0.0, Avg: 0.0, Max: 0.0, Diff: 0.0, Sum: 0.0]
      [Code Root Scanning (ms): Min: 0.0, Avg: 0.0, Max: 0.1, Diff: 0.1, Sum: 0.1]
      [Object Copy (ms): Min: 13.1, Avg: 38.4, Max: 74.6, Diff: 61.5, Sum: 153.6]
      [Termination (ms): Min: 0.0, Avg: 31.5, Max: 45.2, Diff: 45.2, Sum: 126.0]
         [Termination Attempts: Min: 2, Avg: 32.8, Max: 63, Diff: 61, Sum: 131]
      [GC Worker Other (ms): Min: 0.0, Avg: 0.3, Max: 0.6, Diff: 0.6, Sum: 1.0]
      [GC Worker Total (ms): Min: 88.0, Avg: 88.2, Max: 88.4, Diff: 0.4, Sum: 352.6]
      [GC Worker End (ms): Min: 61554680.4, Avg: 61554680.4, Max: 61554680.5, Diff: 0.1]
   [Code Root Fixup: 0.1 ms]
   [Code Root Purge: 0.0 ms]
   [Clear CT: 0.2 ms]
   [Other: 16.6 ms]
      [Choose CSet: 0.0 ms]
      [Ref Proc: 3.4 ms]
      [Ref Enq: 0.0 ms]
      [Redirty Cards: 0.1 ms]
      [Humongous Register: 5.2 ms]
      [Humongous Reclaim: 0.0 ms]
      [Free CSet: 1.0 ms]
   [Eden: 50.0M(50.0M)->0.0B(50.0M) Survivors: 1024.0K->1024.0K Heap: 208.0M(1024.0M)->158.0M(1024.0M)]
 [Times: user=0.08 sys=0.10, real=0.11 secs] 
2024-02-17T14:33:20.447+0300: 63925.797: [GC pause (G1 Evacuation Pause) (young), 0.0111155 secs]
   [Parallel Time: 6.4 ms, GC Workers: 4]
      [GC Worker Start (ms): Min: 63925797.0, Avg: 63925797.1, Max: 63925797.1, Diff: 0.1]
      [Ext Root Scanning (ms): Min: 1.2, Avg: 1.4, Max: 2.0, Diff: 0.8, Sum: 5.7]
      [Update RS (ms): Min: 0.3, Avg: 0.4, Max: 0.5, Diff: 0.2, Sum: 1.6]
         [Processed Buffers: Min: 4, Avg: 8.5, Max: 11, Diff: 7, Sum: 34]
      [Scan RS (ms): Min: 0.0, Avg: 0.0, Max: 0.0, Diff: 0.0, Sum: 0.1]
      [Code Root Scanning (ms): Min: 0.0, Avg: 0.0, Max: 0.1, Diff: 0.1, Sum: 0.1]
      [Object Copy (ms): Min: 2.6, Avg: 3.4, Max: 4.2, Diff: 1.6, Sum: 13.7]
      [Termination (ms): Min: 0.0, Avg: 0.6, Max: 1.0, Diff: 1.0, Sum: 2.4]
         [Termination Attempts: Min: 1, Avg: 1.5, Max: 2, Diff: 1, Sum: 6]
      [GC Worker Other (ms): Min: 0.0, Avg: 0.2, Max: 0.9, Diff: 0.9, Sum: 1.0]
      [GC Worker Total (ms): Min: 5.9, Avg: 6.1, Max: 6.3, Diff: 0.4, Sum: 24.5]
      [GC Worker End (ms): Min: 63925803.1, Avg: 63925803.2, Max: 63925803.4, Diff: 0.3]
   [Code Root Fixup: 0.1 ms]
   [Code Root Purge: 0.0 ms]
   [Clear CT: 0.1 ms]
   [Other: 4.5 ms]
      [Choose CSet: 0.0 ms]
      [Ref Proc: 4.1 ms]
      [Ref Enq: 0.0 ms]
      [Redirty Cards: 0.1 ms]
      [Humongous Register: 0.0 ms]
      [Humongous Reclaim: 0.0 ms]
      [Free CSet: 0.0 ms]
   [Eden: 50.0M(50.0M)->0.0B(50.0M) Survivors: 1024.0K->1024.0K Heap: 208.0M(1024.0M)->158.0M(1024.0M)]
 [Times: user=0.01 sys=0.01, real=0.01 secs] 
2024-02-18T01:03:17.083+0300: 66297.235: [GC pause (G1 Evacuation Pause) (young), 0.1048877 secs]
   [Parallel Time: 82.1 ms, GC Workers: 4]
      [GC Worker Start (ms): Min: 66297248.6, Avg: 66297248.7, Max: 66297248.8, Diff: 0.2]
      [Ext Root Scanning (ms): Min: 8.1, Avg: 16.1, Max: 39.2, Diff: 31.1, Sum: 64.2]
      [Update RS (ms): Min: 0.0, Avg: 2.3, Max: 3.2, Diff: 3.2, Sum: 9.4]
         [Processed Buffers: Min: 0, Avg: 8.5, Max: 20, Diff: 20, Sum: 34]
      [Scan RS (ms): Min: 0.0, Avg: 0.0, Max: 0.0, Diff: 0.0, Sum: 0.0]
      [Code Root Scanning (ms): Min: 0.0, Avg: 0.2, Max: 0.7, Diff: 0.7, Sum: 0.7]
      [Object Copy (ms): Min: 20.8, Avg: 35.5, Max: 52.4, Diff: 31.6, Sum: 142.1]
      [Termination (ms): Min: 12.7, Avg: 27.1, Max: 49.2, Diff: 36.6, Sum: 108.4]
         [Termination Attempts: Min: 5, Avg: 29.8, Max: 57, Diff: 52, Sum: 119]
      [GC Worker Other (ms): Min: 0.1, Avg: 0.7, Max: 1.6, Diff: 1.5, Sum: 2.9]
      [GC Worker Total (ms): Min: 81.8, Avg: 81.9, Max: 82.0, Diff: 0.2, Sum: 327.7]
      [GC Worker End (ms): Min: 66297330.6, Avg: 66297330.6, Max: 66297330.6, Diff: 0.0]
   [Code Root Fixup: 0.1 ms]
   [Code Root Purge: 0.0 ms]
   [Clear CT: 0.1 ms]
   [Other: 22.5 ms]
      [Choose CSet: 0.0 ms]
      [Ref Proc: 6.7 ms]
      [Ref Enq: 0.0 ms]
      [Redirty Cards: 0.1 ms]
      [Humongous Register: 7.6 ms]
      [Humongous Reclaim: 0.0 ms]
      [Free CSet: 0.1 ms]
   [Eden: 50.0M(50.0M)->0.0B(50.0M) Survivors: 1024.0K->1024.0K Heap: 208.0M(1024.0M)->158.0M(1024.0M)]
 [Times: user=0.08 sys=0.10, real=0.10 secs] 
2024-02-18T14:20:16.808+0300: 68669.573: [GC pause (G1 Evacuation Pause) (young), 0.0078948 secs]
   [Parallel Time: 6.3 ms, GC Workers: 4]
      [GC Worker Start (ms): Min: 68669573.4, Avg: 68669573.5, Max: 68669573.5, Diff: 0.1]
      [Ext Root Scanning (ms): Min: 2.3, Avg: 3.3, Max: 5.0, Diff: 2.7, Sum: 13.3]
      [Update RS (ms): Min: 0.0, Avg: 0.6, Max: 1.6, Diff: 1.6, Sum: 2.5]
         [Processed Buffers: Min: 0, Avg: 8.2, Max: 32, Diff: 32, Sum: 33]
      [Scan RS (ms): Min: 0.0, Avg: 0.0, Max: 0.0, Diff: 0.0, Sum: 0.1]
      [Code Root Scanning (ms): Min: 0.0, Avg: 0.5, Max: 1.8, Diff: 1.8, Sum: 1.8]
      [Object Copy (ms): Min: 0.9, Avg: 1.4, Max: 2.2, Diff: 1.3, Sum: 5.6]
      [Termination (ms): Min: 0.0, Avg: 0.2, Max: 0.5, Diff: 0.5, Sum: 0.6]
         [Termination Attempts: Min: 1, Avg: 1.0, Max: 1, Diff: 0, Sum: 4]
      [GC Worker Other (ms): Min: 0.0, Avg: 0.0, Max: 0.0, Diff: 0.0, Sum: 0.1]
      [GC Worker Total (ms): Min: 5.9, Avg: 6.0, Max: 6.1, Diff: 0.2, Sum: 24.0]
      [GC Worker End (ms): Min: 68669579.4, Avg: 68669579.5, Max: 68669579.6, Diff: 0.2]
   [Code Root Fixup: 0.1 ms]
   [Code Root Purge: 0.0 ms]
   [Clear CT: 0.2 ms]
   [Other: 1.3 ms]
      [Choose CSet: 0.0 ms]
      [Ref Proc: 0.8 ms]
      [Ref Enq: 0.0 ms]
      [Redirty Cards: 0.1 ms]
      [Humongous Register: 0.0 ms]
      [Humongous Reclaim: 0.0 ms]
      [Free CSet: 0.0 ms]
   [Eden: 50.0M(50.0M)->0.0B(50.0M) Survivors: 1024.0K->1024.0K Heap: 208.0M(1024.0M)->158.0M(1024.0M)]
 [Times: user=0.01 sys=0.01, real=0.01 secs] 
2024-02-18T16:20:29.976+0300: 71029.576: [GC pause (G1 Evacuation Pause) (young), 0.0436949 secs]
   [Parallel Time: 29.3 ms, GC Workers: 4]
      [GC Worker Start (ms): Min: 71029587.5, Avg: 71029587.6, Max: 71029587.9, Diff: 0.4]
      [Ext Root Scanning (ms): Min: 5.6, Avg: 10.2, Max: 21.5, Diff: 15.9, Sum: 40.8]
      [Update RS (ms): Min: 0.0, Avg: 1.9, Max: 2.7, Diff: 2.7, Sum: 7.6]
         [Processed Buffers: Min: 0, Avg: 8.5, Max: 21, Diff: 21, Sum: 34]
      [Scan RS (ms): Min: 0.0, Avg: 0.0, Max: 0.0, Diff: 0.0, Sum: 0.0]
      [Code Root Scanning (ms): Min: 0.0, Avg: 0.2, Max: 0.8, Diff: 0.8, Sum: 0.8]
      [Object Copy (ms): Min: 2.2, Avg: 10.5, Max: 19.3, Diff: 17.1, Sum: 42.0]
      [Termination (ms): Min: 0.1, Avg: 5.6, Max: 9.9, Diff: 9.8, Sum: 22.2]
         [Termination Attempts: Min: 1, Avg: 32.5, Max: 56, Diff: 55, Sum: 130]
      [GC Worker Other (ms): Min: 0.1, Avg: 0.4, Max: 1.0, Diff: 0.9, Sum: 1.5]
      [GC Worker Total (ms): Min: 28.7, Avg: 28.8, Max: 28.9, Diff: 0.2, Sum: 115.0]
      [GC Worker End (ms): Min: 71029616.3, Avg: 71029616.4, Max: 71029616.6, Diff: 0.2]
   [Code Root Fixup: 0.1 ms]
   [Code Root Purge: 0.0 ms]
   [Clear CT: 0.9 ms]
   [Other: 13.4 ms]
      [Choose CSet: 0.0 ms]
      [Ref Proc: 1.9 ms]
      [Ref Enq: 0.0 ms]
      [Redirty Cards: 0.1 ms]
      [Humongous Register: 5.4 ms]
      [Humongous Reclaim: 0.0 ms]
      [Free CSet: 0.1 ms]
   [Eden: 50.0M(50.0M)->0.0B(50.0M) Survivors: 1024.0K->1024.0K Heap: 208.0M(1024.0M)->158.0M(1024.0M)]
 [Times: user=0.03 sys=0.05, real=0.05 secs] 
2024-02-19T14:19:12.861+0300: 73391.113: [GC pause (G1 Evacuation Pause) (young), 0.0082829 secs]
   [Parallel Time: 5.2 ms, GC Workers: 4]
      [GC Worker Start (ms): Min: 73391115.1, Avg: 73391116.0, Max: 73391116.3, Diff: 1.2]
      [Ext Root Scanning (ms): Min: 0.1, Avg: 1.1, Max: 2.3, Diff: 2.2, Sum: 4.4]
      [Update RS (ms): Min: 0.0, Avg: 0.3, Max: 0.7, Diff: 0.7, Sum: 1.0]
         [Processed Buffers: Min: 0, Avg: 8.8, Max: 18, Diff: 18, Sum: 35]
      [Scan RS (ms): Min: 0.0, Avg: 0.0, Max: 0.0, Diff: 0.0, Sum: 0.0]
      [Code Root Scanning (ms): Min: 0.0, Avg: 0.0, Max: 0.0, Diff: 0.0, Sum: 0.1]
      [Object Copy (ms): Min: 1.5, Avg: 1.9, Max: 2.3, Diff: 0.7, Sum: 7.7]
      [Termination (ms): Min: 0.0, Avg: 0.7, Max: 1.0, Diff: 1.0, Sum: 2.7]
         [Termination Attempts: Min: 1, Avg: 2.2, Max: 3, Diff: 2, Sum: 9]
      [GC Worker Other (ms): Min: 0.0, Avg: 0.2, Max: 0.8, Diff: 0.8, Sum: 0.8]
      [GC Worker Total (ms): Min: 3.8, Avg: 4.2, Max: 5.1, Diff: 1.2, Sum: 16.7]
      [GC Worker End (ms): Min: 73391120.2, Avg: 73391120.2, Max: 73391120.2, Diff: 0.0]
   [Code Root Fixup: 0.1 ms]
   [Code Root Purge: 0.0 ms]
   [Clear CT: 0.1 ms]
   [Other: 3.0 ms]
      [Choose CSet: 0.0 ms]
      [Ref Proc: 1.1 ms]
      [Ref Enq: 0.0 ms]
      [Redirty Cards: 0.1 ms]
      [Humongous Register: 0.0 ms]
      [Humongous Reclaim: 0.0 ms]
      [Free CSet: 0.0 ms]
   [Eden: 50.0M(50.0M)->0.0B(50.0M) Survivors: 1024.0K->1024.0K Heap: 208.0M(1024.0M)->158.0M(1024.0M)]
 [Times: user=0.01 sys=0.00, real=0.01 secs] 
2024-02-20T13:13:26.506+0300: 75708.570: [GC pause (G1 Evacuation Pause) (young), 0.0863283 secs]
   [Parallel Time: 70.7 ms, GC Workers: 4]
      [GC Worker Start (ms): Min: 75708580.2, Avg: 75708580.4, Max: 75708580.5, Diff: 0.3]
      [Ext Root Scanning (ms): Min: 8.2, Avg: 18.2, Max: 47.0, Diff: 38.8, Sum: 72.8]
      [Update RS (ms): Min: 0.0, Avg: 20.7, Max: 43.7, Diff: 43.7, Sum: 82.8]
         [Processed Buffers: Min: 0, Avg: 9.0, Max: 21, Diff: 21, Sum: 36]
      [Scan RS (ms): Min: 0.0, Avg: 0.0, Max: 0.0, Diff: 0.0, Sum: 0.1]
      [Code Root Scanning (ms): Min: 0.0, Avg: 0.3, Max: 1.2, Diff: 1.2, Sum: 1.2]
      [Object Copy (ms): Min: 2.0, Avg: 21.7, Max: 51.0, Diff: 49.0, Sum: 86.8]
      [Termination (ms): Min: 0.0, Avg: 8.7, Max: 21.4, Diff: 21.4, Sum: 34.9]
         [Termination Attempts: Min: 1, Avg: 14.2, Max: 34, Diff: 33, Sum: 57]
      [GC Worker Other (ms): Min: 0.1, Avg: 0.7, Max: 1.0, Diff: 1.0, Sum: 2.7]
      [GC Worker Total (ms): Min: 70.2, Avg: 70.3, Max: 70.5, Diff: 0.2, Sum: 281.3]
      [GC Worker End (ms): Min: 75708650.7, Avg: 75708650.7, Max: 75708650.8, Diff: 0.1]
   [Code Root Fixup: 0.1 ms]
   [Code Root Purge: 0.0 ms]
   [Clear CT: 0.1 ms]
   [Other: 15.4 ms]
      [Choose CSet: 0.0 ms]
      [Ref Proc: 4.8 ms]
      [Ref Enq: 0.0 ms]
      [Redirty Cards: 0.1 ms]
      [Humongous Register: 7.7 ms]
      [Humongous Reclaim: 0.0 ms]
      [Free CSet: 0.1 ms]
   [Eden: 50.0M(50.0M)->0.0B(50.0M) Survivors: 1024.0K->1024.0K Heap: 208.0M(1024.0M)->158.1M(1024.0M)]
 [Times: user=0.04 sys=0.12, real=0.09 secs] 
2024-02-21T12:15:46.432+0300: 78019.576: [GC pause (G1 Evacuation Pause) (young), 0.2208136 secs]
   [Parallel Time: 81.7 ms, GC Workers: 4]
      [GC Worker Start (ms): Min: 78019579.1, Avg: 78019585.8, Max: 78019589.8, Diff: 10.7]
      [Ext Root Scanning (ms): Min: 5.8, Avg: 16.3, Max: 32.3, Diff: 26.5, Sum: 65.1]
      [Update RS (ms): Min: 0.0, Avg: 9.0, Max: 21.4, Diff: 21.4, Sum: 35.9]
         [Processed Buffers: Min: 0, Avg: 8.8, Max: 21, Diff: 21, Sum: 35]
      [Scan RS (ms): Min: 0.0, Avg: 0.1, Max: 0.2, Diff: 0.2, Sum: 0.2]
      [Code Root Scanning (ms): Min: 0.0, Avg: 0.0, Max: 0.0, Diff: 0.0, Sum: 0.0]
      [Object Copy (ms): Min: 3.6, Avg: 11.0, Max: 18.1, Diff: 14.4, Sum: 43.9]
      [Termination (ms): Min: 0.9, Avg: 7.5, Max: 25.8, Diff: 24.8, Sum: 30.0]
         [Termination Attempts: Min: 1, Avg: 1.0, Max: 1, Diff: 0, Sum: 4]
      [GC Worker Other (ms): Min: 0.0, Avg: 0.7, Max: 2.9, Diff: 2.8, Sum: 2.9]
      [GC Worker Total (ms): Min: 37.3, Avg: 44.5, Max: 57.3, Diff: 20.0, Sum: 178.1]
      [GC Worker End (ms): Min: 78019624.0, Avg: 78019630.3, Max: 78019647.1, Diff: 23.1]
   [Code Root Fixup: 0.1 ms]
   [Code Root Purge: 0.0 ms]
   [Clear CT: 84.1 ms]
   [Other: 54.9 ms]
      [Choose CSet: 0.0 ms]
      [Ref Proc: 54.4 ms]
      [Ref Enq: 0.0 ms]
      [Redirty Cards: 0.1 ms]
      [Humongous Register: 0.1 ms]
      [Humongous Reclaim: 0.0 ms]
      [Free CSet: 0.0 ms]
   [Eden: 50.0M(50.0M)->0.0B(50.0M) Survivors: 1024.0K->1024.0K Heap: 208.1M(1024.0M)->158.3M(1024.0M)]
 [Times: user=0.03 sys=0.02, real=0.22 secs] 
2024-02-22T07:33:36.274+0300: 80265.078: [GC pause (G1 Evacuation Pause) (young), 2.2003286 secs]
   [Parallel Time: 1676.6 ms, GC Workers: 4]
      [GC Worker Start (ms): Min: 80265191.0, Avg: 80265191.1, Max: 80265191.2, Diff: 0.1]
      [Ext Root Scanning (ms): Min: 31.9, Avg: 426.1, Max: 1505.0, Diff: 1473.1, Sum: 1704.3]
      [Update RS (ms): Min: 0.0, Avg: 532.4, Max: 1555.6, Diff: 1555.6, Sum: 2129.7]
         [Processed Buffers: Min: 0, Avg: 8.5, Max: 13, Diff: 13, Sum: 34]
      [Scan RS (ms): Min: 0.0, Avg: 162.4, Max: 649.2, Diff: 649.2, Sum: 649.5]
      [Code Root Scanning (ms): Min: 0.0, Avg: 94.4, Max: 377.7, Diff: 377.7, Sum: 377.7]
      [Object Copy (ms): Min: 0.0, Avg: 63.9, Max: 110.5, Diff: 110.5, Sum: 255.7]
      [Termination (ms): Min: 0.0, Avg: 396.1, Max: 858.6, Diff: 858.6, Sum: 1584.5]
         [Termination Attempts: Min: 1, Avg: 7.5, Max: 15, Diff: 14, Sum: 30]
      [GC Worker Other (ms): Min: 0.0, Avg: 0.9, Max: 1.3, Diff: 1.3, Sum: 3.4]
      [GC Worker Total (ms): Min: 1676.0, Avg: 1676.2, Max: 1676.4, Diff: 0.3, Sum: 6704.9]
      [GC Worker End (ms): Min: 80266867.1, Avg: 80266867.3, Max: 80266867.5, Diff: 0.4]
   [Code Root Fixup: 46.1 ms]
   [Code Root Purge: 0.0 ms]
   [Clear CT: 44.2 ms]
   [Other: 433.5 ms]
      [Choose CSet: 0.0 ms]
      [Ref Proc: 63.5 ms]
      [Ref Enq: 5.1 ms]
      [Redirty Cards: 30.0 ms]
      [Humongous Register: 73.8 ms]
      [Humongous Reclaim: 0.0 ms]
      [Free CSet: 6.3 ms]
   [Eden: 50.0M(50.0M)->0.0B(50.0M) Survivors: 1024.0K->1024.0K Heap: 208.3M(1024.0M)->158.4M(1024.0M)]
 [Times: user=0.17 sys=0.10, real=2.35 secs] 
2024-02-22T12:54:32.229+0300: 82604.667: [GC pause (G1 Evacuation Pause) (young), 0.2423449 secs]
   [Parallel Time: 168.3 ms, GC Workers: 4]
      [GC Worker Start (ms): Min: 82604729.2, Avg: 82604729.4, Max: 82604729.5, Diff: 0.3]
      [Ext Root Scanning (ms): Min: 33.6, Avg: 58.6, Max: 129.5, Diff: 95.9, Sum: 234.3]
      [Update RS (ms): Min: 0.0, Avg: 19.5, Max: 26.4, Diff: 26.4, Sum: 78.2]
         [Processed Buffers: Min: 0, Avg: 8.5, Max: 22, Diff: 22, Sum: 34]
      [Scan RS (ms): Min: 0.0, Avg: 13.4, Max: 19.2, Diff: 19.2, Sum: 53.8]
      [Code Root Scanning (ms): Min: 0.0, Avg: 0.6, Max: 2.2, Diff: 2.2, Sum: 2.2]
      [Object Copy (ms): Min: 9.9, Avg: 46.3, Max: 75.7, Diff: 65.8, Sum: 185.3]
      [Termination (ms): Min: 10.0, Avg: 25.8, Max: 57.0, Diff: 47.0, Sum: 103.2]
         [Termination Attempts: Min: 19, Avg: 40.2, Max: 89, Diff: 70, Sum: 161]
      [GC Worker Other (ms): Min: 0.9, Avg: 1.7, Max: 3.1, Diff: 2.3, Sum: 7.0]
      [GC Worker Total (ms): Min: 165.9, Avg: 166.0, Max: 166.3, Diff: 0.4, Sum: 664.0]
      [GC Worker End (ms): Min: 82604895.3, Avg: 82604895.4, Max: 82604895.5, Diff: 0.2]
   [Code Root Fixup: 0.1 ms]
   [Code Root Purge: 0.0 ms]
   [Clear CT: 1.1 ms]
   [Other: 72.9 ms]
      [Choose CSet: 0.0 ms]
      [Ref Proc: 7.5 ms]
      [Ref Enq: 0.0 ms]
      [Redirty Cards: 0.1 ms]
      [Humongous Register: 28.8 ms]
      [Humongous Reclaim: 0.0 ms]
      [Free CSet: 1.0 ms]
   [Eden: 50.0M(50.0M)->0.0B(50.0M) Survivors: 1024.0K->1024.0K Heap: 208.4M(1024.0M)->158.3M(1024.0M)]
 [Times: user=0.12 sys=0.31, real=0.25 secs] 
2024-02-23T07:07:19.830+0300: 84934.578: [GC pause (G1 Evacuation Pause) (young), 0.0818449 secs]
   [Parallel Time: 59.9 ms, GC Workers: 4]
      [GC Worker Start (ms): Min: 84934593.4, Avg: 84934593.6, Max: 84934593.8, Diff: 0.4]
      [Ext Root Scanning (ms): Min: 16.4, Avg: 26.3, Max: 54.9, Diff: 38.5, Sum: 105.1]
      [Update RS (ms): Min: 0.0, Avg: 9.9, Max: 15.5, Diff: 15.5, Sum: 39.7]
         [Processed Buffers: Min: 0, Avg: 8.2, Max: 29, Diff: 29, Sum: 33]
      [Scan RS (ms): Min: 0.0, Avg: 2.1, Max: 5.0, Diff: 5.0, Sum: 8.4]
      [Code Root Scanning (ms): Min: 0.0, Avg: 0.1, Max: 0.2, Diff: 0.2, Sum: 0.2]
      [Object Copy (ms): Min: 0.0, Avg: 16.0, Max: 27.3, Diff: 27.3, Sum: 64.0]
      [Termination (ms): Min: 0.0, Avg: 5.0, Max: 9.4, Diff: 9.4, Sum: 20.0]
         [Termination Attempts: Min: 1, Avg: 10.0, Max: 25, Diff: 24, Sum: 40]
      [GC Worker Other (ms): Min: 0.0, Avg: 0.1, Max: 0.3, Diff: 0.2, Sum: 0.6]
      [GC Worker Total (ms): Min: 59.3, Avg: 59.5, Max: 59.7, Diff: 0.4, Sum: 237.9]
      [GC Worker End (ms): Min: 84934653.0, Avg: 84934653.1, Max: 84934653.1, Diff: 0.1]
   [Code Root Fixup: 0.1 ms]
   [Code Root Purge: 0.0 ms]
   [Clear CT: 1.0 ms]
   [Other: 20.9 ms]
      [Choose CSet: 0.0 ms]
      [Ref Proc: 4.8 ms]
      [Ref Enq: 0.0 ms]
      [Redirty Cards: 0.1 ms]
      [Humongous Register: 6.7 ms]
      [Humongous Reclaim: 0.0 ms]
      [Free CSet: 0.2 ms]
   [Eden: 50.0M(50.0M)->0.0B(50.0M) Survivors: 1024.0K->1024.0K Heap: 208.3M(1024.0M)->158.3M(1024.0M)]
 [Times: user=0.04 sys=0.12, real=0.08 secs] 
2024-02-23T07:46:17.782+0300: 87272.501: [GC pause (G1 Evacuation Pause) (young), 0.0178803 secs]
   [Parallel Time: 10.0 ms, GC Workers: 4]
      [GC Worker Start (ms): Min: 87272501.9, Avg: 87272501.9, Max: 87272501.9, Diff: 0.1]
      [Ext Root Scanning (ms): Min: 3.2, Avg: 3.6, Max: 4.4, Diff: 1.1, Sum: 14.5]
      [Update RS (ms): Min: 0.6, Avg: 0.7, Max: 0.8, Diff: 0.1, Sum: 2.8]
         [Processed Buffers: Min: 1, Avg: 8.0, Max: 22, Diff: 21, Sum: 32]
      [Scan RS (ms): Min: 0.0, Avg: 0.4, Max: 1.4, Diff: 1.3, Sum: 1.6]
      [Code Root Scanning (ms): Min: 0.0, Avg: 0.0, Max: 0.1, Diff: 0.1, Sum: 0.1]
      [Object Copy (ms): Min: 4.2, Avg: 4.8, Max: 5.4, Diff: 1.2, Sum: 19.1]
      [Termination (ms): Min: 0.0, Avg: 0.2, Max: 0.5, Diff: 0.5, Sum: 1.0]
         [Termination Attempts: Min: 1, Avg: 1.2, Max: 2, Diff: 1, Sum: 5]
      [GC Worker Other (ms): Min: 0.0, Avg: 0.0, Max: 0.0, Diff: 0.0, Sum: 0.1]
      [GC Worker Total (ms): Min: 9.7, Avg: 9.8, Max: 10.0, Diff: 0.3, Sum: 39.1]
      [GC Worker End (ms): Min: 87272511.6, Avg: 87272511.7, Max: 87272511.8, Diff: 0.2]
   [Code Root Fixup: 0.1 ms]
   [Code Root Purge: 0.0 ms]
   [Clear CT: 0.1 ms]
   [Other: 7.6 ms]
      [Choose CSet: 0.0 ms]
      [Ref Proc: 6.0 ms]
      [Ref Enq: 0.0 ms]
      [Redirty Cards: 0.1 ms]
      [Humongous Register: 0.0 ms]
      [Humongous Reclaim: 0.0 ms]
      [Free CSet: 0.0 ms]
   [Eden: 50.0M(50.0M)->0.0B(50.0M) Survivors: 1024.0K->1024.0K Heap: 208.3M(1024.0M)->158.3M(1024.0M)]
 [Times: user=0.01 sys=0.02, real=0.02 secs] 
2024-02-24T07:13:06.899+0300: 89607.618: [GC pause (G1 Evacuation Pause) (young), 0.0857787 secs]
   [Parallel Time: 62.0 ms, GC Workers: 4]
      [GC Worker Start (ms): Min: 89607639.8, Avg: 89607640.0, Max: 89607640.2, Diff: 0.3]
      [Ext Root Scanning (ms): Min: 5.3, Avg: 15.2, Max: 35.5, Diff: 30.2, Sum: 61.0]
      [Update RS (ms): Min: 0.0, Avg: 7.4, Max: 11.3, Diff: 11.3, Sum: 29.7]
         [Processed Buffers: Min: 0, Avg: 8.2, Max: 27, Diff: 27, Sum: 33]
      [Scan RS (ms): Min: 0.0, Avg: 0.0, Max: 0.1, Diff: 0.1, Sum: 0.1]
      [Code Root Scanning (ms): Min: 0.0, Avg: 0.1, Max: 0.3, Diff: 0.3, Sum: 0.3]
      [Object Copy (ms): Min: 0.0, Avg: 22.5, Max: 35.8, Diff: 35.7, Sum: 89.8]
      [Termination (ms): Min: 3.8, Avg: 14.4, Max: 25.2, Diff: 21.4, Sum: 57.7]
         [Termination Attempts: Min: 10, Avg: 21.8, Max: 38, Diff: 28, Sum: 87]
      [GC Worker Other (ms): Min: 0.1, Avg: 1.0, Max: 3.5, Diff: 3.5, Sum: 4.0]
      [GC Worker Total (ms): Min: 60.5, Avg: 60.6, Max: 60.9, Diff: 0.4, Sum: 242.6]
      [GC Worker End (ms): Min: 89607700.6, Avg: 89607700.6, Max: 89607700.7, Diff: 0.1]
   [Code Root Fixup: 0.1 ms]
   [Code Root Purge: 0.0 ms]
   [Clear CT: 0.1 ms]
   [Other: 23.6 ms]
      [Choose CSet: 0.0 ms]
      [Ref Proc: 1.5 ms]
      [Ref Enq: 0.0 ms]
      [Redirty Cards: 0.1 ms]
      [Humongous Register: 10.7 ms]
      [Humongous Reclaim: 0.0 ms]
      [Free CSet: 0.1 ms]
   [Eden: 50.0M(50.0M)->0.0B(50.0M) Survivors: 1024.0K->1024.0K Heap: 208.3M(1024.0M)->158.3M(1024.0M)]
 [Times: user=0.07 sys=0.09, real=0.09 secs] 
2024-02-24T07:52:12.178+0300: 91952.826: [GC pause (G1 Evacuation Pause) (young), 0.0082518 secs]
   [Parallel Time: 7.2 ms, GC Workers: 4]
      [GC Worker Start (ms): Min: 91952825.7, Avg: 91952825.8, Max: 91952825.8, Diff: 0.1]
      [Ext Root Scanning (ms): Min: 1.7, Avg: 2.2, Max: 2.4, Diff: 0.7, Sum: 8.6]
      [Update RS (ms): Min: 1.5, Avg: 1.7, Max: 1.9, Diff: 0.4, Sum: 6.7]
         [Processed Buffers: Min: 0, Avg: 8.2, Max: 23, Diff: 23, Sum: 33]
      [Scan RS (ms): Min: 0.0, Avg: 0.0, Max: 0.1, Diff: 0.1, Sum: 0.1]
      [Code Root Scanning (ms): Min: 0.0, Avg: 0.0, Max: 0.1, Diff: 0.1, Sum: 0.1]
      [Object Copy (ms): Min: 1.8, Avg: 2.4, Max: 3.2, Diff: 1.4, Sum: 9.7]
      [Termination (ms): Min: 0.0, Avg: 0.6, Max: 1.0, Diff: 1.0, Sum: 2.2]
         [Termination Attempts: Min: 1, Avg: 1.0, Max: 1, Diff: 0, Sum: 4]
      [GC Worker Other (ms): Min: 0.0, Avg: 0.0, Max: 0.0, Diff: 0.0, Sum: 0.1]
      [GC Worker Total (ms): Min: 6.7, Avg: 6.9, Max: 7.1, Diff: 0.4, Sum: 27.6]
      [GC Worker End (ms): Min: 91952832.5, Avg: 91952832.7, Max: 91952832.8, Diff: 0.3]
   [Code Root Fixup: 0.1 ms]
   [Code Root Purge: 0.0 ms]
   [Clear CT: 0.1 ms]
   [Other: 0.9 ms]
      [Choose CSet: 0.0 ms]
      [Ref Proc: 0.5 ms]
      [Ref Enq: 0.0 ms]
      [Redirty Cards: 0.1 ms]
      [Humongous Register: 0.0 ms]
      [Humongous Reclaim: 0.0 ms]
      [Free CSet: 0.0 ms]
   [Eden: 50.0M(50.0M)->0.0B(50.0M) Survivors: 1024.0K->1024.0K Heap: 208.3M(1024.0M)->158.3M(1024.0M)]
 [Times: user=0.01 sys=0.01, real=0.01 secs] 
2024-02-25T07:16:41.133+0300: 94299.267: [GC pause (G1 Evacuation Pause) (young), 0.0819233 secs]
   [Parallel Time: 57.8 ms, GC Workers: 4]
      [GC Worker Start (ms): Min: 94299286.8, Avg: 94299287.0, Max: 94299287.2, Diff: 0.4]
      [Ext Root Scanning (ms): Min: 11.6, Avg: 19.4, Max: 42.0, Diff: 30.4, Sum: 77.5]
      [Update RS (ms): Min: 0.0, Avg: 9.9, Max: 13.8, Diff: 13.8, Sum: 39.5]
         [Processed Buffers: Min: 0, Avg: 7.2, Max: 14, Diff: 14, Sum: 29]
      [Scan RS (ms): Min: 0.0, Avg: 0.0, Max: 0.0, Diff: 0.0, Sum: 0.0]
      [Code Root Scanning (ms): Min: 0.0, Avg: 0.1, Max: 0.2, Diff: 0.2, Sum: 0.2]
      [Object Copy (ms): Min: 0.0, Avg: 16.9, Max: 30.5, Diff: 30.4, Sum: 67.8]
      [Termination (ms): Min: 0.0, Avg: 9.8, Max: 23.9, Diff: 23.9, Sum: 39.3]
         [Termination Attempts: Min: 1, Avg: 12.8, Max: 37, Diff: 36, Sum: 51]
      [GC Worker Other (ms): Min: 0.1, Avg: 1.1, Max: 2.2, Diff: 2.1, Sum: 4.6]
      [GC Worker Total (ms): Min: 57.1, Avg: 57.2, Max: 57.4, Diff: 0.3, Sum: 228.9]
      [GC Worker End (ms): Min: 94299344.2, Avg: 94299344.3, Max: 94299344.4, Diff: 0.2]
   [Code Root Fixup: 0.1 ms]
   [Code Root Purge: 0.0 ms]
   [Clear CT: 0.1 ms]
   [Other: 24.0 ms]
      [Choose CSet: 0.0 ms]
      [Ref Proc: 3.9 ms]
      [Ref Enq: 0.0 ms]
      [Redirty Cards: 0.1 ms]
      [Humongous Register: 13.7 ms]
      [Humongous Reclaim: 0.0 ms]
      [Free CSet: 0.1 ms]
   [Eden: 50.0M(50.0M)->0.0B(50.0M) Survivors: 1024.0K->1024.0K Heap: 208.3M(1024.0M)->158.4M(1024.0M)]
 [Times: user=0.05 sys=0.10, real=0.08 secs] 
2024-02-25T07:55:45.282+0300: 96643.412: [GC pause (G1 Evacuation Pause) (young), 0.0078758 secs]
   [Parallel Time: 6.4 ms, GC Workers: 4]
      [GC Worker Start (ms): Min: 96643412.6, Avg: 96643412.7, Max: 96643412.7, Diff: 0.1]
      [Ext Root Scanning (ms): Min: 0.4, Avg: 0.9, Max: 1.3, Diff: 0.9, Sum: 3.5]
      [Update RS (ms): Min: 1.8, Avg: 2.0, Max: 2.3, Diff: 0.5, Sum: 8.2]
         [Processed Buffers: Min: 2, Avg: 8.2, Max: 14, Diff: 12, Sum: 33]
      [Scan RS (ms): Min: 0.0, Avg: 0.0, Max: 0.0, Diff: 0.0, Sum: 0.1]
      [Code Root Scanning (ms): Min: 0.0, Avg: 0.0, Max: 0.1, Diff: 0.1, Sum: 0.1]
      [Object Copy (ms): Min: 2.7, Avg: 3.1, Max: 3.5, Diff: 0.8, Sum: 12.3]
      [Termination (ms): Min: 0.0, Avg: 0.2, Max: 0.5, Diff: 0.5, Sum: 0.8]
         [Termination Attempts: Min: 1, Avg: 1.0, Max: 1, Diff: 0, Sum: 4]
      [GC Worker Other (ms): Min: 0.0, Avg: 0.0, Max: 0.0, Diff: 0.0, Sum: 0.1]
      [GC Worker Total (ms): Min: 6.2, Avg: 6.3, Max: 6.3, Diff: 0.2, Sum: 25.0]
      [GC Worker End (ms): Min: 96643418.9, Avg: 96643419.0, Max: 96643419.0, Diff: 0.1]
   [Code Root Fixup: 0.1 ms]
   [Code Root Purge: 0.0 ms]
   [Clear CT: 0.1 ms]
   [Other: 1.2 ms]
      [Choose CSet: 0.0 ms]
      [Ref Proc: 0.6 ms]
      [Ref Enq: 0.0 ms]
      [Redirty Cards: 0.2 ms]
      [Humongous Register: 0.0 ms]
      [Humongous Reclaim: 0.0 ms]
      [Free CSet: 0.0 ms]
   [Eden: 50.0M(50.0M)->0.0B(50.0M) Survivors: 1024.0K->1024.0K Heap: 208.4M(1024.0M)->158.3M(1024.0M)]
 [Times: user=0.01 sys=0.01, real=0.01 secs] 
2024-02-26T07:29:47.345+0300: 99002.134: [GC pause (G1 Evacuation Pause) (young), 0.0191387 secs]
   [Parallel Time: 11.2 ms, GC Workers: 4]
      [GC Worker Start (ms): Min: 99002133.9, Avg: 99002134.0, Max: 99002134.0, Diff: 0.1]
      [Ext Root Scanning (ms): Min: 2.1, Avg: 4.7, Max: 8.3, Diff: 6.3, Sum: 18.7]
      [Update RS (ms): Min: 0.0, Avg: 1.7, Max: 2.7, Diff: 2.7, Sum: 6.6]
         [Processed Buffers: Min: 0, Avg: 8.0, Max: 24, Diff: 24, Sum: 32]
      [Scan RS (ms): Min: 0.0, Avg: 0.0, Max: 0.0, Diff: 0.0, Sum: 0.1]
      [Code Root Scanning (ms): Min: 0.0, Avg: 0.5, Max: 1.9, Diff: 1.9, Sum: 1.9]
      [Object Copy (ms): Min: 0.9, Avg: 3.3, Max: 5.9, Diff: 5.0, Sum: 13.1]
      [Termination (ms): Min: 0.0, Avg: 0.5, Max: 1.0, Diff: 1.0, Sum: 2.2]
         [Termination Attempts: Min: 1, Avg: 1.0, Max: 1, Diff: 0, Sum: 4]
      [GC Worker Other (ms): Min: 0.0, Avg: 0.2, Max: 0.9, Diff: 0.8, Sum: 0.9]
      [GC Worker Total (ms): Min: 10.7, Avg: 10.9, Max: 11.0, Diff: 0.3, Sum: 43.5]
      [GC Worker End (ms): Min: 99002144.7, Avg: 99002144.8, Max: 99002145.0, Diff: 0.3]
   [Code Root Fixup: 0.1 ms]
   [Code Root Purge: 0.0 ms]
   [Clear CT: 0.1 ms]
   [Other: 7.7 ms]
      [Choose CSet: 0.0 ms]
      [Ref Proc: 6.0 ms]
      [Ref Enq: 0.0 ms]
      [Redirty Cards: 0.1 ms]
      [Humongous Register: 0.1 ms]
      [Humongous Reclaim: 0.0 ms]
      [Free CSet: 0.0 ms]
   [Eden: 50.0M(50.0M)->0.0B(50.0M) Survivors: 1024.0K->1024.0K Heap: 208.3M(1024.0M)->158.3M(1024.0M)]
 [Times: user=0.01 sys=0.01, real=0.02 secs] 
2024-02-26T18:07:18.354+0300: 101345.759: [GC pause (G1 Evacuation Pause) (young), 1.1820575 secs]
   [Parallel Time: 1066.0 ms, GC Workers: 4]
      [GC Worker Start (ms): Min: 101345799.5, Avg: 101345799.9, Max: 101345800.3, Diff: 0.8]
      [Ext Root Scanning (ms): Min: 61.2, Avg: 176.3, Max: 509.4, Diff: 448.2, Sum: 705.4]
      [Update RS (ms): Min: 0.0, Avg: 45.3, Max: 64.2, Diff: 64.1, Sum: 181.0]
         [Processed Buffers: Min: 0, Avg: 8.0, Max: 19, Diff: 19, Sum: 32]
      [Scan RS (ms): Min: 0.0, Avg: 0.0, Max: 0.1, Diff: 0.1, Sum: 0.2]
      [Code Root Scanning (ms): Min: 0.0, Avg: 0.6, Max: 2.4, Diff: 2.4, Sum: 2.4]
      [Object Copy (ms): Min: 0.7, Avg: 424.4, Max: 888.0, Diff: 887.2, Sum: 1697.4]
      [Termination (ms): Min: 0.0, Avg: 387.3, Max: 874.1, Diff: 874.1, Sum: 1549.3]
         [Termination Attempts: Min: 1, Avg: 7.2, Max: 16, Diff: 15, Sum: 29]
      [GC Worker Other (ms): Min: 0.2, Avg: 0.8, Max: 1.8, Diff: 1.6, Sum: 3.2]
      [GC Worker Total (ms): Min: 1019.9, Avg: 1034.7, Max: 1064.3, Diff: 44.4, Sum: 4138.9]
      [GC Worker End (ms): Min: 101346820.2, Avg: 101346834.6, Max: 101346864.3, Diff: 44.1]
   [Code Root Fixup: 0.2 ms]
   [Code Root Purge: 0.0 ms]
   [Clear CT: 37.6 ms]
   [Other: 78.3 ms]
      [Choose CSet: 0.0 ms]
      [Ref Proc: 34.8 ms]
      [Ref Enq: 0.0 ms]
      [Redirty Cards: 0.2 ms]
      [Humongous Register: 17.0 ms]
      [Humongous Reclaim: 0.0 ms]
      [Free CSet: 0.4 ms]
   [Eden: 50.0M(50.0M)->0.0B(50.0M) Survivors: 1024.0K->1024.0K Heap: 208.3M(1024.0M)->158.4M(1024.0M)]
 [Times: user=0.19 sys=0.49, real=1.18 secs] 
2024-02-27T12:50:43.029+0300: 103689.580: [GC pause (G1 Evacuation Pause) (young), 0.0168711 secs]
   [Parallel Time: 11.9 ms, GC Workers: 4]
      [GC Worker Start (ms): Min: 103689580.3, Avg: 103689580.3, Max: 103689580.4, Diff: 0.1]
      [Ext Root Scanning (ms): Min: 2.5, Avg: 3.5, Max: 4.2, Diff: 1.7, Sum: 13.8]
      [Update RS (ms): Min: 1.3, Avg: 1.9, Max: 2.1, Diff: 0.8, Sum: 7.4]
         [Processed Buffers: Min: 0, Avg: 8.0, Max: 12, Diff: 12, Sum: 32]
      [Scan RS (ms): Min: 0.0, Avg: 0.0, Max: 0.0, Diff: 0.0, Sum: 0.1]
      [Code Root Scanning (ms): Min: 0.0, Avg: 0.0, Max: 0.1, Diff: 0.1, Sum: 0.1]
      [Object Copy (ms): Min: 4.0, Avg: 5.3, Max: 6.6, Diff: 2.6, Sum: 21.2]
      [Termination (ms): Min: 0.0, Avg: 0.9, Max: 1.5, Diff: 1.5, Sum: 3.4]
         [Termination Attempts: Min: 1, Avg: 1.0, Max: 1, Diff: 0, Sum: 4]
      [GC Worker Other (ms): Min: 0.0, Avg: 0.0, Max: 0.1, Diff: 0.1, Sum: 0.2]
      [GC Worker Total (ms): Min: 11.4, Avg: 11.6, Max: 11.8, Diff: 0.4, Sum: 46.3]
      [GC Worker End (ms): Min: 103689591.7, Avg: 103689591.9, Max: 103689592.1, Diff: 0.4]
   [Code Root Fixup: 0.1 ms]
   [Code Root Purge: 0.0 ms]
   [Clear CT: 0.2 ms]
   [Other: 4.7 ms]
      [Choose CSet: 0.0 ms]
      [Ref Proc: 3.9 ms]
      [Ref Enq: 0.0 ms]
      [Redirty Cards: 0.1 ms]
      [Humongous Register: 0.2 ms]
      [Humongous Reclaim: 0.0 ms]
      [Free CSet: 0.1 ms]
   [Eden: 50.0M(50.0M)->0.0B(50.0M) Survivors: 1024.0K->1024.0K Heap: 208.4M(1024.0M)->158.3M(1024.0M)]
 [Times: user=0.01 sys=0.02, real=0.02 secs] 
2024-02-29T07:05:09.835+0300: 106029.579: [GC pause (G1 Evacuation Pause) (young), 0.0174712 secs]
   [Parallel Time: 9.8 ms, GC Workers: 4]
      [GC Worker Start (ms): Min: 106029580.2, Avg: 106029580.2, Max: 106029580.2, Diff: 0.1]
      [Ext Root Scanning (ms): Min: 1.7, Avg: 2.4, Max: 2.9, Diff: 1.2, Sum: 9.5]
      [Update RS (ms): Min: 0.1, Avg: 0.8, Max: 1.1, Diff: 1.0, Sum: 3.2]
         [Processed Buffers: Min: 1, Avg: 8.0, Max: 23, Diff: 22, Sum: 32]
      [Scan RS (ms): Min: 0.0, Avg: 0.0, Max: 0.0, Diff: 0.0, Sum: 0.1]
      [Code Root Scanning (ms): Min: 0.0, Avg: 0.0, Max: 0.1, Diff: 0.1, Sum: 0.1]
      [Object Copy (ms): Min: 4.7, Avg: 5.8, Max: 6.5, Diff: 1.8, Sum: 23.0]
      [Termination (ms): Min: 0.0, Avg: 0.6, Max: 1.0, Diff: 1.0, Sum: 2.5]
         [Termination Attempts: Min: 1, Avg: 1.0, Max: 1, Diff: 0, Sum: 4]
      [GC Worker Other (ms): Min: 0.0, Avg: 0.0, Max: 0.0, Diff: 0.0, Sum: 0.1]
      [GC Worker Total (ms): Min: 9.5, Avg: 9.6, Max: 9.7, Diff: 0.2, Sum: 38.4]
      [GC Worker End (ms): Min: 106029589.7, Avg: 106029589.8, Max: 106029589.9, Diff: 0.2]
   [Code Root Fixup: 0.1 ms]
   [Code Root Purge: 0.0 ms]
   [Clear CT: 0.2 ms]
   [Other: 7.4 ms]
      [Choose CSet: 0.0 ms]
      [Ref Proc: 5.8 ms]
      [Ref Enq: 0.0 ms]
      [Redirty Cards: 0.1 ms]
      [Humongous Register: 1.1 ms]
      [Humongous Reclaim: 0.0 ms]
      [Free CSet: 0.0 ms]
   [Eden: 50.0M(50.0M)->0.0B(50.0M) Survivors: 1024.0K->1024.0K Heap: 208.3M(1024.0M)->158.3M(1024.0M)]
 [Times: user=0.02 sys=0.02, real=0.02 secs] 
2024-02-29T07:44:20.101+0300: 108379.789: [GC pause (G1 Evacuation Pause) (young), 0.0084574 secs]
   [Parallel Time: 4.8 ms, GC Workers: 4]
      [GC Worker Start (ms): Min: 108379789.4, Avg: 108379789.4, Max: 108379789.5, Diff: 0.1]
      [Ext Root Scanning (ms): Min: 0.9, Avg: 1.0, Max: 1.3, Diff: 0.4, Sum: 4.0]
      [Update RS (ms): Min: 1.4, Avg: 1.6, Max: 1.7, Diff: 0.3, Sum: 6.2]
         [Processed Buffers: Min: 1, Avg: 8.2, Max: 14, Diff: 13, Sum: 33]
      [Scan RS (ms): Min: 0.0, Avg: 0.0, Max: 0.0, Diff: 0.0, Sum: 0.1]
      [Code Root Scanning (ms): Min: 0.0, Avg: 0.0, Max: 0.1, Diff: 0.1, Sum: 0.1]
      [Object Copy (ms): Min: 0.5, Avg: 1.2, Max: 1.9, Diff: 1.4, Sum: 4.7]
      [Termination (ms): Min: 0.0, Avg: 0.8, Max: 1.1, Diff: 1.1, Sum: 3.2]
         [Termination Attempts: Min: 1, Avg: 1.0, Max: 1, Diff: 0, Sum: 4]
      [GC Worker Other (ms): Min: 0.0, Avg: 0.0, Max: 0.0, Diff: 0.0, Sum: 0.1]
      [GC Worker Total (ms): Min: 4.5, Avg: 4.6, Max: 4.7, Diff: 0.2, Sum: 18.4]
      [GC Worker End (ms): Min: 108379793.9, Avg: 108379794.0, Max: 108379794.1, Diff: 0.2]
   [Code Root Fixup: 0.1 ms]
   [Code Root Purge: 0.0 ms]
   [Clear CT: 0.1 ms]
   [Other: 3.4 ms]
      [Choose CSet: 0.0 ms]
      [Ref Proc: 2.9 ms]
      [Ref Enq: 0.0 ms]
      [Redirty Cards: 0.1 ms]
      [Humongous Register: 0.0 ms]
      [Humongous Reclaim: 0.0 ms]
      [Free CSet: 0.0 ms]
   [Eden: 50.0M(50.0M)->0.0B(50.0M) Survivors: 1024.0K->1024.0K Heap: 208.3M(1024.0M)->158.4M(1024.0M)]
 [Times: user=0.01 sys=0.00, real=0.01 secs] 
2024-03-01T07:17:14.682+0300: 110720.956: [GC pause (G1 Evacuation Pause) (young), 0.0184177 secs]
   [Parallel Time: 15.2 ms, GC Workers: 4]
      [GC Worker Start (ms): Min: 110720957.2, Avg: 110720957.2, Max: 110720957.3, Diff: 0.1]
      [Ext Root Scanning (ms): Min: 1.2, Avg: 5.7, Max: 14.9, Diff: 13.7, Sum: 22.8]
      [Update RS (ms): Min: 0.0, Avg: 1.4, Max: 2.7, Diff: 2.7, Sum: 5.5]
         [Processed Buffers: Min: 0, Avg: 8.8, Max: 22, Diff: 22, Sum: 35]
      [Scan RS (ms): Min: 0.0, Avg: 0.0, Max: 0.0, Diff: 0.0, Sum: 0.0]
      [Code Root Scanning (ms): Min: 0.0, Avg: 0.2, Max: 0.7, Diff: 0.7, Sum: 0.7]
      [Object Copy (ms): Min: 0.0, Avg: 1.3, Max: 2.5, Diff: 2.4, Sum: 5.3]
      [Termination (ms): Min: 0.0, Avg: 6.4, Max: 8.7, Diff: 8.7, Sum: 25.7]
         [Termination Attempts: Min: 1, Avg: 1.0, Max: 1, Diff: 0, Sum: 4]
      [GC Worker Other (ms): Min: 0.0, Avg: 0.0, Max: 0.0, Diff: 0.0, Sum: 0.1]
      [GC Worker Total (ms): Min: 14.9, Avg: 15.0, Max: 15.2, Diff: 0.2, Sum: 60.1]
      [GC Worker End (ms): Min: 110720972.2, Avg: 110720972.2, Max: 110720972.3, Diff: 0.2]
   [Code Root Fixup: 0.1 ms]
   [Code Root Purge: 0.0 ms]
   [Clear CT: 1.0 ms]
   [Other: 2.1 ms]
      [Choose CSet: 0.0 ms]
      [Ref Proc: 0.4 ms]
      [Ref Enq: 0.0 ms]
      [Redirty Cards: 0.1 ms]
      [Humongous Register: 0.2 ms]
      [Humongous Reclaim: 0.0 ms]
      [Free CSet: 0.0 ms]
   [Eden: 50.0M(50.0M)->0.0B(50.0M) Survivors: 1024.0K->1024.0K Heap: 208.4M(1024.0M)->158.3M(1024.0M)]
 [Times: user=0.03 sys=0.01, real=0.02 secs] 
2024-03-01T07:56:27.392+0300: 113073.665: [GC pause (G1 Evacuation Pause) (young), 0.0131808 secs]
   [Parallel Time: 10.6 ms, GC Workers: 4]
      [GC Worker Start (ms): Min: 113073664.7, Avg: 113073664.7, Max: 113073664.8, Diff: 0.1]
      [Ext Root Scanning (ms): Min: 1.2, Avg: 1.6, Max: 2.1, Diff: 0.9, Sum: 6.2]
      [Update RS (ms): Min: 3.3, Avg: 5.4, Max: 8.0, Diff: 4.7, Sum: 21.7]
         [Processed Buffers: Min: 1, Avg: 8.2, Max: 30, Diff: 29, Sum: 33]
      [Scan RS (ms): Min: 0.0, Avg: 0.0, Max: 0.0, Diff: 0.0, Sum: 0.1]
      [Code Root Scanning (ms): Min: 0.0, Avg: 0.0, Max: 0.1, Diff: 0.1, Sum: 0.1]
      [Object Copy (ms): Min: 0.1, Avg: 2.8, Max: 4.7, Diff: 4.7, Sum: 11.4]
      [Termination (ms): Min: 0.0, Avg: 0.5, Max: 1.0, Diff: 1.0, Sum: 2.0]
         [Termination Attempts: Min: 1, Avg: 3.5, Max: 11, Diff: 10, Sum: 14]
      [GC Worker Other (ms): Min: 0.0, Avg: 0.0, Max: 0.0, Diff: 0.0, Sum: 0.1]
      [GC Worker Total (ms): Min: 10.3, Avg: 10.4, Max: 10.6, Diff: 0.3, Sum: 41.5]
      [GC Worker End (ms): Min: 113073675.1, Avg: 113073675.1, Max: 113073675.3, Diff: 0.2]
   [Code Root Fixup: 0.1 ms]
   [Code Root Purge: 0.0 ms]
   [Clear CT: 0.2 ms]
   [Other: 2.3 ms]
      [Choose CSet: 0.0 ms]
      [Ref Proc: 1.8 ms]
      [Ref Enq: 0.0 ms]
      [Redirty Cards: 0.1 ms]
      [Humongous Register: 0.0 ms]
      [Humongous Reclaim: 0.0 ms]
      [Free CSet: 0.0 ms]
   [Eden: 50.0M(50.0M)->0.0B(50.0M) Survivors: 1024.0K->1024.0K Heap: 208.3M(1024.0M)->158.4M(1024.0M)]
 [Times: user=0.02 sys=0.01, real=0.01 secs] 
2024-03-02T07:25:56.765+0300: 115412.500: [GC pause (G1 Evacuation Pause) (young), 0.0440798 secs]
   [Parallel Time: 37.6 ms, GC Workers: 4]
      [GC Worker Start (ms): Min: 115412504.0, Avg: 115412504.0, Max: 115412504.1, Diff: 0.1]
      [Ext Root Scanning (ms): Min: 2.7, Avg: 3.9, Max: 6.8, Diff: 4.1, Sum: 15.4]
      [Update RS (ms): Min: 0.0, Avg: 3.1, Max: 5.0, Diff: 5.0, Sum: 12.5]
         [Processed Buffers: Min: 1, Avg: 9.5, Max: 21, Diff: 20, Sum: 38]
      [Scan RS (ms): Min: 0.0, Avg: 0.0, Max: 0.1, Diff: 0.1, Sum: 0.1]
      [Code Root Scanning (ms): Min: 0.0, Avg: 0.3, Max: 1.0, Diff: 1.0, Sum: 1.0]
      [Object Copy (ms): Min: 12.2, Avg: 16.2, Max: 19.8, Diff: 7.5, Sum: 64.6]
      [Termination (ms): Min: 10.0, Avg: 14.0, Max: 18.5, Diff: 8.5, Sum: 56.0]
         [Termination Attempts: Min: 15, Avg: 25.5, Max: 37, Diff: 22, Sum: 102]
      [GC Worker Other (ms): Min: 0.0, Avg: 0.0, Max: 0.1, Diff: 0.0, Sum: 0.1]
      [GC Worker Total (ms): Min: 37.4, Avg: 37.4, Max: 37.5, Diff: 0.1, Sum: 149.8]
      [GC Worker End (ms): Min: 115412541.5, Avg: 115412541.5, Max: 115412541.5, Diff: 0.1]
   [Code Root Fixup: 0.1 ms]
   [Code Root Purge: 0.0 ms]
   [Clear CT: 1.0 ms]
   [Other: 5.4 ms]
      [Choose CSet: 0.0 ms]
      [Ref Proc: 0.4 ms]
      [Ref Enq: 0.0 ms]
      [Redirty Cards: 0.1 ms]
      [Humongous Register: 0.2 ms]
      [Humongous Reclaim: 0.0 ms]
      [Free CSet: 0.0 ms]
   [Eden: 50.0M(50.0M)->0.0B(50.0M) Survivors: 1024.0K->1024.0K Heap: 208.4M(1024.0M)->158.3M(1024.0M)]
 [Times: user=0.07 sys=0.04, real=0.05 secs] 
2024-03-02T08:21:25.500+0300: 117759.574: [GC pause (G1 Evacuation Pause) (young), 0.0076643 secs]
   [Parallel Time: 4.1 ms, GC Workers: 4]
      [GC Worker Start (ms): Min: 117759574.2, Avg: 117759574.2, Max: 117759574.3, Diff: 0.1]
      [Ext Root Scanning (ms): Min: 1.1, Avg: 1.5, Max: 2.6, Diff: 1.5, Sum: 5.9]
      [Update RS (ms): Min: 0.1, Avg: 1.9, Max: 2.7, Diff: 2.6, Sum: 7.6]
         [Processed Buffers: Min: 2, Avg: 8.2, Max: 15, Diff: 13, Sum: 33]
      [Scan RS (ms): Min: 0.0, Avg: 0.0, Max: 0.0, Diff: 0.0, Sum: 0.1]
      [Code Root Scanning (ms): Min: 0.0, Avg: 0.0, Max: 0.0, Diff: 0.0, Sum: 0.0]
      [Object Copy (ms): Min: 0.2, Avg: 0.6, Max: 1.3, Diff: 1.0, Sum: 2.3]
      [Termination (ms): Min: 0.0, Avg: 0.0, Max: 0.0, Diff: 0.0, Sum: 0.0]
         [Termination Attempts: Min: 1, Avg: 1.0, Max: 1, Diff: 0, Sum: 4]
      [GC Worker Other (ms): Min: 0.0, Avg: 0.0, Max: 0.0, Diff: 0.0, Sum: 0.1]
      [GC Worker Total (ms): Min: 4.0, Avg: 4.0, Max: 4.0, Diff: 0.1, Sum: 16.0]
      [GC Worker End (ms): Min: 117759578.2, Avg: 117759578.2, Max: 117759578.2, Diff: 0.0]
   [Code Root Fixup: 0.1 ms]
   [Code Root Purge: 0.0 ms]
   [Clear CT: 0.1 ms]
   [Other: 3.3 ms]
      [Choose CSet: 0.0 ms]
      [Ref Proc: 2.8 ms]
      [Ref Enq: 0.0 ms]
      [Redirty Cards: 0.1 ms]
      [Humongous Register: 0.0 ms]
      [Humongous Reclaim: 0.0 ms]
      [Free CSet: 0.0 ms]
   [Eden: 50.0M(50.0M)->0.0B(50.0M) Survivors: 1024.0K->1024.0K Heap: 208.3M(1024.0M)->158.3M(1024.0M)]
 [Times: user=0.01 sys=0.00, real=0.00 secs] 
2024-03-06T08:56:49.303+0300: 119954.141: [GC pause (G1 Evacuation Pause) (young), 0.2062344 secs]
   [Parallel Time: 159.0 ms, GC Workers: 4]
      [GC Worker Start (ms): Min: 119954180.8, Avg: 119954181.0, Max: 119954181.3, Diff: 0.5]
      [Ext Root Scanning (ms): Min: 43.5, Avg: 71.9, Max: 150.4, Diff: 106.9, Sum: 287.4]
      [Update RS (ms): Min: 0.0, Avg: 32.9, Max: 55.1, Diff: 55.1, Sum: 131.7]
         [Processed Buffers: Min: 0, Avg: 9.8, Max: 24, Diff: 24, Sum: 39]
      [Scan RS (ms): Min: 0.0, Avg: 0.0, Max: 0.0, Diff: 0.0, Sum: 0.0]
      [Code Root Scanning (ms): Min: 0.0, Avg: 0.3, Max: 1.3, Diff: 1.3, Sum: 1.3]
      [Object Copy (ms): Min: 0.0, Avg: 37.2, Max: 69.5, Diff: 69.5, Sum: 148.9]
      [Termination (ms): Min: 0.0, Avg: 11.8, Max: 32.5, Diff: 32.5, Sum: 47.1]
         [Termination Attempts: Min: 1, Avg: 19.5, Max: 53, Diff: 52, Sum: 78]
      [GC Worker Other (ms): Min: 1.0, Avg: 2.1, Max: 4.2, Diff: 3.3, Sum: 8.6]
      [GC Worker Total (ms): Min: 156.0, Avg: 156.3, Max: 156.4, Diff: 0.4, Sum: 625.0]
      [GC Worker End (ms): Min: 119954337.2, Avg: 119954337.3, Max: 119954337.3, Diff: 0.1]
   [Code Root Fixup: 0.1 ms]
   [Code Root Purge: 0.0 ms]
   [Clear CT: 1.0 ms]
   [Other: 46.2 ms]
      [Choose CSet: 0.0 ms]
      [Ref Proc: 6.3 ms]
      [Ref Enq: 0.0 ms]
      [Redirty Cards: 0.1 ms]
      [Humongous Register: 15.7 ms]
      [Humongous Reclaim: 0.0 ms]
      [Free CSet: 1.0 ms]
   [Eden: 50.0M(50.0M)->0.0B(50.0M) Survivors: 1024.0K->1024.0K Heap: 208.3M(1024.0M)->158.5M(1024.0M)]
 [Times: user=0.06 sys=0.23, real=0.21 secs] 
2024-03-07T07:13:07.753+0300: 122290.783: [GC pause (G1 Evacuation Pause) (young), 0.0731247 secs]
   [Parallel Time: 55.5 ms, GC Workers: 4]
      [GC Worker Start (ms): Min: 122290795.1, Avg: 122290795.3, Max: 122290795.4, Diff: 0.3]
      [Ext Root Scanning (ms): Min: 8.4, Avg: 15.1, Max: 32.2, Diff: 23.8, Sum: 60.2]
      [Update RS (ms): Min: 0.0, Avg: 6.1, Max: 8.5, Diff: 8.5, Sum: 24.2]
         [Processed Buffers: Min: 0, Avg: 9.0, Max: 19, Diff: 19, Sum: 36]
      [Scan RS (ms): Min: 0.0, Avg: 1.0, Max: 2.9, Diff: 2.9, Sum: 4.1]
      [Code Root Scanning (ms): Min: 0.0, Avg: 0.2, Max: 0.7, Diff: 0.7, Sum: 0.7]
      [Object Copy (ms): Min: 0.0, Avg: 20.3, Max: 35.3, Diff: 35.3, Sum: 81.1]
      [Termination (ms): Min: 0.0, Avg: 11.5, Max: 22.8, Diff: 22.8, Sum: 46.0]
         [Termination Attempts: Min: 1, Avg: 13.2, Max: 27, Diff: 26, Sum: 53]
      [GC Worker Other (ms): Min: 0.1, Avg: 1.0, Max: 1.8, Diff: 1.7, Sum: 4.0]
      [GC Worker Total (ms): Min: 54.9, Avg: 55.1, Max: 55.2, Diff: 0.3, Sum: 220.3]
      [GC Worker End (ms): Min: 122290850.2, Avg: 122290850.3, Max: 122290850.5, Diff: 0.2]
   [Code Root Fixup: 0.1 ms]
   [Code Root Purge: 0.0 ms]
   [Clear CT: 0.1 ms]
   [Other: 17.4 ms]
      [Choose CSet: 0.0 ms]
      [Ref Proc: 4.1 ms]
      [Ref Enq: 0.0 ms]
      [Redirty Cards: 0.1 ms]
      [Humongous Register: 5.9 ms]
      [Humongous Reclaim: 0.0 ms]
      [Free CSet: 1.0 ms]
   [Eden: 50.0M(50.0M)->0.0B(50.0M) Survivors: 1024.0K->1024.0K Heap: 208.5M(1024.0M)->158.6M(1024.0M)]
 [Times: user=0.06 sys=0.09, real=0.07 secs] 
2024-03-07T07:52:11.408+0300: 124634.568: [GC pause (G1 Evacuation Pause) (young), 0.0138335 secs]
   [Parallel Time: 7.8 ms, GC Workers: 4]
      [GC Worker Start (ms): Min: 124634570.0, Avg: 124634570.1, Max: 124634570.1, Diff: 0.1]
      [Ext Root Scanning (ms): Min: 1.9, Avg: 3.1, Max: 5.3, Diff: 3.4, Sum: 12.2]
      [Update RS (ms): Min: 0.0, Avg: 0.5, Max: 0.8, Diff: 0.8, Sum: 2.2]
         [Processed Buffers: Min: 0, Avg: 8.2, Max: 20, Diff: 20, Sum: 33]
      [Scan RS (ms): Min: 0.0, Avg: 0.3, Max: 0.7, Diff: 0.7, Sum: 1.1]
      [Code Root Scanning (ms): Min: 0.0, Avg: 0.3, Max: 1.1, Diff: 1.1, Sum: 1.1]
      [Object Copy (ms): Min: 1.6, Avg: 2.6, Max: 3.6, Diff: 2.1, Sum: 10.4]
      [Termination (ms): Min: 0.0, Avg: 0.5, Max: 0.8, Diff: 0.8, Sum: 2.2]
         [Termination Attempts: Min: 3, Avg: 4.8, Max: 9, Diff: 6, Sum: 19]
      [GC Worker Other (ms): Min: 0.0, Avg: 0.3, Max: 1.1, Diff: 1.1, Sum: 1.2]
      [GC Worker Total (ms): Min: 7.5, Avg: 7.6, Max: 7.7, Diff: 0.3, Sum: 30.5]
      [GC Worker End (ms): Min: 124634577.6, Avg: 124634577.7, Max: 124634577.7, Diff: 0.2]
   [Code Root Fixup: 0.1 ms]
   [Code Root Purge: 0.0 ms]
   [Clear CT: 0.1 ms]
   [Other: 5.8 ms]
      [Choose CSet: 0.0 ms]
      [Ref Proc: 3.2 ms]
      [Ref Enq: 0.0 ms]
      [Redirty Cards: 0.2 ms]
      [Humongous Register: 0.0 ms]
      [Humongous Reclaim: 0.0 ms]
      [Free CSet: 0.0 ms]
   [Eden: 50.0M(50.0M)->0.0B(50.0M) Survivors: 1024.0K->1024.0K Heap: 208.6M(1024.0M)->158.6M(1024.0M)]
 [Times: user=0.01 sys=0.01, real=0.02 secs] 
2024-03-08T07:21:59.113+0300: 126975.339: [GC pause (G1 Evacuation Pause) (young), 0.0150673 secs]
   [Parallel Time: 10.5 ms, GC Workers: 4]
      [GC Worker Start (ms): Min: 126975339.5, Avg: 126975339.6, Max: 126975339.6, Diff: 0.1]
      [Ext Root Scanning (ms): Min: 3.5, Avg: 3.7, Max: 4.0, Diff: 0.5, Sum: 14.6]
      [Update RS (ms): Min: 0.4, Avg: 0.6, Max: 0.7, Diff: 0.3, Sum: 2.3]
         [Processed Buffers: Min: 1, Avg: 8.5, Max: 18, Diff: 17, Sum: 34]
      [Scan RS (ms): Min: 0.0, Avg: 0.7, Max: 1.4, Diff: 1.4, Sum: 2.8]
      [Code Root Scanning (ms): Min: 0.0, Avg: 0.0, Max: 0.1, Diff: 0.1, Sum: 0.1]
      [Object Copy (ms): Min: 3.8, Avg: 4.5, Max: 5.8, Diff: 2.0, Sum: 18.2]
      [Termination (ms): Min: 0.0, Avg: 0.7, Max: 1.0, Diff: 1.0, Sum: 3.0]
         [Termination Attempts: Min: 1, Avg: 1.0, Max: 1, Diff: 0, Sum: 4]
      [GC Worker Other (ms): Min: 0.0, Avg: 0.0, Max: 0.0, Diff: 0.0, Sum: 0.1]
      [GC Worker Total (ms): Min: 10.2, Avg: 10.3, Max: 10.4, Diff: 0.2, Sum: 41.1]
      [GC Worker End (ms): Min: 126975349.8, Avg: 126975349.9, Max: 126975350.0, Diff: 0.2]
   [Code Root Fixup: 0.1 ms]
   [Code Root Purge: 0.0 ms]
   [Clear CT: 0.2 ms]
   [Other: 4.2 ms]
      [Choose CSet: 0.0 ms]
      [Ref Proc: 1.7 ms]
      [Ref Enq: 0.0 ms]
      [Redirty Cards: 0.1 ms]
      [Humongous Register: 0.1 ms]
      [Humongous Reclaim: 0.0 ms]
      [Free CSet: 1.1 ms]
   [Eden: 50.0M(50.0M)->0.0B(50.0M) Survivors: 1024.0K->1024.0K Heap: 208.6M(1024.0M)->158.6M(1024.0M)]
 [Times: user=0.02 sys=0.02, real=0.01 secs] 
2024-03-08T08:00:54.649+0300: 129311.003: [GC pause (G1 Evacuation Pause) (young), 0.0077793 secs]
   [Parallel Time: 4.0 ms, GC Workers: 4]
      [GC Worker Start (ms): Min: 129311003.7, Avg: 129311003.8, Max: 129311003.9, Diff: 0.2]
      [Ext Root Scanning (ms): Min: 1.1, Avg: 1.4, Max: 1.8, Diff: 0.7, Sum: 5.4]
      [Update RS (ms): Min: 0.0, Avg: 0.7, Max: 1.1, Diff: 1.1, Sum: 2.9]
         [Processed Buffers: Min: 0, Avg: 9.2, Max: 25, Diff: 25, Sum: 37]
      [Scan RS (ms): Min: 0.0, Avg: 0.0, Max: 0.1, Diff: 0.1, Sum: 0.2]
      [Code Root Scanning (ms): Min: 0.0, Avg: 0.2, Max: 0.6, Diff: 0.6, Sum: 0.6]
      [Object Copy (ms): Min: 0.7, Avg: 1.2, Max: 1.6, Diff: 0.9, Sum: 4.6]
      [Termination (ms): Min: 0.0, Avg: 0.3, Max: 0.5, Diff: 0.5, Sum: 1.2]
         [Termination Attempts: Min: 1, Avg: 1.0, Max: 1, Diff: 0, Sum: 4]
      [GC Worker Other (ms): Min: 0.0, Avg: 0.0, Max: 0.0, Diff: 0.0, Sum: 0.1]
      [GC Worker Total (ms): Min: 3.5, Avg: 3.7, Max: 3.9, Diff: 0.4, Sum: 15.0]
      [GC Worker End (ms): Min: 129311007.4, Avg: 129311007.5, Max: 129311007.7, Diff: 0.2]
   [Code Root Fixup: 0.1 ms]
   [Code Root Purge: 0.0 ms]
   [Clear CT: 0.1 ms]
   [Other: 3.6 ms]
      [Choose CSet: 0.0 ms]
      [Ref Proc: 2.5 ms]
      [Ref Enq: 0.0 ms]
      [Redirty Cards: 0.1 ms]
      [Humongous Register: 0.1 ms]
      [Humongous Reclaim: 0.0 ms]
      [Free CSet: 0.0 ms]
   [Eden: 50.0M(50.0M)->0.0B(50.0M) Survivors: 1024.0K->1024.0K Heap: 208.6M(1024.0M)->158.6M(1024.0M)]
 [Times: user=0.01 sys=0.00, real=0.02 secs] 
2024-03-09T07:32:52.779+0300: 131650.186: [GC pause (G1 Evacuation Pause) (young), 0.0198333 secs]
   [Parallel Time: 15.3 ms, GC Workers: 4]
      [GC Worker Start (ms): Min: 131650186.6, Avg: 131650187.2, Max: 131650188.0, Diff: 1.4]
      [Ext Root Scanning (ms): Min: 1.7, Avg: 5.3, Max: 14.2, Diff: 12.5, Sum: 21.4]
      [Update RS (ms): Min: 0.0, Avg: 0.9, Max: 1.4, Diff: 1.4, Sum: 3.6]
         [Processed Buffers: Min: 0, Avg: 9.0, Max: 33, Diff: 33, Sum: 36]
      [Scan RS (ms): Min: 0.0, Avg: 0.0, Max: 0.0, Diff: 0.0, Sum: 0.0]
      [Code Root Scanning (ms): Min: 0.0, Avg: 0.0, Max: 0.1, Diff: 0.1, Sum: 0.1]
      [Object Copy (ms): Min: 0.0, Avg: 6.0, Max: 9.9, Diff: 9.9, Sum: 23.9]
      [Termination (ms): Min: 0.0, Avg: 1.7, Max: 5.9, Diff: 5.9, Sum: 6.8]
         [Termination Attempts: Min: 1, Avg: 2.8, Max: 7, Diff: 6, Sum: 11]
      [GC Worker Other (ms): Min: 0.0, Avg: 0.4, Max: 1.6, Diff: 1.6, Sum: 1.7]
      [GC Worker Total (ms): Min: 13.5, Avg: 14.4, Max: 15.1, Diff: 1.6, Sum: 57.5]
      [GC Worker End (ms): Min: 131650201.5, Avg: 131650201.5, Max: 131650201.6, Diff: 0.1]
   [Code Root Fixup: 0.1 ms]
   [Code Root Purge: 0.0 ms]
   [Clear CT: 0.1 ms]
   [Other: 4.4 ms]
      [Choose CSet: 0.0 ms]
      [Ref Proc: 3.6 ms]
      [Ref Enq: 0.0 ms]
      [Redirty Cards: 0.1 ms]
      [Humongous Register: 0.0 ms]
      [Humongous Reclaim: 0.0 ms]
      [Free CSet: 0.1 ms]
   [Eden: 50.0M(50.0M)->0.0B(50.0M) Survivors: 1024.0K->1024.0K Heap: 208.6M(1024.0M)->158.7M(1024.0M)]
 [Times: user=0.02 sys=0.02, real=0.03 secs] 
2024-03-09T21:32:13.364+0300: 133989.565: [GC pause (G1 Evacuation Pause) (young), 0.0063084 secs]
   [Parallel Time: 3.5 ms, GC Workers: 4]
      [GC Worker Start (ms): Min: 133989564.7, Avg: 133989564.7, Max: 133989564.8, Diff: 0.1]
      [Ext Root Scanning (ms): Min: 0.6, Avg: 1.0, Max: 1.5, Diff: 0.9, Sum: 4.2]
      [Update RS (ms): Min: 0.0, Avg: 0.5, Max: 0.8, Diff: 0.8, Sum: 2.0]
         [Processed Buffers: Min: 0, Avg: 8.8, Max: 17, Diff: 17, Sum: 35]
      [Scan RS (ms): Min: 0.0, Avg: 0.0, Max: 0.0, Diff: 0.0, Sum: 0.0]
      [Code Root Scanning (ms): Min: 0.0, Avg: 0.0, Max: 0.1, Diff: 0.1, Sum: 0.1]
      [Object Copy (ms): Min: 0.5, Avg: 1.3, Max: 2.0, Diff: 1.5, Sum: 5.3]
      [Termination (ms): Min: 0.0, Avg: 0.4, Max: 0.8, Diff: 0.8, Sum: 1.8]
         [Termination Attempts: Min: 1, Avg: 1.0, Max: 1, Diff: 0, Sum: 4]
      [GC Worker Other (ms): Min: 0.0, Avg: 0.0, Max: 0.0, Diff: 0.0, Sum: 0.1]
      [GC Worker Total (ms): Min: 3.1, Avg: 3.3, Max: 3.5, Diff: 0.3, Sum: 13.3]
      [GC Worker End (ms): Min: 133989567.9, Avg: 133989568.0, Max: 133989568.1, Diff: 0.2]
   [Code Root Fixup: 0.1 ms]
   [Code Root Purge: 0.0 ms]
   [Clear CT: 0.1 ms]
   [Other: 2.6 ms]
      [Choose CSet: 0.0 ms]
      [Ref Proc: 2.2 ms]
      [Ref Enq: 0.0 ms]
      [Redirty Cards: 0.1 ms]
      [Humongous Register: 0.0 ms]
      [Humongous Reclaim: 0.0 ms]
      [Free CSet: 0.0 ms]
   [Eden: 50.0M(50.0M)->0.0B(50.0M) Survivors: 1024.0K->1024.0K Heap: 208.7M(1024.0M)->158.6M(1024.0M)]
 [Times: user=0.01 sys=0.00, real=0.01 secs] 
2024-03-10T07:40:51.811+0300: 136334.569: [GC pause (G1 Evacuation Pause) (young), 0.0141878 secs]
   [Parallel Time: 8.4 ms, GC Workers: 4]
      [GC Worker Start (ms): Min: 136334569.7, Avg: 136334569.7, Max: 136334569.8, Diff: 0.1]
      [Ext Root Scanning (ms): Min: 1.9, Avg: 3.2, Max: 3.9, Diff: 2.0, Sum: 12.9]
      [Update RS (ms): Min: 1.0, Avg: 1.6, Max: 2.0, Diff: 1.0, Sum: 6.3]
         [Processed Buffers: Min: 1, Avg: 9.0, Max: 33, Diff: 32, Sum: 36]
      [Scan RS (ms): Min: 0.0, Avg: 0.0, Max: 0.0, Diff: 0.0, Sum: 0.1]
      [Code Root Scanning (ms): Min: 0.0, Avg: 0.0, Max: 0.1, Diff: 0.1, Sum: 0.1]
      [Object Copy (ms): Min: 2.2, Avg: 2.9, Max: 3.8, Diff: 1.6, Sum: 11.8]
      [Termination (ms): Min: 0.0, Avg: 0.3, Max: 0.6, Diff: 0.6, Sum: 1.1]
         [Termination Attempts: Min: 1, Avg: 1.0, Max: 1, Diff: 0, Sum: 4]
      [GC Worker Other (ms): Min: 0.0, Avg: 0.0, Max: 0.0, Diff: 0.0, Sum: 0.1]
      [GC Worker Total (ms): Min: 8.0, Avg: 8.1, Max: 8.3, Diff: 0.3, Sum: 32.4]
      [GC Worker End (ms): Min: 136334577.7, Avg: 136334577.8, Max: 136334578.0, Diff: 0.3]
   [Code Root Fixup: 0.1 ms]
   [Code Root Purge: 0.0 ms]
   [Clear CT: 0.1 ms]
   [Other: 5.6 ms]
      [Choose CSet: 0.0 ms]
      [Ref Proc: 5.0 ms]
      [Ref Enq: 0.0 ms]
      [Redirty Cards: 0.2 ms]
      [Humongous Register: 0.1 ms]
      [Humongous Reclaim: 0.0 ms]
      [Free CSet: 0.0 ms]
   [Eden: 50.0M(50.0M)->0.0B(50.0M) Survivors: 1024.0K->1024.0K Heap: 208.6M(1024.0M)->158.7M(1024.0M)]
 [Times: user=0.01 sys=0.01, real=0.01 secs] 
2024-03-11T07:14:10.372+0300: 138669.290: [GC pause (G1 Evacuation Pause) (young), 0.0418143 secs]
   [Parallel Time: 28.4 ms, GC Workers: 4]
      [GC Worker Start (ms): Min: 138669300.8, Avg: 138669301.0, Max: 138669301.1, Diff: 0.4]
      [Ext Root Scanning (ms): Min: 5.7, Avg: 9.9, Max: 21.2, Diff: 15.5, Sum: 39.7]
      [Update RS (ms): Min: 0.0, Avg: 3.0, Max: 4.2, Diff: 4.2, Sum: 12.0]
         [Processed Buffers: Min: 0, Avg: 8.8, Max: 27, Diff: 27, Sum: 35]
      [Scan RS (ms): Min: 0.0, Avg: 0.0, Max: 0.0, Diff: 0.0, Sum: 0.0]
      [Code Root Scanning (ms): Min: 0.0, Avg: 0.4, Max: 1.6, Diff: 1.6, Sum: 1.6]
      [Object Copy (ms): Min: 0.0, Avg: 8.4, Max: 14.5, Diff: 14.5, Sum: 33.5]
      [Termination (ms): Min: 0.0, Avg: 4.9, Max: 11.3, Diff: 11.3, Sum: 19.7]
         [Termination Attempts: Min: 1, Avg: 8.0, Max: 18, Diff: 17, Sum: 32]
      [GC Worker Other (ms): Min: 0.0, Avg: 1.2, Max: 2.3, Diff: 2.3, Sum: 4.9]
      [GC Worker Total (ms): Min: 27.7, Avg: 27.9, Max: 28.1, Diff: 0.4, Sum: 111.5]
      [GC Worker End (ms): Min: 138669328.8, Avg: 138669328.9, Max: 138669329.0, Diff: 0.2]
   [Code Root Fixup: 0.1 ms]
   [Code Root Purge: 0.0 ms]
   [Clear CT: 1.0 ms]
   [Other: 12.3 ms]
      [Choose CSet: 0.0 ms]
      [Ref Proc: 1.3 ms]
      [Ref Enq: 0.0 ms]
      [Redirty Cards: 0.1 ms]
      [Humongous Register: 5.8 ms]
      [Humongous Reclaim: 0.0 ms]
      [Free CSet: 0.0 ms]
   [Eden: 50.0M(50.0M)->0.0B(50.0M) Survivors: 1024.0K->1024.0K Heap: 208.7M(1024.0M)->158.6M(1024.0M)]
 [Times: user=0.03 sys=0.06, real=0.04 secs] 
2024-03-11T07:53:12.406+0300: 141011.453: [GC pause (G1 Evacuation Pause) (young), 0.0153133 secs]
   [Parallel Time: 12.8 ms, GC Workers: 4]
      [GC Worker Start (ms): Min: 141011454.6, Avg: 141011454.7, Max: 141011454.7, Diff: 0.1]
      [Ext Root Scanning (ms): Min: 0.5, Avg: 6.0, Max: 11.8, Diff: 11.4, Sum: 23.9]
      [Update RS (ms): Min: 0.0, Avg: 0.6, Max: 1.5, Diff: 1.5, Sum: 2.6]
         [Processed Buffers: Min: 0, Avg: 9.0, Max: 31, Diff: 31, Sum: 36]
      [Scan RS (ms): Min: 0.0, Avg: 0.0, Max: 0.0, Diff: 0.0, Sum: 0.1]
      [Code Root Scanning (ms): Min: 0.0, Avg: 0.0, Max: 0.1, Diff: 0.1, Sum: 0.1]
      [Object Copy (ms): Min: 0.3, Avg: 4.3, Max: 8.8, Diff: 8.4, Sum: 17.4]
      [Termination (ms): Min: 0.0, Avg: 1.3, Max: 3.2, Diff: 3.2, Sum: 5.1]
         [Termination Attempts: Min: 1, Avg: 1.5, Max: 3, Diff: 2, Sum: 6]
      [GC Worker Other (ms): Min: 0.0, Avg: 0.3, Max: 1.2, Diff: 1.2, Sum: 1.3]
      [GC Worker Total (ms): Min: 12.5, Avg: 12.6, Max: 12.7, Diff: 0.2, Sum: 50.4]
      [GC Worker End (ms): Min: 141011467.2, Avg: 141011467.3, Max: 141011467.4, Diff: 0.1]
   [Code Root Fixup: 0.1 ms]
   [Code Root Purge: 0.0 ms]
   [Clear CT: 0.1 ms]
   [Other: 2.3 ms]
      [Choose CSet: 0.0 ms]
      [Ref Proc: 0.6 ms]
      [Ref Enq: 0.0 ms]
      [Redirty Cards: 0.1 ms]
      [Humongous Register: 0.0 ms]
      [Humongous Reclaim: 0.0 ms]
      [Free CSet: 0.1 ms]
   [Eden: 50.0M(50.0M)->0.0B(50.0M) Survivors: 1024.0K->1024.0K Heap: 208.6M(1024.0M)->158.7M(1024.0M)]
 [Times: user=0.02 sys=0.03, real=0.02 secs] 
2024-03-12T09:50:53.939+0300: 143354.590: [GC pause (G1 Evacuation Pause) (young), 0.0728024 secs]
   [Parallel Time: 54.8 ms, GC Workers: 4]
      [GC Worker Start (ms): Min: 143354602.6, Avg: 143354602.9, Max: 143354603.1, Diff: 0.4]
      [Ext Root Scanning (ms): Min: 10.8, Avg: 15.3, Max: 26.8, Diff: 16.0, Sum: 61.2]
      [Update RS (ms): Min: 0.0, Avg: 3.5, Max: 5.7, Diff: 5.7, Sum: 13.9]
         [Processed Buffers: Min: 0, Avg: 8.5, Max: 32, Diff: 32, Sum: 34]
      [Scan RS (ms): Min: 0.0, Avg: 0.0, Max: 0.0, Diff: 0.0, Sum: 0.0]
      [Code Root Scanning (ms): Min: 0.0, Avg: 0.4, Max: 1.5, Diff: 1.5, Sum: 1.5]
      [Object Copy (ms): Min: 7.6, Avg: 19.5, Max: 35.9, Diff: 28.3, Sum: 78.0]
      [Termination (ms): Min: 0.0, Avg: 14.2, Max: 24.1, Diff: 24.1, Sum: 56.7]
         [Termination Attempts: Min: 1, Avg: 21.8, Max: 39, Diff: 38, Sum: 87]
      [GC Worker Other (ms): Min: 0.0, Avg: 1.6, Max: 3.2, Diff: 3.1, Sum: 6.3]
      [GC Worker Total (ms): Min: 54.2, Avg: 54.4, Max: 54.6, Diff: 0.5, Sum: 217.6]
      [GC Worker End (ms): Min: 143354657.2, Avg: 143354657.3, Max: 143354657.3, Diff: 0.1]
   [Code Root Fixup: 0.1 ms]
   [Code Root Purge: 0.0 ms]
   [Clear CT: 1.1 ms]
   [Other: 16.8 ms]
      [Choose CSet: 0.0 ms]
      [Ref Proc: 0.7 ms]
      [Ref Enq: 0.0 ms]
      [Redirty Cards: 0.1 ms]
      [Humongous Register: 9.8 ms]
      [Humongous Reclaim: 0.0 ms]
      [Free CSet: 0.9 ms]
   [Eden: 50.0M(50.0M)->0.0B(50.0M) Survivors: 1024.0K->1024.0K Heap: 208.7M(1024.0M)->158.6M(1024.0M)]
 [Times: user=0.07 sys=0.08, real=0.08 secs] 
2024-03-12T10:29:51.345+0300: 145692.000: [GC pause (G1 Evacuation Pause) (young), 0.0098085 secs]
   [Parallel Time: 5.1 ms, GC Workers: 4]
      [GC Worker Start (ms): Min: 145692000.0, Avg: 145692000.0, Max: 145692000.1, Diff: 0.1]
      [Ext Root Scanning (ms): Min: 1.5, Avg: 1.7, Max: 2.1, Diff: 0.6, Sum: 7.0]
      [Update RS (ms): Min: 0.9, Avg: 1.3, Max: 1.7, Diff: 0.8, Sum: 5.0]
         [Processed Buffers: Min: 1, Avg: 8.8, Max: 22, Diff: 21, Sum: 35]
      [Scan RS (ms): Min: 0.0, Avg: 0.0, Max: 0.0, Diff: 0.0, Sum: 0.1]
      [Code Root Scanning (ms): Min: 0.0, Avg: 0.3, Max: 1.0, Diff: 1.0, Sum: 1.0]
      [Object Copy (ms): Min: 0.9, Avg: 1.6, Max: 2.0, Diff: 1.1, Sum: 6.3]
      [Termination (ms): Min: 0.0, Avg: 0.1, Max: 0.1, Diff: 0.1, Sum: 0.2]
         [Termination Attempts: Min: 1, Avg: 1.0, Max: 1, Diff: 0, Sum: 4]
      [GC Worker Other (ms): Min: 0.0, Avg: 0.0, Max: 0.0, Diff: 0.0, Sum: 0.1]
      [GC Worker Total (ms): Min: 4.9, Avg: 4.9, Max: 5.0, Diff: 0.0, Sum: 19.8]
      [GC Worker End (ms): Min: 145692005.0, Avg: 145692005.0, Max: 145692005.0, Diff: 0.0]
   [Code Root Fixup: 0.1 ms]
   [Code Root Purge: 0.0 ms]
   [Clear CT: 0.1 ms]
   [Other: 4.6 ms]
      [Choose CSet: 0.0 ms]
      [Ref Proc: 4.1 ms]
      [Ref Enq: 0.0 ms]
      [Redirty Cards: 0.1 ms]
      [Humongous Register: 0.0 ms]
      [Humongous Reclaim: 0.0 ms]
      [Free CSet: 0.0 ms]
   [Eden: 50.0M(50.0M)->0.0B(50.0M) Survivors: 1024.0K->1024.0K Heap: 208.6M(1024.0M)->158.6M(1024.0M)]
 [Times: user=0.01 sys=0.00, real=0.01 secs] 
2024-03-13T07:30:38.710+0300: 148029.638: [GC pause (G1 Evacuation Pause) (young), 0.1952949 secs]
   [Parallel Time: 129.3 ms, GC Workers: 4]
      [GC Worker Start (ms): Min: 148029675.2, Avg: 148029675.4, Max: 148029675.5, Diff: 0.3]
      [Ext Root Scanning (ms): Min: 87.6, Avg: 102.3, Max: 117.2, Diff: 29.7, Sum: 409.4]
      [Update RS (ms): Min: 0.0, Avg: 2.7, Max: 5.5, Diff: 5.5, Sum: 11.0]
         [Processed Buffers: Min: 0, Avg: 9.0, Max: 29, Diff: 29, Sum: 36]
      [Scan RS (ms): Min: 0.0, Avg: 0.0, Max: 0.0, Diff: 0.0, Sum: 0.0]
      [Code Root Scanning (ms): Min: 0.0, Avg: 0.2, Max: 1.0, Diff: 1.0, Sum: 1.0]
      [Object Copy (ms): Min: 1.2, Avg: 13.7, Max: 26.2, Diff: 25.0, Sum: 54.6]
      [Termination (ms): Min: 0.0, Avg: 2.0, Max: 4.3, Diff: 4.3, Sum: 8.0]
         [Termination Attempts: Min: 1, Avg: 3.5, Max: 5, Diff: 4, Sum: 14]
      [GC Worker Other (ms): Min: 6.6, Avg: 6.8, Max: 7.0, Diff: 0.4, Sum: 27.1]
      [GC Worker Total (ms): Min: 127.6, Avg: 127.8, Max: 127.9, Diff: 0.3, Sum: 511.1]
      [GC Worker End (ms): Min: 148029803.1, Avg: 148029803.2, Max: 148029803.3, Diff: 0.2]
   [Code Root Fixup: 0.1 ms]
   [Code Root Purge: 0.0 ms]
   [Clear CT: 0.2 ms]
   [Other: 65.7 ms]
      [Choose CSet: 0.0 ms]
      [Ref Proc: 14.4 ms]
      [Ref Enq: 0.0 ms]
      [Redirty Cards: 0.1 ms]
      [Humongous Register: 7.0 ms]
      [Humongous Reclaim: 0.0 ms]
      [Free CSet: 0.3 ms]
   [Eden: 50.0M(50.0M)->0.0B(50.0M) Survivors: 1024.0K->1024.0K Heap: 208.6M(1024.0M)->158.7M(1024.0M)]
 [Times: user=0.02 sys=0.10, real=0.20 secs] 
2024-03-14T07:07:00.675+0300: 150370.744: [GC pause (G1 Evacuation Pause) (young), 0.0651606 secs]
   [Parallel Time: 51.2 ms, GC Workers: 4]
      [GC Worker Start (ms): Min: 150370751.5, Avg: 150370751.6, Max: 150370751.7, Diff: 0.2]
      [Ext Root Scanning (ms): Min: 8.0, Avg: 11.0, Max: 18.9, Diff: 10.9, Sum: 44.1]
      [Update RS (ms): Min: 0.0, Avg: 3.2, Max: 7.6, Diff: 7.6, Sum: 12.8]
         [Processed Buffers: Min: 0, Avg: 9.0, Max: 32, Diff: 32, Sum: 36]
      [Scan RS (ms): Min: 0.0, Avg: 0.0, Max: 0.0, Diff: 0.0, Sum: 0.0]
      [Code Root Scanning (ms): Min: 0.0, Avg: 0.0, Max: 0.2, Diff: 0.2, Sum: 0.2]
      [Object Copy (ms): Min: 3.5, Avg: 20.6, Max: 38.9, Diff: 35.4, Sum: 82.3]
      [Termination (ms): Min: 0.0, Avg: 15.4, Max: 30.7, Diff: 30.7, Sum: 61.7]
         [Termination Attempts: Min: 1, Avg: 18.5, Max: 38, Diff: 37, Sum: 74]
      [GC Worker Other (ms): Min: 0.1, Avg: 0.4, Max: 0.9, Diff: 0.8, Sum: 1.8]
      [GC Worker Total (ms): Min: 50.6, Avg: 50.7, Max: 50.9, Diff: 0.3, Sum: 202.8]
      [GC Worker End (ms): Min: 150370802.3, Avg: 150370802.3, Max: 150370802.4, Diff: 0.1]
   [Code Root Fixup: 0.1 ms]
   [Code Root Purge: 0.0 ms]
   [Clear CT: 0.1 ms]
   [Other: 13.8 ms]
      [Choose CSet: 0.0 ms]
      [Ref Proc: 5.5 ms]
      [Ref Enq: 0.0 ms]
      [Redirty Cards: 0.3 ms]
      [Humongous Register: 2.8 ms]
      [Humongous Reclaim: 0.0 ms]
      [Free CSet: 0.1 ms]
   [Eden: 50.0M(50.0M)->0.0B(50.0M) Survivors: 1024.0K->1024.0K Heap: 208.7M(1024.0M)->158.6M(1024.0M)]
 [Times: user=0.03 sys=0.07, real=0.07 secs] 
2024-03-14T07:46:04.502+0300: 152714.571: [GC pause (G1 Evacuation Pause) (young), 0.0080405 secs]
   [Parallel Time: 4.5 ms, GC Workers: 4]
      [GC Worker Start (ms): Min: 152714571.2, Avg: 152714571.2, Max: 152714571.3, Diff: 0.2]
      [Ext Root Scanning (ms): Min: 0.7, Avg: 1.3, Max: 1.7, Diff: 1.1, Sum: 5.2]
      [Update RS (ms): Min: 0.3, Avg: 0.6, Max: 0.8, Diff: 0.5, Sum: 2.2]
         [Processed Buffers: Min: 3, Avg: 9.0, Max: 14, Diff: 11, Sum: 36]
      [Scan RS (ms): Min: 0.0, Avg: 0.0, Max: 0.0, Diff: 0.0, Sum: 0.0]
      [Code Root Scanning (ms): Min: 0.0, Avg: 0.0, Max: 0.0, Diff: 0.0, Sum: 0.0]
      [Object Copy (ms): Min: 1.5, Avg: 1.8, Max: 2.1, Diff: 0.7, Sum: 7.4]
      [Termination (ms): Min: 0.0, Avg: 0.4, Max: 0.5, Diff: 0.5, Sum: 1.4]
         [Termination Attempts: Min: 1, Avg: 1.0, Max: 1, Diff: 0, Sum: 4]
      [GC Worker Other (ms): Min: 0.0, Avg: 0.2, Max: 0.9, Diff: 0.9, Sum: 1.0]
      [GC Worker Total (ms): Min: 4.2, Avg: 4.3, Max: 4.4, Diff: 0.1, Sum: 17.2]
      [GC Worker End (ms): Min: 152714575.4, Avg: 152714575.5, Max: 152714575.6, Diff: 0.1]
   [Code Root Fixup: 0.1 ms]
   [Code Root Purge: 0.0 ms]
   [Clear CT: 0.1 ms]
   [Other: 3.4 ms]
      [Choose CSet: 0.0 ms]
      [Ref Proc: 3.1 ms]
      [Ref Enq: 0.0 ms]
      [Redirty Cards: 0.1 ms]
      [Humongous Register: 0.0 ms]
      [Humongous Reclaim: 0.0 ms]
      [Free CSet: 0.0 ms]
   [Eden: 50.0M(50.0M)->0.0B(50.0M) Survivors: 1024.0K->1024.0K Heap: 208.6M(1024.0M)->158.6M(1024.0M)]
 [Times: user=0.01 sys=0.00, real=0.01 secs] 
2024-03-15T07:18:02.792+0300: 155054.573: [GC pause (G1 Evacuation Pause) (young), 0.0083494 secs]
   [Parallel Time: 7.0 ms, GC Workers: 4]
      [GC Worker Start (ms): Min: 155054572.7, Avg: 155054572.8, Max: 155054572.8, Diff: 0.1]
      [Ext Root Scanning (ms): Min: 1.9, Avg: 2.1, Max: 2.4, Diff: 0.5, Sum: 8.5]
      [Update RS (ms): Min: 2.8, Avg: 3.2, Max: 3.4, Diff: 0.6, Sum: 12.7]
         [Processed Buffers: Min: 1, Avg: 8.8, Max: 14, Diff: 13, Sum: 35]
      [Scan RS (ms): Min: 0.0, Avg: 0.0, Max: 0.0, Diff: 0.0, Sum: 0.1]
      [Code Root Scanning (ms): Min: 0.0, Avg: 0.0, Max: 0.1, Diff: 0.1, Sum: 0.1]
      [Object Copy (ms): Min: 1.2, Avg: 1.5, Max: 2.1, Diff: 0.9, Sum: 6.0]
      [Termination (ms): Min: 0.0, Avg: 0.0, Max: 0.0, Diff: 0.0, Sum: 0.0]
         [Termination Attempts: Min: 1, Avg: 1.0, Max: 1, Diff: 0, Sum: 4]
      [GC Worker Other (ms): Min: 0.0, Avg: 0.0, Max: 0.1, Diff: 0.0, Sum: 0.2]
      [GC Worker Total (ms): Min: 6.8, Avg: 6.9, Max: 6.9, Diff: 0.1, Sum: 27.5]
      [GC Worker End (ms): Min: 155054579.6, Avg: 155054579.6, Max: 155054579.7, Diff: 0.0]
   [Code Root Fixup: 0.1 ms]
   [Code Root Purge: 0.0 ms]
   [Clear CT: 0.1 ms]
   [Other: 1.1 ms]
      [Choose CSet: 0.0 ms]
      [Ref Proc: 0.6 ms]
      [Ref Enq: 0.0 ms]
      [Redirty Cards: 0.1 ms]
      [Humongous Register: 0.0 ms]
      [Humongous Reclaim: 0.0 ms]
      [Free CSet: 0.0 ms]
   [Eden: 50.0M(50.0M)->0.0B(50.0M) Survivors: 1024.0K->1024.0K Heap: 208.6M(1024.0M)->158.7M(1024.0M)]
 [Times: user=0.01 sys=0.01, real=0.01 secs] 
2024-03-15T07:57:08.116+0300: 157399.908: [GC pause (G1 Evacuation Pause) (young), 0.0091610 secs]
   [Parallel Time: 6.7 ms, GC Workers: 4]
      [GC Worker Start (ms): Min: 157399907.8, Avg: 157399907.8, Max: 157399907.9, Diff: 0.1]
      [Ext Root Scanning (ms): Min: 0.9, Avg: 1.2, Max: 1.4, Diff: 0.5, Sum: 4.7]
      [Update RS (ms): Min: 3.0, Avg: 3.9, Max: 4.8, Diff: 1.8, Sum: 15.5]
         [Processed Buffers: Min: 1, Avg: 8.5, Max: 19, Diff: 18, Sum: 34]
      [Scan RS (ms): Min: 0.0, Avg: 0.0, Max: 0.0, Diff: 0.0, Sum: 0.1]
      [Code Root Scanning (ms): Min: 0.0, Avg: 0.0, Max: 0.0, Diff: 0.0, Sum: 0.0]
      [Object Copy (ms): Min: 0.1, Avg: 1.3, Max: 2.2, Diff: 2.2, Sum: 5.2]
      [Termination (ms): Min: 0.0, Avg: 0.1, Max: 0.3, Diff: 0.3, Sum: 0.6]
         [Termination Attempts: Min: 1, Avg: 1.2, Max: 2, Diff: 1, Sum: 5]
      [GC Worker Other (ms): Min: 0.0, Avg: 0.0, Max: 0.0, Diff: 0.0, Sum: 0.1]
      [GC Worker Total (ms): Min: 6.5, Avg: 6.5, Max: 6.6, Diff: 0.0, Sum: 26.2]
      [GC Worker End (ms): Min: 157399914.4, Avg: 157399914.4, Max: 157399914.4, Diff: 0.0]
   [Code Root Fixup: 0.1 ms]
   [Code Root Purge: 0.0 ms]
   [Clear CT: 0.1 ms]
   [Other: 2.3 ms]
      [Choose CSet: 0.0 ms]
      [Ref Proc: 1.8 ms]
      [Ref Enq: 0.0 ms]
      [Redirty Cards: 0.1 ms]
      [Humongous Register: 0.0 ms]
      [Humongous Reclaim: 0.0 ms]
      [Free CSet: 0.0 ms]
   [Eden: 50.0M(50.0M)->0.0B(50.0M) Survivors: 1024.0K->1024.0K Heap: 208.7M(1024.0M)->158.6M(1024.0M)]
 [Times: user=0.01 sys=0.01, real=0.01 secs] 
2024-03-16T07:26:27.790+0300: 159736.240: [GC pause (G1 Evacuation Pause) (young), 0.0612949 secs]
   [Parallel Time: 37.1 ms, GC Workers: 4]
      [GC Worker Start (ms): Min: 159736261.4, Avg: 159736261.6, Max: 159736261.8, Diff: 0.3]
      [Ext Root Scanning (ms): Min: 14.1, Avg: 18.5, Max: 30.1, Diff: 16.0, Sum: 74.0]
      [Update RS (ms): Min: 0.0, Avg: 3.0, Max: 4.3, Diff: 4.3, Sum: 11.8]
         [Processed Buffers: Min: 0, Avg: 9.2, Max: 23, Diff: 23, Sum: 37]
      [Scan RS (ms): Min: 0.0, Avg: 0.0, Max: 0.0, Diff: 0.0, Sum: 0.0]
      [Code Root Scanning (ms): Min: 0.0, Avg: 0.0, Max: 0.0, Diff: 0.0, Sum: 0.0]
      [Object Copy (ms): Min: 0.0, Avg: 8.5, Max: 16.4, Diff: 16.4, Sum: 33.8]
      [Termination (ms): Min: 0.0, Avg: 5.3, Max: 15.4, Diff: 15.4, Sum: 21.2]
         [Termination Attempts: Min: 1, Avg: 9.8, Max: 27, Diff: 26, Sum: 39]
      [GC Worker Other (ms): Min: 0.0, Avg: 0.4, Max: 1.2, Diff: 1.1, Sum: 1.5]
      [GC Worker Total (ms): Min: 35.4, Avg: 35.6, Max: 35.9, Diff: 0.4, Sum: 142.4]
      [GC Worker End (ms): Min: 159736297.2, Avg: 159736297.2, Max: 159736297.3, Diff: 0.1]
   [Code Root Fixup: 0.1 ms]
   [Code Root Purge: 0.0 ms]
   [Clear CT: 0.1 ms]
   [Other: 24.0 ms]
      [Choose CSet: 0.0 ms]
      [Ref Proc: 3.1 ms]
      [Ref Enq: 0.0 ms]
      [Redirty Cards: 0.1 ms]
      [Humongous Register: 11.6 ms]
      [Humongous Reclaim: 0.0 ms]
      [Free CSet: 0.1 ms]
   [Eden: 50.0M(50.0M)->0.0B(50.0M) Survivors: 1024.0K->1024.0K Heap: 208.6M(1024.0M)->158.6M(1024.0M)]
 [Times: user=0.03 sys=0.07, real=0.06 secs] 
2024-03-16T11:50:14.974+0300: 162069.565: [GC pause (G1 Evacuation Pause) (young), 0.0060246 secs]
   [Parallel Time: 4.4 ms, GC Workers: 4]
      [GC Worker Start (ms): Min: 162069565.4, Avg: 162069565.5, Max: 162069565.6, Diff: 0.2]
      [Ext Root Scanning (ms): Min: 0.9, Avg: 1.5, Max: 2.4, Diff: 1.5, Sum: 6.0]
      [Update RS (ms): Min: 0.0, Avg: 0.3, Max: 0.6, Diff: 0.6, Sum: 1.1]
         [Processed Buffers: Min: 0, Avg: 9.2, Max: 26, Diff: 26, Sum: 37]
      [Scan RS (ms): Min: 0.0, Avg: 0.0, Max: 0.0, Diff: 0.0, Sum: 0.0]
      [Code Root Scanning (ms): Min: 0.0, Avg: 0.0, Max: 0.0, Diff: 0.0, Sum: 0.0]
      [Object Copy (ms): Min: 1.6, Avg: 1.8, Max: 2.4, Diff: 0.8, Sum: 7.3]
      [Termination (ms): Min: 0.0, Avg: 0.5, Max: 0.9, Diff: 0.9, Sum: 1.9]
         [Termination Attempts: Min: 1, Avg: 1.0, Max: 1, Diff: 0, Sum: 4]
      [GC Worker Other (ms): Min: 0.0, Avg: 0.0, Max: 0.0, Diff: 0.0, Sum: 0.0]
      [GC Worker Total (ms): Min: 4.0, Avg: 4.1, Max: 4.2, Diff: 0.2, Sum: 16.4]
      [GC Worker End (ms): Min: 162069569.6, Avg: 162069569.6, Max: 162069569.7, Diff: 0.2]
   [Code Root Fixup: 0.1 ms]
   [Code Root Purge: 0.0 ms]
   [Clear CT: 0.1 ms]
   [Other: 1.5 ms]
      [Choose CSet: 0.0 ms]
      [Ref Proc: 0.4 ms]
      [Ref Enq: 0.0 ms]
      [Redirty Cards: 0.1 ms]
      [Humongous Register: 0.0 ms]
      [Humongous Reclaim: 0.0 ms]
      [Free CSet: 0.0 ms]
   [Eden: 50.0M(50.0M)->0.0B(50.0M) Survivors: 1024.0K->1024.0K Heap: 208.6M(1024.0M)->158.6M(1024.0M)]
 [Times: user=0.01 sys=0.01, real=0.01 secs] 
2024-03-17T07:37:25.881+0300: 164414.567: [GC pause (G1 Evacuation Pause) (young), 0.0124392 secs]
   [Parallel Time: 4.6 ms, GC Workers: 4]
      [GC Worker Start (ms): Min: 164414567.0, Avg: 164414567.1, Max: 164414567.1, Diff: 0.1]
      [Ext Root Scanning (ms): Min: 1.0, Avg: 1.4, Max: 1.7, Diff: 0.6, Sum: 5.6]
      [Update RS (ms): Min: 0.4, Avg: 1.1, Max: 2.4, Diff: 1.9, Sum: 4.6]
         [Processed Buffers: Min: 1, Avg: 9.5, Max: 30, Diff: 29, Sum: 38]
      [Scan RS (ms): Min: 0.0, Avg: 0.0, Max: 0.0, Diff: 0.0, Sum: 0.0]
      [Code Root Scanning (ms): Min: 0.0, Avg: 0.0, Max: 0.0, Diff: 0.0, Sum: 0.0]
      [Object Copy (ms): Min: 0.2, Avg: 1.5, Max: 2.2, Diff: 2.0, Sum: 5.8]
      [Termination (ms): Min: 0.0, Avg: 0.3, Max: 1.1, Diff: 1.1, Sum: 1.1]
         [Termination Attempts: Min: 1, Avg: 1.0, Max: 1, Diff: 0, Sum: 4]
      [GC Worker Other (ms): Min: 0.0, Avg: 0.0, Max: 0.0, Diff: 0.0, Sum: 0.1]
      [GC Worker Total (ms): Min: 4.2, Avg: 4.3, Max: 4.4, Diff: 0.2, Sum: 17.2]
      [GC Worker End (ms): Min: 164414571.3, Avg: 164414571.4, Max: 164414571.5, Diff: 0.2]
   [Code Root Fixup: 0.1 ms]
   [Code Root Purge: 0.0 ms]
   [Clear CT: 0.1 ms]
   [Other: 7.6 ms]
      [Choose CSet: 0.0 ms]
      [Ref Proc: 7.0 ms]
      [Ref Enq: 0.0 ms]
      [Redirty Cards: 0.1 ms]
      [Humongous Register: 0.0 ms]
      [Humongous Reclaim: 0.0 ms]
      [Free CSet: 0.0 ms]
   [Eden: 50.0M(50.0M)->0.0B(50.0M) Survivors: 1024.0K->1024.0K Heap: 208.6M(1024.0M)->158.6M(1024.0M)]
 [Times: user=0.01 sys=0.01, real=0.01 secs] 
2024-03-17T18:40:48.879+0300: 166751.249: [GC pause (G1 Evacuation Pause) (young), 0.1072176 secs]
   [Parallel Time: 80.7 ms, GC Workers: 4]
      [GC Worker Start (ms): Min: 166751270.1, Avg: 166751270.2, Max: 166751270.3, Diff: 0.2]
      [Ext Root Scanning (ms): Min: 9.1, Avg: 13.8, Max: 27.0, Diff: 17.9, Sum: 55.1]
      [Update RS (ms): Min: 0.0, Avg: 2.5, Max: 3.6, Diff: 3.6, Sum: 10.1]
         [Processed Buffers: Min: 0, Avg: 8.5, Max: 18, Diff: 18, Sum: 34]
      [Scan RS (ms): Min: 0.0, Avg: 0.0, Max: 0.0, Diff: 0.0, Sum: 0.0]
      [Code Root Scanning (ms): Min: 0.0, Avg: 0.0, Max: 0.0, Diff: 0.0, Sum: 0.0]
      [Object Copy (ms): Min: 3.5, Avg: 34.4, Max: 64.4, Diff: 60.8, Sum: 137.8]
      [Termination (ms): Min: 0.8, Avg: 28.1, Max: 57.3, Diff: 56.5, Sum: 112.6]
         [Termination Attempts: Min: 2, Avg: 36.5, Max: 84, Diff: 82, Sum: 146]
      [GC Worker Other (ms): Min: 0.1, Avg: 1.0, Max: 1.7, Diff: 1.7, Sum: 3.8]
      [GC Worker Total (ms): Min: 79.8, Avg: 79.9, Max: 80.0, Diff: 0.2, Sum: 319.4]
      [GC Worker End (ms): Min: 166751350.0, Avg: 166751350.0, Max: 166751350.1, Diff: 0.0]
   [Code Root Fixup: 0.1 ms]
   [Code Root Purge: 0.0 ms]
   [Clear CT: 0.8 ms]
   [Other: 25.6 ms]
      [Choose CSet: 0.0 ms]
      [Ref Proc: 1.8 ms]
      [Ref Enq: 0.0 ms]
      [Redirty Cards: 0.1 ms]
      [Humongous Register: 5.7 ms]
      [Humongous Reclaim: 0.0 ms]
      [Free CSet: 0.1 ms]
   [Eden: 50.0M(50.0M)->0.0B(50.0M) Survivors: 1024.0K->1024.0K Heap: 208.6M(1024.0M)->158.6M(1024.0M)]
 [Times: user=0.12 sys=0.10, real=0.12 secs] 
2024-03-18T07:34:06.294+0300: 169091.003: [GC pause (G1 Evacuation Pause) (young), 0.0097014 secs]
   [Parallel Time: 5.3 ms, GC Workers: 4]
      [GC Worker Start (ms): Min: 169091004.4, Avg: 169091004.4, Max: 169091004.4, Diff: 0.1]
      [Ext Root Scanning (ms): Min: 1.8, Avg: 2.2, Max: 2.3, Diff: 0.5, Sum: 8.6]
      [Update RS (ms): Min: 0.7, Avg: 1.6, Max: 2.3, Diff: 1.6, Sum: 6.5]
         [Processed Buffers: Min: 1, Avg: 9.2, Max: 31, Diff: 30, Sum: 37]
      [Scan RS (ms): Min: 0.0, Avg: 0.0, Max: 0.0, Diff: 0.0, Sum: 0.1]
      [Code Root Scanning (ms): Min: 0.0, Avg: 0.0, Max: 0.0, Diff: 0.0, Sum: 0.0]
      [Object Copy (ms): Min: 0.2, Avg: 1.1, Max: 1.8, Diff: 1.7, Sum: 4.3]
      [Termination (ms): Min: 0.0, Avg: 0.3, Max: 0.5, Diff: 0.5, Sum: 1.1]
         [Termination Attempts: Min: 1, Avg: 2.0, Max: 3, Diff: 2, Sum: 8]
      [GC Worker Other (ms): Min: 0.0, Avg: 0.0, Max: 0.0, Diff: 0.0, Sum: 0.1]
      [GC Worker Total (ms): Min: 5.1, Avg: 5.2, Max: 5.3, Diff: 0.2, Sum: 20.6]
      [GC Worker End (ms): Min: 169091009.5, Avg: 169091009.6, Max: 169091009.6, Diff: 0.1]
   [Code Root Fixup: 0.1 ms]
   [Code Root Purge: 0.0 ms]
   [Clear CT: 0.2 ms]
   [Other: 4.1 ms]
      [Choose CSet: 0.0 ms]
      [Ref Proc: 2.9 ms]
      [Ref Enq: 0.0 ms]
      [Redirty Cards: 0.1 ms]
      [Humongous Register: 0.8 ms]
      [Humongous Reclaim: 0.0 ms]
      [Free CSet: 0.0 ms]
   [Eden: 50.0M(50.0M)->0.0B(50.0M) Survivors: 1024.0K->1024.0K Heap: 208.6M(1024.0M)->158.6M(1024.0M)]
 [Times: user=0.01 sys=0.01, real=0.01 secs] 
2024-03-18T16:03:22.946+0300: 171439.572: [GC pause (G1 Evacuation Pause) (young), 0.0065284 secs]
   [Parallel Time: 4.4 ms, GC Workers: 4]
      [GC Worker Start (ms): Min: 171439572.2, Avg: 171439572.3, Max: 171439572.3, Diff: 0.1]
      [Ext Root Scanning (ms): Min: 1.0, Avg: 1.4, Max: 2.3, Diff: 1.3, Sum: 5.5]
      [Update RS (ms): Min: 0.0, Avg: 0.3, Max: 0.5, Diff: 0.5, Sum: 1.4]
         [Processed Buffers: Min: 0, Avg: 9.5, Max: 24, Diff: 24, Sum: 38]
      [Scan RS (ms): Min: 0.0, Avg: 0.0, Max: 0.0, Diff: 0.0, Sum: 0.0]
      [Code Root Scanning (ms): Min: 0.0, Avg: 0.0, Max: 0.0, Diff: 0.0, Sum: 0.0]
      [Object Copy (ms): Min: 0.5, Avg: 1.2, Max: 2.0, Diff: 1.4, Sum: 4.7]
      [Termination (ms): Min: 0.5, Avg: 1.3, Max: 2.2, Diff: 1.7, Sum: 5.1]
         [Termination Attempts: Min: 1, Avg: 1.5, Max: 2, Diff: 1, Sum: 6]
      [GC Worker Other (ms): Min: 0.0, Avg: 0.0, Max: 0.0, Diff: 0.0, Sum: 0.1]
      [GC Worker Total (ms): Min: 4.2, Avg: 4.2, Max: 4.3, Diff: 0.2, Sum: 16.9]
      [GC Worker End (ms): Min: 171439576.4, Avg: 171439576.5, Max: 171439576.6, Diff: 0.2]
   [Code Root Fixup: 0.1 ms]
   [Code Root Purge: 0.0 ms]
   [Clear CT: 0.2 ms]
   [Other: 1.8 ms]
      [Choose CSet: 0.0 ms]
      [Ref Proc: 1.4 ms]
      [Ref Enq: 0.0 ms]
      [Redirty Cards: 0.1 ms]
      [Humongous Register: 0.0 ms]
      [Humongous Reclaim: 0.0 ms]
      [Free CSet: 0.0 ms]
   [Eden: 50.0M(50.0M)->0.0B(50.0M) Survivors: 1024.0K->1024.0K Heap: 208.6M(1024.0M)->158.6M(1024.0M)]
 [Times: user=0.01 sys=0.01, real=0.01 secs] 
Heap
 garbage-first heap   total 1048576K, used 171632K [0x0000000780000000, 0x0000000780102000, 0x00000007c0000000)
  region size 1024K, 11 young (11264K), 1 survivors (1024K)
 Metaspace       used 46196K, capacity 51766K, committed 51840K, reserved 1095680K
  class space    used 5782K, capacity 6465K, committed 6528K, reserved 1048576K
